[Mon Jul 13 06:16:11.794542 2020] [autoindex:error] [pid 20631:tid 140031427536640] [client 182.69.210.52:42404] AH01276: Cannot serve directory /mpd/site/public/static/: No matching DirectoryIndex (index.html,index.cgi,index.pl,index.php,index.xhtml,index.htm) found, and server-generated directory index forbidden by Options directive, referer: https://coronastats.co.in/india/districtdetail?name=Uttar%20Pradesh%20Gautam%20Buddha%20Nagar
[Mon Jul 13 06:25:04.577543 2020] [ssl:warn] [pid 20627:tid 140031766731712] AH01909: www.coronastats.co.in:443:0 server certificate does NOT include an ID which matches the server name
[Mon Jul 13 06:42:49.020811 2020] [wsgi:error] [pid 8462:tid 140031637395200] [remote 207.46.13.143:10219] Channel Islands
[Mon Jul 13 06:42:49.179122 2020] [wsgi:error] [pid 8462:tid 140031637395200] [remote 207.46.13.143:10219] [13041719, 571667, 879487, 23194, '43 minutes', 587, 13537, 21, 7, 554429, 7382247, 637, 577, 47, datetime.datetime(2020, 7, 13, 6, 0, 1)]
[Mon Jul 13 08:04:01.520918 2020] [wsgi:error] [pid 8462:tid 140031637395200] [remote 207.46.13.152:9644] Croatia
[Mon Jul 13 08:04:01.672876 2020] [wsgi:error] [pid 8462:tid 140031637395200] [remote 207.46.13.152:9644] [13042564, 571701, 879487, 23194, '34 minutes', 621, 14382, 21, 7, 554429, 7382940, 637, 3722, 119, datetime.datetime(2020, 7, 13, 7, 30, 1)]
[Mon Jul 13 08:48:59.980298 2020] [autoindex:error] [pid 8464:tid 140031494678272] [client 182.69.210.52:42976] AH01276: Cannot serve directory /mpd/site/public/static/: No matching DirectoryIndex (index.html,index.cgi,index.pl,index.php,index.xhtml,index.htm) found, and server-generated directory index forbidden by Options directive, referer: https://coronastats.co.in/india/districtdetail?name=Maharashtra%20Mumbai
[Mon Jul 13 08:50:18.020174 2020] [wsgi:error] [pid 8462:tid 140031603824384] [remote 182.69.210.52:42990] about 0.11786435358226299
[Mon Jul 13 09:24:46.566557 2020] [autoindex:error] [pid 8463:tid 140031570212608] [client 182.69.210.52:43086] AH01276: Cannot serve directory /mpd/site/public/static/: No matching DirectoryIndex (index.html,index.cgi,index.pl,index.php,index.xhtml,index.htm) found, and server-generated directory index forbidden by Options directive, referer: https://coronastats.co.in/india/districtdetail?name=Uttar%20Pradesh%20Gautam%20Buddha%20Nagar
[Mon Jul 13 09:24:50.489663 2020] [wsgi:error] [pid 8462:tid 140031637395200] [remote 182.69.210.52:43086] about 0.0204498078674078
[Mon Jul 13 09:24:56.239206 2020] [autoindex:error] [pid 8463:tid 140031511463680] [client 182.69.210.52:43086] AH01276: Cannot serve directory /mpd/site/public/static/: No matching DirectoryIndex (index.html,index.cgi,index.pl,index.php,index.xhtml,index.htm) found, and server-generated directory index forbidden by Options directive, referer: https://coronastats.co.in/india/districtdetail?name=Maharashtra%20Mumbai
[Mon Jul 13 09:43:08.167709 2020] [wsgi:error] [pid 8462:tid 140031603824384] [remote 182.69.210.52:43492] Algeria
[Mon Jul 13 09:43:08.309320 2020] [wsgi:error] [pid 8462:tid 140031603824384] [remote 182.69.210.52:43492] [13053283, 571859, 879888, 23200, '43 minutes', 779, 25101, 422, 13, 554888, 7391767, 637, 19195, 1011, datetime.datetime(2020, 7, 13, 9, 0, 1)]
[Mon Jul 13 09:44:51.338795 2020] [autoindex:error] [pid 8463:tid 140031377180416] [client 182.69.210.52:43504] AH01276: Cannot serve directory /mpd/site/public/static/: No matching DirectoryIndex (index.html,index.cgi,index.pl,index.php,index.xhtml,index.htm) found, and server-generated directory index forbidden by Options directive, referer: https://coronastats.co.in/india/districtdetail?name=Uttar%20Pradesh%20Ghaziabad
[Mon Jul 13 09:46:17.408356 2020] [autoindex:error] [pid 8463:tid 140031419143936] [client 182.69.210.52:43518] AH01276: Cannot serve directory /mpd/site/public/static/: No matching DirectoryIndex (index.html,index.cgi,index.pl,index.php,index.xhtml,index.htm) found, and server-generated directory index forbidden by Options directive, referer: https://coronastats.co.in/india/districtdetail?name=Uttar%20Pradesh%20Gautam%20Buddha%20Nagar
[Mon Jul 13 10:03:07.996996 2020] [wsgi:error] [pid 8462:tid 140031637395200] [remote 47.31.46.179:22609] tac
[Mon Jul 13 10:06:55.600910 2020] [autoindex:error] [pid 8464:tid 140031570212608] [client 182.69.210.52:61335] AH01276: Cannot serve directory /mpd/site/public/static/: No matching DirectoryIndex (index.html,index.cgi,index.pl,index.php,index.xhtml,index.htm) found, and server-generated directory index forbidden by Options directive, referer: https://coronastats.co.in/india/districtdetail?name=Delhi%20%20South%20West%20Delhi%20%202020-06-22%20%20%20%20%20%2042%20%20%20%20%20%20%20%20%2042%20%20%20%20%20%20%20%20%200%20%20%20%20%20%20%20%20%20%200
[Mon Jul 13 10:06:55.720330 2020] [autoindex:error] [pid 8464:tid 140031536641792] [client 182.69.210.52:61335] AH01276: Cannot serve directory /mpd/site/public/static/: No matching DirectoryIndex (index.html,index.cgi,index.pl,index.php,index.xhtml,index.htm) found, and server-generated directory index forbidden by Options directive, referer: https://coronastats.co.in/india/districtdetail?name=Delhi%20%20South%20West%20Delhi%20%202020-06-22%20%20%20%20%20%2042%20%20%20%20%20%20%20%20%2042%20%20%20%20%20%20%20%20%200%20%20%20%20%20%20%20%20%20%200
[Mon Jul 13 10:07:10.789694 2020] [autoindex:error] [pid 8463:tid 140031503070976] [client 182.69.210.52:61341] AH01276: Cannot serve directory /mpd/site/public/static/: No matching DirectoryIndex (index.html,index.cgi,index.pl,index.php,index.xhtml,index.htm) found, and server-generated directory index forbidden by Options directive, referer: https://coronastats.co.in/india/districtdetail?name=Delhi%20%20South%20West%20Delhi%20%202020-06-22%20%20%20%20%20%2042%20%20%20%20%20%20%20%20%2042%20%20%20%20%20%20%20%20%200%20%20%20%20%20%20%20%20%20%200
[Mon Jul 13 10:08:00.855525 2020] [autoindex:error] [pid 8464:tid 140031553427200] [client 182.69.210.52:61350] AH01276: Cannot serve directory /mpd/site/public/static/: No matching DirectoryIndex (index.html,index.cgi,index.pl,index.php,index.xhtml,index.htm) found, and server-generated directory index forbidden by Options directive, referer: https://coronastats.co.in/india/districtdetail?name=Delhi%20%20South%20West%20Delhi%20%202020-06-22%20%20%20%20%20%2042%20%20%20%20%20%20%20%20%2042%20%20%20%20%20%20%20%20%200%20%20%20%20%20%20%20%20%20%200
[Mon Jul 13 10:09:09.781457 2020] [wsgi:error] [pid 8462:tid 140031603824384] [remote 47.31.46.179:38197] about 0.11320474091917276
[Mon Jul 13 10:09:29.548272 2020] [wsgi:error] [pid 8462:tid 140031603824384] [remote 47.31.46.179:38758] Vietnam
[Mon Jul 13 10:09:29.692266 2020] [wsgi:error] [pid 8462:tid 140031603824384] [remote 47.31.46.179:38758] [13058214, 571981, 879888, 23200, '39 minutes', 901, 30032, 422, 13, 554888, 7399136, 637, 372, 0, datetime.datetime(2020, 7, 13, 9, 30, 1)]
[Mon Jul 13 13:38:16.609374 2020] [wsgi:error] [pid 8462:tid 140031603824384] [remote 40.77.167.99:1871] India
[Mon Jul 13 13:38:16.752467 2020] [wsgi:error] [pid 8462:tid 140031603824384] [remote 40.77.167.99:1871] [13080658, 572539, 888944, 23333, '8 minutes', 1297, 50439, 9478, 146, 560307, 7418544, 644, 888944, 23333, datetime.datetime(2020, 7, 13, 13, 30, 1)]
[Mon Jul 13 13:40:13.476574 2020] [wsgi:error] [pid 8462:tid 140031637395200] [remote 207.46.13.152:14325] Congo
[Mon Jul 13 13:40:13.623225 2020] [wsgi:error] [pid 8462:tid 140031637395200] [remote 207.46.13.152:14325] [13080658, 572539, 888944, 23333, '10 minutes', 1297, 50439, 9478, 146, 560307, 7418544, 644, 2028, 47, datetime.datetime(2020, 7, 13, 13, 30, 1)]
[Mon Jul 13 13:50:57.256920 2020] [wsgi:error] [pid 8462:tid 140031637395200] [remote 157.55.39.235:15054] Trinidad and Tobago
[Mon Jul 13 13:50:57.399823 2020] [wsgi:error] [pid 8462:tid 140031637395200] [remote 157.55.39.235:15054] [13080658, 572539, 888944, 23333, '21 minutes', 1297, 50439, 9478, 146, 560307, 7418544, 644, 133, 8, datetime.datetime(2020, 7, 13, 13, 30, 1)]
[Mon Jul 13 13:52:43.370015 2020] [wsgi:error] [pid 8462:tid 140031603824384] [remote 207.46.13.152:4133] Mozambique
[Mon Jul 13 13:52:43.514459 2020] [wsgi:error] [pid 8462:tid 140031603824384] [remote 207.46.13.152:4133] [13080658, 572539, 888944, 23333, '23 minutes', 1297, 50439, 9478, 146, 560307, 7418544, 644, 1157, 9, datetime.datetime(2020, 7, 13, 13, 30, 1)]
[Mon Jul 13 13:52:47.423343 2020] [wsgi:error] [pid 8462:tid 140031637395200] [remote 40.77.167.99:8641] Thailand
[Mon Jul 13 13:52:47.565486 2020] [wsgi:error] [pid 8462:tid 140031637395200] [remote 40.77.167.99:8641] [13080658, 572539, 888944, 23333, '23 minutes', 1297, 50439, 9478, 146, 560307, 7418544, 644, 3220, 58, datetime.datetime(2020, 7, 13, 13, 30, 1)]
[Mon Jul 13 14:15:48.138468 2020] [autoindex:error] [pid 8464:tid 140031377180416] [client 47.31.46.179:14814] AH01276: Cannot serve directory /mpd/site/public/static/: No matching DirectoryIndex (index.html,index.cgi,index.pl,index.php,index.xhtml,index.htm) found, and server-generated directory index forbidden by Options directive, referer: https://coronastats.co.in/india/districtdetail?name=Uttar%20Pradesh%20Gautam%20Buddha%20Nagar
[Mon Jul 13 14:16:03.582665 2020] [autoindex:error] [pid 8464:tid 140031528249088] [client 47.31.46.179:23367] AH01276: Cannot serve directory /mpd/site/public/static/: No matching DirectoryIndex (index.html,index.cgi,index.pl,index.php,index.xhtml,index.htm) found, and server-generated directory index forbidden by Options directive, referer: https://coronastats.co.in/india/districtdetail?name=Maharashtra%20Mumbai
[Mon Jul 13 14:16:24.428226 2020] [autoindex:error] [pid 8464:tid 140031545034496] [client 47.31.46.179:20385] AH01276: Cannot serve directory /mpd/site/public/static/: No matching DirectoryIndex (index.html,index.cgi,index.pl,index.php,index.xhtml,index.htm) found, and server-generated directory index forbidden by Options directive, referer: https://coronastats.co.in/india/districtdetail?name=Maharashtra%20Mumbai
[Mon Jul 13 14:56:11.914990 2020] [wsgi:error] [pid 8462:tid 140031637395200] [remote 157.55.39.235:15937] Bolivia
[Mon Jul 13 14:56:12.060285 2020] [wsgi:error] [pid 8462:tid 140031637395200] [remote 157.55.39.235:15937] [13084872, 572556, 889397, 23335, '26 minutes', 1314, 54653, 9931, 148, 560472, 7419527, 644, 48187, 1807, datetime.datetime(2020, 7, 13, 14, 30, 1)]
[Mon Jul 13 15:53:45.713138 2020] [autoindex:error] [pid 8464:tid 140031545034496] [client 47.31.46.179:15776] AH01276: Cannot serve directory /mpd/site/public/static/: No matching DirectoryIndex (index.html,index.cgi,index.pl,index.php,index.xhtml,index.htm) found, and server-generated directory index forbidden by Options directive, referer: https://coronastats.co.in/india/districtdetail?name=Maharashtra%20Mumbai
[Mon Jul 13 16:41:32.390501 2020] [wsgi:error] [pid 8462:tid 140031637395200] [remote 182.69.210.52:46604] Algeria
[Mon Jul 13 16:41:32.531210 2020] [wsgi:error] [pid 8462:tid 140031637395200] [remote 182.69.210.52:46604] [13127189, 573179, 904225, 23711, '12 minutes', 1937, 96970, 24759, 524, 569753, 7434155, 655, 19689, 1018, datetime.datetime(2020, 7, 13, 16, 30, 1)]
[Mon Jul 13 16:41:47.966414 2020] [wsgi:error] [pid 8462:tid 140031637395200] [remote 182.69.210.52:46702] about 0.1092866426333785
[Mon Jul 13 16:47:23.746242 2020] [autoindex:error] [pid 8464:tid 140031477892864] [client 47.31.46.179:34095] AH01276: Cannot serve directory /mpd/site/public/static/: No matching DirectoryIndex (index.html,index.cgi,index.pl,index.php,index.xhtml,index.htm) found, and server-generated directory index forbidden by Options directive, referer: https://coronastats.co.in/india/districtdetail?name=Maharashtra%20Mumbai
[Mon Jul 13 16:48:49.780071 2020] [wsgi:error] [pid 8462:tid 140031637395200] [remote 47.31.46.179:20595] about 0.019010165706276894
[Mon Jul 13 16:49:17.701336 2020] [wsgi:error] [pid 8462:tid 140031603824384] [remote 47.31.46.179:23593] about 0.02094046212732792
[Mon Jul 13 17:07:33.592460 2020] [autoindex:error] [pid 8464:tid 140031553427200] [client 182.69.210.52:47978] AH01276: Cannot serve directory /mpd/site/public/static/: No matching DirectoryIndex (index.html,index.cgi,index.pl,index.php,index.xhtml,index.htm) found, and server-generated directory index forbidden by Options directive, referer: https://coronastats.co.in/india/districtdetail?name=Assam%20Nagaon
[Mon Jul 13 17:10:16.877381 2020] [autoindex:error] [pid 8463:tid 140031435929344] [client 182.69.210.52:47986] AH01276: Cannot serve directory /mpd/site/public/static/: No matching DirectoryIndex (index.html,index.cgi,index.pl,index.php,index.xhtml,index.htm) found, and server-generated directory index forbidden by Options directive, referer: https://coronastats.co.in/india/districtdetail?name=Jammu%20and%20Kashmir%20Doda
[Mon Jul 13 17:14:18.282437 2020] [autoindex:error] [pid 8464:tid 140031435929344] [client 182.69.210.52:49806] AH01276: Cannot serve directory /mpd/site/public/static/: No matching DirectoryIndex (index.html,index.cgi,index.pl,index.php,index.xhtml,index.htm) found, and server-generated directory index forbidden by Options directive, referer: https://coronastats.co.in/india/districtdetail?name=Jammu%20and%20Kashmir%20Doda
[Mon Jul 13 17:21:07.822490 2020] [wsgi:error] [pid 8462:tid 140031637395200] [remote 207.46.13.152:13819] Uzbekistan
[Mon Jul 13 17:21:07.965151 2020] [wsgi:error] [pid 8462:tid 140031637395200] [remote 207.46.13.152:13819] [13132142, 573201, 906380, 23727, '21 minutes', 1959, 101923, 26914, 540, 571398, 7439895, 657, 13360, 62, datetime.datetime(2020, 7, 13, 17, 0, 1)]
[Mon Jul 13 17:25:11.447162 2020] [wsgi:error] [pid 8462:tid 140031603824384] [remote 207.46.13.152:10028] Cambodia
[Mon Jul 13 17:25:11.591653 2020] [wsgi:error] [pid 8462:tid 140031603824384] [remote 207.46.13.152:10028] [13132142, 573201, 906380, 23727, '25 minutes', 1959, 101923, 26914, 540, 571398, 7439895, 657, 156, 0, datetime.datetime(2020, 7, 13, 17, 0, 1)]
[Mon Jul 13 17:29:27.139740 2020] [wsgi:error] [pid 8462:tid 140031637395200] [remote 157.55.39.235:3118] Singapore
[Mon Jul 13 17:29:27.285496 2020] [wsgi:error] [pid 8462:tid 140031637395200] [remote 157.55.39.235:3118] [13132142, 573201, 906380, 23727, '29 minutes', 1959, 101923, 26914, 540, 571398, 7439895, 657, 46283, 26, datetime.datetime(2020, 7, 13, 17, 0, 1)]
[Mon Jul 13 17:47:11.471529 2020] [wsgi:error] [pid 8462:tid 140031603824384] [remote 40.77.167.99:12134] Bulgaria
[Mon Jul 13 17:47:11.614535 2020] [wsgi:error] [pid 8462:tid 140031603824384] [remote 40.77.167.99:12134] [13134673, 573302, 906612, 23727, '17 minutes', 2060, 104454, 27146, 540, 571526, 7453511, 657, 7252, 268, datetime.datetime(2020, 7, 13, 17, 30, 1)]
[Mon Jul 13 17:47:14.224898 2020] [wsgi:error] [pid 8462:tid 140031637395200] [remote 40.77.167.99:12134] Honduras
[Mon Jul 13 17:47:14.368121 2020] [wsgi:error] [pid 8462:tid 140031637395200] [remote 40.77.167.99:12134] [13134673, 573302, 906612, 23727, '17 minutes', 2060, 104454, 27146, 540, 571526, 7453511, 657, 28090, 774, datetime.datetime(2020, 7, 13, 17, 30, 1)]
[Mon Jul 13 17:50:14.520907 2020] [wsgi:error] [pid 8462:tid 140031637395200] [remote 207.46.13.143:1493] Chad
[Mon Jul 13 17:50:14.660984 2020] [wsgi:error] [pid 8462:tid 140031637395200] [remote 207.46.13.143:1493] [13134673, 573302, 906612, 23727, '20 minutes', 2060, 104454, 27146, 540, 571526, 7453511, 657, 880, 75, datetime.datetime(2020, 7, 13, 17, 30, 1)]
[Mon Jul 13 17:51:08.388781 2020] [autoindex:error] [pid 8464:tid 140031452714752] [client 47.30.223.55:41430] AH01276: Cannot serve directory /mpd/site/public/static/: No matching DirectoryIndex (index.html,index.cgi,index.pl,index.php,index.xhtml,index.htm) found, and server-generated directory index forbidden by Options directive, referer: https://coronastats.co.in/india/districtdetail?name=Uttar%20Pradesh%20Gautam%20Buddha%20Nagar
[Mon Jul 13 17:51:59.602712 2020] [autoindex:error] [pid 8463:tid 140031444322048] [client 47.30.223.55:41528] AH01276: Cannot serve directory /mpd/site/public/static/: No matching DirectoryIndex (index.html,index.cgi,index.pl,index.php,index.xhtml,index.htm) found, and server-generated directory index forbidden by Options directive, referer: https://coronastats.co.in/india/districtdetail?name=Maharashtra%20Mumbai
[Mon Jul 13 17:58:18.287674 2020] [wsgi:error] [pid 8462:tid 140031603824384] [remote 66.249.73.103:38782] Bahamas
[Mon Jul 13 17:58:18.437739 2020] [wsgi:error] [pid 8462:tid 140031603824384] [remote 66.249.73.103:38782] [13134673, 573302, 906612, 23727, '28 minutes', 2060, 104454, 27146, 540, 571526, 7453511, 657, 111, 11, datetime.datetime(2020, 7, 13, 17, 30, 1)]
[Mon Jul 13 18:50:38.304226 2020] [autoindex:error] [pid 8463:tid 140031570212608] [client 47.30.221.117:42628] AH01276: Cannot serve directory /mpd/site/public/static/: No matching DirectoryIndex (index.html,index.cgi,index.pl,index.php,index.xhtml,index.htm) found, and server-generated directory index forbidden by Options directive, referer: https://coronastats.co.in/india/districtdetail?name=Maharashtra%20Mumbai
[Mon Jul 13 18:50:59.872898 2020] [autoindex:error] [pid 8464:tid 140031410751232] [client 47.30.221.117:42634] AH01276: Cannot serve directory /mpd/site/public/static/: No matching DirectoryIndex (index.html,index.cgi,index.pl,index.php,index.xhtml,index.htm) found, and server-generated directory index forbidden by Options directive, referer: https://coronastats.co.in/india/districtdetail?name=Maharashtra%20Mumbai
[Mon Jul 13 19:13:21.248935 2020] [wsgi:error] [pid 8462:tid 140031637395200] [remote 207.46.13.111:7520] Syria
[Mon Jul 13 19:13:21.395903 2020] [wsgi:error] [pid 8462:tid 140031637395200] [remote 207.46.13.111:7520] [13141889, 573357, 906617, 23727, '13 minutes', 2114, 109409, 27151, 540, 571578, 7455226, 657, 417, 19, datetime.datetime(2020, 7, 13, 19, 0, 1)]
[Mon Jul 13 21:33:08.250632 2020] [wsgi:error] [pid 8462:tid 140031603824384] [remote 207.46.13.143:12903] Australia
[Mon Jul 13 21:33:08.396583 2020] [wsgi:error] [pid 8462:tid 140031603824384] [remote 207.46.13.143:12903] [13182667, 573865, 907645, 23727, '33 minutes', 2615, 148850, 28179, 540, 572112, 7471185, 658, 9980, 108, datetime.datetime(2020, 7, 13, 21, 0, 1)]
[Mon Jul 13 22:19:11.745719 2020] [wsgi:error] [pid 8462:tid 140031637395200] [remote 207.46.13.111:4237] Czechia
[Mon Jul 13 22:19:11.889297 2020] [wsgi:error] [pid 8462:tid 140031637395200] [remote 207.46.13.111:4237] [13209000, 574550, 907645, 23727, '19 minutes', 3300, 175183, 28179, 540, 572112, 7473921, 658, 13204, 353, datetime.datetime(2020, 7, 13, 22, 0, 1)]
[Mon Jul 13 23:41:14.785947 2020] [wsgi:error] [pid 8462:tid 140031603824384] [remote 66.249.73.96:44630] Oman
[Mon Jul 13 23:41:14.931497 2020] [wsgi:error] [pid 8462:tid 140031603824384] [remote 66.249.73.96:44630] [13219879, 574803, 907645, 23727, '41 minutes', 3553, 186062, 28179, 540, 572112, 7480408, 658, 58179, 259, datetime.datetime(2020, 7, 13, 23, 0, 2)]
[Mon Jul 13 23:41:18.299433 2020] [wsgi:error] [pid 8462:tid 140031603824384] [remote 66.249.73.96:44630] Peru
[Mon Jul 13 23:41:18.437086 2020] [wsgi:error] [pid 8462:tid 140031603824384] [remote 66.249.73.96:44630] [13219879, 574803, 907645, 23727, '41 minutes', 3553, 186062, 28179, 540, 572112, 7480408, 658, 330123, 12054, datetime.datetime(2020, 7, 13, 23, 0, 2)]
[Mon Jul 13 23:43:05.095306 2020] [wsgi:error] [pid 8462:tid 140031637395200] [remote 66.249.73.99:55345] Chile
[Mon Jul 13 23:43:05.233425 2020] [wsgi:error] [pid 8462:tid 140031637395200] [remote 66.249.73.99:55345] [13219879, 574803, 907645, 23727, '43 minutes', 3553, 186062, 28179, 540, 572112, 7480408, 658, 317657, 7024, datetime.datetime(2020, 7, 13, 23, 0, 2)]
[Mon Jul 13 23:43:38.732901 2020] [wsgi:error] [pid 8462:tid 140031603824384] [remote 66.249.73.99:39749] India
[Mon Jul 13 23:43:38.878020 2020] [wsgi:error] [pid 8462:tid 140031603824384] [remote 66.249.73.99:39749] [13219879, 574803, 907645, 23727, '44 minutes', 3553, 186062, 28179, 540, 572112, 7480408, 658, 907645, 23727, datetime.datetime(2020, 7, 13, 23, 0, 2)]
[Mon Jul 13 23:57:33.643492 2020] [autoindex:error] [pid 8464:tid 140031419143936] [client 47.30.152.237:39106] AH01276: Cannot serve directory /mpd/site/public/static/: No matching DirectoryIndex (index.html,index.cgi,index.pl,index.php,index.xhtml,index.htm) found, and server-generated directory index forbidden by Options directive, referer: https://coronastats.co.in/india/districtdetail?name=Uttar%20Pradesh%20Gautam%20Buddha%20Nagar
[Mon Jul 13 23:57:46.808415 2020] [autoindex:error] [pid 8464:tid 140031393965824] [client 47.30.152.237:39118] AH01276: Cannot serve directory /mpd/site/public/static/: No matching DirectoryIndex (index.html,index.cgi,index.pl,index.php,index.xhtml,index.htm) found, and server-generated directory index forbidden by Options directive, referer: https://coronastats.co.in/india/districtdetail?name=Maharashtra%20Mumbai%20Suburban
[Mon Jul 13 23:57:54.238493 2020] [autoindex:error] [pid 8464:tid 140031570212608] [client 47.30.152.237:39118] AH01276: Cannot serve directory /mpd/site/public/static/: No matching DirectoryIndex (index.html,index.cgi,index.pl,index.php,index.xhtml,index.htm) found, and server-generated directory index forbidden by Options directive, referer: https://coronastats.co.in/india/districtdetail?name=Maharashtra%20Mumbai
[Mon Jul 13 23:58:22.178661 2020] [autoindex:error] [pid 8463:tid 140031402358528] [client 47.30.152.237:39126] AH01276: Cannot serve directory /mpd/site/public/static/: No matching DirectoryIndex (index.html,index.cgi,index.pl,index.php,index.xhtml,index.htm) found, and server-generated directory index forbidden by Options directive, referer: https://coronastats.co.in/india/districtdetail?name=Maharashtra%20Mumbai%20Suburban
[Mon Jul 13 23:59:10.399113 2020] [autoindex:error] [pid 8464:tid 140031511463680] [client 47.30.152.237:39142] AH01276: Cannot serve directory /mpd/site/public/static/: No matching DirectoryIndex (index.html,index.cgi,index.pl,index.php,index.xhtml,index.htm) found, and server-generated directory index forbidden by Options directive, referer: https://coronastats.co.in/india/districtdetail?name=Maharashtra%20Mumbai%20Suburban
[Tue Jul 14 00:45:35.838531 2020] [wsgi:error] [pid 8462:tid 140031603824384] [remote 207.46.13.111:10245] Nicaragua
[Tue Jul 14 00:45:35.982158 2020] [wsgi:error] [pid 8462:tid 140031603824384] [remote 207.46.13.111:10245] [13229270, 574977, 907645, 23727, '16 minutes', 3727, 195453, 28179, 540, 572112, 7485551, 657, 2846, 91, datetime.datetime(2020, 7, 14, 0, 30, 1)]
[Tue Jul 14 02:30:46.766001 2020] [autoindex:error] [pid 8464:tid 140031444322048] [client 47.30.152.237:41544] AH01276: Cannot serve directory /mpd/site/public/static/: No matching DirectoryIndex (index.html,index.cgi,index.pl,index.php,index.xhtml,index.htm) found, and server-generated directory index forbidden by Options directive, referer: https://coronastats.co.in/india/districtdetail?name=Maharashtra%20Mumbai
[Tue Jul 14 02:31:11.416423 2020] [autoindex:error] [pid 8464:tid 140031561819904] [client 47.30.152.237:41562] AH01276: Cannot serve directory /mpd/site/public/static/: No matching DirectoryIndex (index.html,index.cgi,index.pl,index.php,index.xhtml,index.htm) found, and server-generated directory index forbidden by Options directive, referer: https://coronastats.co.in/india/districtdetail?name=Uttar%20Pradesh%20Gautam%20Buddha%20Nagar
[Tue Jul 14 03:14:17.301872 2020] [autoindex:error] [pid 8464:tid 140031646312192] [client 47.30.152.237:42348] AH01276: Cannot serve directory /mpd/site/public/static/: No matching DirectoryIndex (index.html,index.cgi,index.pl,index.php,index.xhtml,index.htm) found, and server-generated directory index forbidden by Options directive, referer: https://coronastats.co.in/india/districtdetail?name=Uttar%20Pradesh%20Gautam%20Buddha%20Nagar
[Tue Jul 14 03:23:36.312040 2020] [autoindex:error] [pid 8464:tid 140031503070976] [client 47.30.152.237:43628] AH01276: Cannot serve directory /mpd/site/public/static/: No matching DirectoryIndex (index.html,index.cgi,index.pl,index.php,index.xhtml,index.htm) found, and server-generated directory index forbidden by Options directive, referer: https://coronastats.co.in/india/districtdetail?name=Uttar%20Pradesh%20Gautam%20Buddha%20Nagar
[Tue Jul 14 03:23:38.123881 2020] [wsgi:error] [pid 8462:tid 140031603824384] [remote 66.249.73.96:37342] Iran
[Tue Jul 14 03:23:38.271091 2020] [wsgi:error] [pid 8462:tid 140031603824384] [remote 66.249.73.96:37342] [13236249, 575540, 907645, 23727, '24 minutes', 559, 6554, 0, 0, 572112, 7490698, 657, 259652, 13032, datetime.datetime(2020, 7, 14, 3, 0, 1)]
[Tue Jul 14 04:20:29.273117 2020] [autoindex:error] [pid 8464:tid 140031570212608] [client 47.30.152.237:45258] AH01276: Cannot serve directory /mpd/site/public/static/: No matching DirectoryIndex (index.html,index.cgi,index.pl,index.php,index.xhtml,index.htm) found, and server-generated directory index forbidden by Options directive, referer: https://coronastats.co.in/india/districtdetail?name=Uttar%20Pradesh%20Gautam%20Buddha%20Nagar
[Tue Jul 14 04:24:07.271409 2020] [autoindex:error] [pid 8463:tid 140031545034496] [client 47.30.152.237:45476] AH01276: Cannot serve directory /mpd/site/public/static/: No matching DirectoryIndex (index.html,index.cgi,index.pl,index.php,index.xhtml,index.htm) found, and server-generated directory index forbidden by Options directive, referer: https://coronastats.co.in/india/districtdetail?name=Haryana%20Faridabad
[Tue Jul 14 05:50:45.471236 2020] [autoindex:error] [pid 8464:tid 140031477892864] [client 47.31.32.201:22759] AH01276: Cannot serve directory /mpd/site/public/static/: No matching DirectoryIndex (index.html,index.cgi,index.pl,index.php,index.xhtml,index.htm) found, and server-generated directory index forbidden by Options directive, referer: https://coronastats.co.in/india/districtdetail?name=Madhya%20Pradesh%20Morena
Exception ignored in: <bound method BaseEventLoop.__del__ of <_UnixSelectorEventLoop running=False closed=False debug=False>>
Traceback (most recent call last):
  File "/usr/lib/python3.6/asyncio/base_events.py", line 526, in __del__
NameError: name 'ResourceWarning' is not defined
[Tue Jul 14 06:25:04.292657 2020] [ssl:warn] [pid 20627:tid 140031766731712] AH01909: www.coronastats.co.in:443:0 server certificate does NOT include an ID which matches the server name
[Tue Jul 14 08:47:24.249576 2020] [autoindex:error] [pid 30792:tid 140031570212608] [client 47.30.152.237:48326] AH01276: Cannot serve directory /mpd/site/public/static/: No matching DirectoryIndex (index.html,index.cgi,index.pl,index.php,index.xhtml,index.htm) found, and server-generated directory index forbidden by Options directive, referer: https://coronastats.co.in/india/districtdetail?name=Arunachal%20Pradesh%20East%20Kameng
[Tue Jul 14 10:53:48.759263 2020] [autoindex:error] [pid 30792:tid 140031461107456] [client 1.38.44.179:18378] AH01276: Cannot serve directory /mpd/site/public/static/: No matching DirectoryIndex (index.html,index.cgi,index.pl,index.php,index.xhtml,index.htm) found, and server-generated directory index forbidden by Options directive, referer: https://coronastats.co.in/india/districtdetail?name=Delhi%20%20South%20West%20Delhi%20%202020-06-22%20%20%20%20%20%2042%20%20%20%20%20%20%20%20%2042%20%20%20%20%20%20%20%20%200%20%20%20%20%20%20%20%20%20%200
[Tue Jul 14 10:54:27.465519 2020] [wsgi:error] [pid 30791:tid 140031603824384] [remote 1.38.44.179:18405] UK
[Tue Jul 14 10:54:27.616036 2020] [wsgi:error] [pid 30791:tid 140031603824384] [remote 1.38.44.179:18405] [13259548, 576028, 910174, 23779, '54 minutes', 1049, 29948, 2529, 52, 573283, 7521354, 659, 290133, 44830, datetime.datetime(2020, 7, 14, 10, 0, 1)]
[Tue Jul 14 11:27:08.117209 2020] [autoindex:error] [pid 30792:tid 140031486285568] [client 47.30.152.237:49364] AH01276: Cannot serve directory /mpd/site/public/static/: No matching DirectoryIndex (index.html,index.cgi,index.pl,index.php,index.xhtml,index.htm) found, and server-generated directory index forbidden by Options directive, referer: https://coronastats.co.in/india/districtdetail?name=Arunachal%20Pradesh%20East%20Siang
[Tue Jul 14 11:32:05.310705 2020] [wsgi:error] [pid 30791:tid 140031637395200] [remote 66.249.73.103:63541] Haiti
[Tue Jul 14 11:32:05.455472 2020] [wsgi:error] [pid 30791:tid 140031637395200] [remote 66.249.73.103:63541] [13265746, 576249, 911606, 23779, '32 minutes', 1270, 36146, 3961, 52, 573283, 7525574, 660, 6727, 141, datetime.datetime(2020, 7, 14, 11, 0, 1)]
[Tue Jul 14 11:33:43.170003 2020] [wsgi:error] [pid 30791:tid 140031637395200] [remote 66.249.73.96:61595] Aruba
[Tue Jul 14 11:33:43.313341 2020] [wsgi:error] [pid 30791:tid 140031637395200] [remote 66.249.73.96:61595] [13265746, 576249, 911606, 23779, '34 minutes', 1270, 36146, 3961, 52, 573283, 7525574, 660, 105, 3, datetime.datetime(2020, 7, 14, 11, 0, 1)]
[Tue Jul 14 11:34:05.419123 2020] [wsgi:error] [pid 30791:tid 140031637395200] [remote 66.249.73.96:61276] Gabon
[Tue Jul 14 11:34:05.561783 2020] [wsgi:error] [pid 30791:tid 140031637395200] [remote 66.249.73.96:61276] [13265746, 576249, 911606, 23779, '34 minutes', 1270, 36146, 3961, 52, 573283, 7525574, 660, 6026, 46, datetime.datetime(2020, 7, 14, 11, 0, 1)]
[Tue Jul 14 11:34:42.011622 2020] [wsgi:error] [pid 30791:tid 140031637395200] [remote 66.249.73.96:55542] Qatar
[Tue Jul 14 11:34:42.158149 2020] [wsgi:error] [pid 30791:tid 140031637395200] [remote 66.249.73.96:55542] [13265746, 576249, 911606, 23779, '35 minutes', 1270, 36146, 3961, 52, 573283, 7525574, 660, 104016, 149, datetime.datetime(2020, 7, 14, 11, 0, 1)]
[Tue Jul 14 11:34:59.818502 2020] [wsgi:error] [pid 30791:tid 140031637395200] [remote 66.249.73.96:48877] Guinea
[Tue Jul 14 11:34:59.979051 2020] [wsgi:error] [pid 30791:tid 140031637395200] [remote 66.249.73.96:48877] [13265746, 576249, 911606, 23779, '35 minutes', 1270, 36146, 3961, 52, 573283, 7525574, 660, 6141, 37, datetime.datetime(2020, 7, 14, 11, 0, 1)]
[Tue Jul 14 11:35:28.289560 2020] [wsgi:error] [pid 30791:tid 140031603824384] [remote 66.249.73.96:42327] Gambia
[Tue Jul 14 11:35:28.430179 2020] [wsgi:error] [pid 30791:tid 140031603824384] [remote 66.249.73.96:42327] [13265746, 576249, 911606, 23779, '35 minutes', 1270, 36146, 3961, 52, 573283, 7525574, 660, 64, 3, datetime.datetime(2020, 7, 14, 11, 0, 1)]
[Tue Jul 14 11:35:43.773286 2020] [wsgi:error] [pid 30791:tid 140031637395200] [remote 66.249.73.96:63612] Greece
[Tue Jul 14 11:35:43.915070 2020] [wsgi:error] [pid 30791:tid 140031637395200] [remote 66.249.73.96:63612] [13265746, 576249, 911606, 23779, '36 minutes', 1270, 36146, 3961, 52, 573283, 7525574, 660, 3826, 193, datetime.datetime(2020, 7, 14, 11, 0, 1)]
[Tue Jul 14 11:35:50.497763 2020] [wsgi:error] [pid 30791:tid 140031603824384] [remote 66.249.73.96:61601] Canada
[Tue Jul 14 11:35:50.640676 2020] [wsgi:error] [pid 30791:tid 140031603824384] [remote 66.249.73.96:61601] [13265746, 576249, 911606, 23779, '36 minutes', 1270, 36146, 3961, 52, 573283, 7525574, 660, 108155, 8790, datetime.datetime(2020, 7, 14, 11, 0, 1)]
[Tue Jul 14 11:36:17.185750 2020] [wsgi:error] [pid 30791:tid 140031637395200] [remote 66.249.73.99:50166] Algeria
[Tue Jul 14 11:36:17.328380 2020] [wsgi:error] [pid 30791:tid 140031637395200] [remote 66.249.73.99:50166] [13265746, 576249, 911606, 23779, '36 minutes', 1270, 36146, 3961, 52, 573283, 7525574, 660, 19689, 1018, datetime.datetime(2020, 7, 14, 11, 0, 1)]
[Tue Jul 14 11:36:23.238305 2020] [wsgi:error] [pid 30791:tid 140031637395200] [remote 66.249.73.96:41500] USA
[Tue Jul 14 11:36:23.379445 2020] [wsgi:error] [pid 30791:tid 140031637395200] [remote 66.249.73.96:41500] [13265746, 576249, 911606, 23779, '36 minutes', 1270, 36146, 3961, 52, 573283, 7525574, 660, 3479650, 138247, datetime.datetime(2020, 7, 14, 11, 0, 1)]
[Tue Jul 14 11:37:41.118189 2020] [wsgi:error] [pid 30791:tid 140031637395200] [remote 66.249.73.96:44353] Senegal
[Tue Jul 14 11:37:41.258543 2020] [wsgi:error] [pid 30791:tid 140031637395200] [remote 66.249.73.96:44353] [13265746, 576249, 911606, 23779, '38 minutes', 1270, 36146, 3961, 52, 573283, 7525574, 660, 8198, 150, datetime.datetime(2020, 7, 14, 11, 0, 1)]
[Tue Jul 14 11:38:08.952834 2020] [wsgi:error] [pid 30791:tid 140031637395200] [remote 66.249.73.99:46571] Myanmar
[Tue Jul 14 11:38:09.096046 2020] [wsgi:error] [pid 30791:tid 140031637395200] [remote 66.249.73.99:46571] [13265746, 576249, 911606, 23779, '38 minutes', 1270, 36146, 3961, 52, 573283, 7525574, 660, 336, 6, datetime.datetime(2020, 7, 14, 11, 0, 1)]
[Tue Jul 14 11:38:13.026002 2020] [wsgi:error] [pid 30791:tid 140031603824384] [remote 66.249.73.96:45998] Japan
[Tue Jul 14 11:38:13.171157 2020] [wsgi:error] [pid 30791:tid 140031603824384] [remote 66.249.73.96:45998] [13265746, 576249, 911606, 23779, '38 minutes', 1270, 36146, 3961, 52, 573283, 7525574, 660, 21868, 982, datetime.datetime(2020, 7, 14, 11, 0, 1)]
[Tue Jul 14 11:38:30.916249 2020] [wsgi:error] [pid 30791:tid 140031603824384] [remote 66.249.73.96:52341] Austria
[Tue Jul 14 11:38:31.063620 2020] [wsgi:error] [pid 30791:tid 140031603824384] [remote 66.249.73.96:52341] [13265746, 576249, 911606, 23779, '38 minutes', 1270, 36146, 3961, 52, 573283, 7525574, 660, 19021, 709, datetime.datetime(2020, 7, 14, 11, 0, 1)]
[Tue Jul 14 11:38:37.532937 2020] [wsgi:error] [pid 30791:tid 140031603824384] [remote 66.249.73.96:44857] Mayotte
[Tue Jul 14 11:38:37.672837 2020] [wsgi:error] [pid 30791:tid 140031603824384] [remote 66.249.73.96:44857] [13265746, 576249, 911606, 23779, '39 minutes', 1270, 36146, 3961, 52, 573283, 7525574, 660, 2724, 37, datetime.datetime(2020, 7, 14, 11, 0, 1)]
[Tue Jul 14 11:38:46.442319 2020] [wsgi:error] [pid 30791:tid 140031637395200] [remote 66.249.73.96:54788] Benin
[Tue Jul 14 11:38:46.582830 2020] [wsgi:error] [pid 30791:tid 140031637395200] [remote 66.249.73.96:54788] [13265746, 576249, 911606, 23779, '39 minutes', 1270, 36146, 3961, 52, 573283, 7525574, 660, 1378, 26, datetime.datetime(2020, 7, 14, 11, 0, 1)]
[Tue Jul 14 11:38:54.978711 2020] [wsgi:error] [pid 30791:tid 140031637395200] [remote 66.249.73.96:54788] Tunisia
[Tue Jul 14 11:38:55.127911 2020] [wsgi:error] [pid 30791:tid 140031637395200] [remote 66.249.73.96:54788] [13265746, 576249, 911606, 23779, '39 minutes', 1270, 36146, 3961, 52, 573283, 7525574, 660, 1302, 50, datetime.datetime(2020, 7, 14, 11, 0, 1)]
[Tue Jul 14 11:39:02.145111 2020] [wsgi:error] [pid 30791:tid 140031603824384] [remote 66.249.73.99:61235] Libya
[Tue Jul 14 11:39:02.289537 2020] [wsgi:error] [pid 30791:tid 140031603824384] [remote 66.249.73.99:61235] [13265746, 576249, 911606, 23779, '39 minutes', 1270, 36146, 3961, 52, 573283, 7525574, 660, 1512, 40, datetime.datetime(2020, 7, 14, 11, 0, 1)]
[Tue Jul 14 11:39:17.679192 2020] [wsgi:error] [pid 30791:tid 140031637395200] [remote 66.249.73.96:45072] Grenada
[Tue Jul 14 11:39:17.830438 2020] [wsgi:error] [pid 30791:tid 140031637395200] [remote 66.249.73.96:45072] [13265746, 576249, 911606, 23779, '39 minutes', 1270, 36146, 3961, 52, 573283, 7525574, 660, 23, 0, datetime.datetime(2020, 7, 14, 11, 0, 1)]
[Tue Jul 14 11:39:31.905589 2020] [wsgi:error] [pid 30791:tid 140031603824384] [remote 66.249.73.96:51283] Ecuador
[Tue Jul 14 11:39:32.050453 2020] [wsgi:error] [pid 30791:tid 140031603824384] [remote 66.249.73.96:51283] [13265746, 576249, 911606, 23779, '40 minutes', 1270, 36146, 3961, 52, 573283, 7525574, 660, 68459, 5063, datetime.datetime(2020, 7, 14, 11, 0, 1)]
[Tue Jul 14 11:39:53.399410 2020] [wsgi:error] [pid 30791:tid 140031603824384] [remote 66.249.73.96:49133] DRC
[Tue Jul 14 11:39:53.548813 2020] [wsgi:error] [pid 30791:tid 140031603824384] [remote 66.249.73.96:49133] [13265746, 576249, 911606, 23779, '40 minutes', 1270, 36146, 3961, 52, 573283, 7525574, 660, 8135, 190, datetime.datetime(2020, 7, 14, 11, 0, 1)]
[Tue Jul 14 11:40:02.894479 2020] [wsgi:error] [pid 30791:tid 140031637395200] [remote 66.249.73.96:49133] Finland
[Tue Jul 14 11:40:03.039944 2020] [wsgi:error] [pid 30791:tid 140031637395200] [remote 66.249.73.96:49133] [13265746, 576249, 911606, 23779, '40 minutes', 1270, 36146, 3961, 52, 573283, 7525574, 660, 7301, 329, datetime.datetime(2020, 7, 14, 11, 0, 1)]
[Tue Jul 14 11:40:20.808932 2020] [wsgi:error] [pid 30791:tid 140031603824384] [remote 66.249.73.96:51917] Namibia
[Tue Jul 14 11:40:20.953332 2020] [wsgi:error] [pid 30791:tid 140031603824384] [remote 66.249.73.96:51917] [13265746, 576249, 911606, 23779, '40 minutes', 1270, 36146, 3961, 52, 573283, 7525574, 660, 861, 1, datetime.datetime(2020, 7, 14, 11, 0, 1)]
[Tue Jul 14 11:40:28.806457 2020] [wsgi:error] [pid 30791:tid 140031603824384] [remote 66.249.73.96:35950] UAE
[Tue Jul 14 11:40:28.950149 2020] [wsgi:error] [pid 30791:tid 140031603824384] [remote 66.249.73.96:35950] [13265746, 576249, 911606, 23779, '40 minutes', 1270, 36146, 3961, 52, 573283, 7525574, 660, 55198, 334, datetime.datetime(2020, 7, 14, 11, 0, 1)]
[Tue Jul 14 11:40:46.580321 2020] [wsgi:error] [pid 30791:tid 140031603824384] [remote 66.249.73.96:44717] Spain
[Tue Jul 14 11:40:46.731010 2020] [wsgi:error] [pid 30791:tid 140031603824384] [remote 66.249.73.96:44717] [13265746, 576249, 911606, 23779, '41 minutes', 1270, 36146, 3961, 52, 573283, 7525574, 660, 303033, 28406, datetime.datetime(2020, 7, 14, 11, 0, 1)]
[Tue Jul 14 11:42:33.951637 2020] [wsgi:error] [pid 30791:tid 140031603824384] [remote 66.249.73.96:46585] Vietnam
[Tue Jul 14 11:42:34.095125 2020] [wsgi:error] [pid 30791:tid 140031603824384] [remote 66.249.73.96:46585] [13265746, 576249, 911606, 23779, '43 minutes', 1270, 36146, 3961, 52, 573283, 7525574, 660, 373, 0, datetime.datetime(2020, 7, 14, 11, 0, 1)]
[Tue Jul 14 11:42:38.032079 2020] [wsgi:error] [pid 30791:tid 140031637395200] [remote 66.249.73.96:46585] Estonia
[Tue Jul 14 11:42:38.174290 2020] [wsgi:error] [pid 30791:tid 140031637395200] [remote 66.249.73.96:46585] [13265746, 576249, 911606, 23779, '43 minutes', 1270, 36146, 3961, 52, 573283, 7525574, 660, 2015, 69, datetime.datetime(2020, 7, 14, 11, 0, 1)]
[Tue Jul 14 11:58:11.065750 2020] [autoindex:error] [pid 30792:tid 140031486285568] [client 47.31.32.201:29865] AH01276: Cannot serve directory /mpd/site/public/static/: No matching DirectoryIndex (index.html,index.cgi,index.pl,index.php,index.xhtml,index.htm) found, and server-generated directory index forbidden by Options directive, referer: https://coronastats.co.in/india/districtdetail?name=Madhya%20Pradesh%20Morena
[Tue Jul 14 12:18:13.104484 2020] [wsgi:error] [pid 30791:tid 140031603824384] [remote 66.249.73.103:37413] Panama
[Tue Jul 14 12:18:13.253204 2020] [wsgi:error] [pid 30791:tid 140031603824384] [remote 66.249.73.103:37413] [13265782, 576249, 911624, 23779, '48 minutes', 1270, 36182, 3979, 52, 573283, 7525644, 660, 47173, 932, datetime.datetime(2020, 7, 14, 11, 30, 2)]
[Tue Jul 14 12:27:41.093523 2020] [wsgi:error] [pid 30791:tid 140031603824384] [remote 66.249.73.96:59048] Mongolia
[Tue Jul 14 12:27:41.233296 2020] [wsgi:error] [pid 30791:tid 140031603824384] [remote 66.249.73.96:59048] [13265782, 576249, 911624, 23779, '58 minutes', 1270, 36182, 3979, 52, 573283, 7525644, 660, 243, 0, datetime.datetime(2020, 7, 14, 11, 30, 2)]
[Tue Jul 14 12:37:09.210448 2020] [wsgi:error] [pid 30791:tid 140031603824384] [remote 66.249.79.96:50166] Belize
[Tue Jul 14 12:37:09.351378 2020] [wsgi:error] [pid 30791:tid 140031603824384] [remote 66.249.79.96:50166] [13266241, 576285, 911629, 23788, '37 minutes', 1306, 36641, 3984, 61, 573953, 7527080, 660, 37, 2, datetime.datetime(2020, 7, 14, 12, 0, 1)]
[Tue Jul 14 13:05:33.074227 2020] [wsgi:error] [pid 30791:tid 140031603824384] [remote 66.249.73.99:37606] Malaysia
[Tue Jul 14 13:05:33.221051 2020] [wsgi:error] [pid 30791:tid 140031603824384] [remote 66.249.73.99:37606] [13269356, 576432, 911629, 23788, '6 minutes', 1455, 39756, 3984, 61, 573953, 7532237, 660, 8729, 122, datetime.datetime(2020, 7, 14, 13, 0, 1)]
[Tue Jul 14 13:15:01.139710 2020] [wsgi:error] [pid 30791:tid 140031637395200] [remote 66.249.73.96:65226] Bulgaria
[Tue Jul 14 13:15:01.289566 2020] [wsgi:error] [pid 30791:tid 140031637395200] [remote 66.249.73.96:65226] [13269356, 576432, 911629, 23788, '15 minutes', 1455, 39756, 3984, 61, 573953, 7532237, 660, 7411, 276, datetime.datetime(2020, 7, 14, 13, 0, 1)]
[Tue Jul 14 13:24:29.091820 2020] [wsgi:error] [pid 30791:tid 140031637395200] [remote 66.249.73.103:57024] Bhutan
[Tue Jul 14 13:24:29.240318 2020] [wsgi:error] [pid 30791:tid 140031637395200] [remote 66.249.73.103:57024] [13269356, 576432, 911629, 23788, '24 minutes', 1455, 39756, 3984, 61, 573953, 7532237, 660, 84, 0, datetime.datetime(2020, 7, 14, 13, 0, 1)]
[Tue Jul 14 13:33:57.090963 2020] [wsgi:error] [pid 30791:tid 140031637395200] [remote 66.249.73.99:48944] Zimbabwe
[Tue Jul 14 13:33:57.237586 2020] [wsgi:error] [pid 30791:tid 140031637395200] [remote 66.249.73.99:48944] [13272547, 576485, 911629, 23788, '4 minutes', 1508, 42947, 3984, 61, 573953, 7540078, 660, 1034, 19, datetime.datetime(2020, 7, 14, 13, 30, 1)]
[Tue Jul 14 13:43:25.075512 2020] [wsgi:error] [pid 30791:tid 140031519872768] [remote 66.249.73.103:55944] Barbados
[Tue Jul 14 13:43:25.226893 2020] [wsgi:error] [pid 30791:tid 140031519872768] [remote 66.249.73.103:55944] [13272547, 576485, 911629, 23788, '13 minutes', 1508, 42947, 3984, 61, 573953, 7540078, 660, 103, 7, datetime.datetime(2020, 7, 14, 13, 30, 1)]
[Tue Jul 14 13:52:53.089873 2020] [wsgi:error] [pid 30791:tid 140031637395200] [remote 66.249.73.99:53993] Kuwait
[Tue Jul 14 13:52:53.231915 2020] [wsgi:error] [pid 30791:tid 140031637395200] [remote 66.249.73.99:53993] [13272547, 576485, 911629, 23788, '23 minutes', 1508, 42947, 3984, 61, 573953, 7540078, 660, 56174, 396, datetime.datetime(2020, 7, 14, 13, 30, 1)]
[Tue Jul 14 14:02:21.077453 2020] [wsgi:error] [pid 30791:tid 140031519872768] [remote 66.249.73.96:59095] Slovakia
[Tue Jul 14 14:02:21.222797 2020] [wsgi:error] [pid 30791:tid 140031519872768] [remote 66.249.73.96:59095] [13273595, 576496, 911629, 23788, '2 minutes', 1519, 43995, 3984, 61, 573953, 7540938, 660, 1908, 28, datetime.datetime(2020, 7, 14, 14, 0, 1)]
[Tue Jul 14 14:09:03.097837 2020] [autoindex:error] [pid 30792:tid 140031646312192] [client 47.30.152.237:38740] AH01276: Cannot serve directory /mpd/site/public/static/: No matching DirectoryIndex (index.html,index.cgi,index.pl,index.php,index.xhtml,index.htm) found, and server-generated directory index forbidden by Options directive, referer: https://coronastats.co.in/india/districtdetail?name=Arunachal%20Pradesh%20Kurung%20Kumey
[Tue Jul 14 14:11:49.108462 2020] [wsgi:error] [pid 30791:tid 140031637395200] [remote 66.249.73.99:57656] Guyana
[Tue Jul 14 14:11:49.252092 2020] [wsgi:error] [pid 30791:tid 140031637395200] [remote 66.249.73.99:57656] [13273595, 576496, 911629, 23788, '12 minutes', 1519, 43995, 3984, 61, 573953, 7540938, 660, 300, 17, datetime.datetime(2020, 7, 14, 14, 0, 1)]
[Tue Jul 14 14:19:56.061037 2020] [autoindex:error] [pid 30793:tid 140031393965824] [client 157.34.34.163:53091] AH01276: Cannot serve directory /mpd/site/public/static/: No matching DirectoryIndex (index.html,index.cgi,index.pl,index.php,index.xhtml,index.htm) found, and server-generated directory index forbidden by Options directive, referer: https://coronastats.co.in/india/districtdetail?name=Madhya%20Pradesh%20Shivpuri
[Tue Jul 14 14:20:28.550464 2020] [autoindex:error] [pid 30793:tid 140031511463680] [client 157.34.34.163:53094] AH01276: Cannot serve directory /mpd/site/public/static/: No matching DirectoryIndex (index.html,index.cgi,index.pl,index.php,index.xhtml,index.htm) found, and server-generated directory index forbidden by Options directive, referer: https://coronastats.co.in/india/districtdetail?name=Madhya%20Pradesh%20Guna
[Tue Jul 14 14:21:17.074786 2020] [wsgi:error] [pid 30791:tid 140031637395200] [remote 66.249.73.99:43960] Cyprus
[Tue Jul 14 14:21:17.217905 2020] [wsgi:error] [pid 30791:tid 140031637395200] [remote 66.249.73.99:43960] [13273595, 576496, 911629, 23788, '21 minutes', 1519, 43995, 3984, 61, 573953, 7540938, 660, 1022, 19, datetime.datetime(2020, 7, 14, 14, 0, 1)]
[Tue Jul 14 14:30:45.083912 2020] [wsgi:error] [pid 30791:tid 140031519872768] [remote 66.249.73.103:61953] Mexico
[Tue Jul 14 14:30:45.238551 2020] [wsgi:error] [pid 30791:tid 140031519872768] [remote 66.249.73.103:61953] [13273595, 576496, 911629, 23788, '31 minutes', 1519, 43995, 3984, 61, 573953, 7540938, 660, 304435, 35491, datetime.datetime(2020, 7, 14, 14, 0, 1)]
[Tue Jul 14 14:40:13.095630 2020] [wsgi:error] [pid 30791:tid 140031519872768] [remote 66.249.73.99:37190] Tanzania
[Tue Jul 14 14:40:13.246260 2020] [wsgi:error] [pid 30791:tid 140031519872768] [remote 66.249.73.99:37190] [13276127, 576524, 912570, 23798, '10 minutes', 1547, 46527, 4925, 71, 574225, 7541310, 661, 509, 21, datetime.datetime(2020, 7, 14, 14, 30, 1)]
[Tue Jul 14 14:50:41.309921 2020] [wsgi:error] [pid 30791:tid 140031637395200] [remote 66.249.73.96:46417] Anguilla
[Tue Jul 14 14:50:41.457719 2020] [wsgi:error] [pid 30791:tid 140031637395200] [remote 66.249.73.96:46417] [13276127, 576524, 912570, 23798, '21 minutes', 1547, 46527, 4925, 71, 574225, 7541310, 661, 3, 0, datetime.datetime(2020, 7, 14, 14, 30, 1)]
[Tue Jul 14 14:59:09.506099 2020] [wsgi:error] [pid 30791:tid 140031519872768] [remote 66.249.73.99:49061] Turkey
[Tue Jul 14 14:59:09.654417 2020] [wsgi:error] [pid 30791:tid 140031519872768] [remote 66.249.73.99:49061] [13276127, 576524, 912570, 23798, '29 minutes', 1547, 46527, 4925, 71, 574225, 7541310, 661, 214001, 5382, datetime.datetime(2020, 7, 14, 14, 30, 1)]
[Tue Jul 14 15:08:37.095033 2020] [wsgi:error] [pid 30791:tid 140031637395200] [remote 66.249.73.99:42748] Zambia
[Tue Jul 14 15:08:37.242046 2020] [wsgi:error] [pid 30791:tid 140031637395200] [remote 66.249.73.99:42748] [13280066, 576675, 916368, 23942, '9 minutes', 1698, 50466, 8723, 215, 577327, 7544750, 664, 1895, 42, datetime.datetime(2020, 7, 14, 15, 0, 1)]
[Tue Jul 14 15:12:47.432424 2020] [autoindex:error] [pid 30792:tid 140031427536640] [client 157.34.32.144:51865] AH01276: Cannot serve directory /mpd/site/public/static/: No matching DirectoryIndex (index.html,index.cgi,index.pl,index.php,index.xhtml,index.htm) found, and server-generated directory index forbidden by Options directive, referer: https://coronastats.co.in/india/districtdetail?name=Madhya%20Pradesh%20Guna
[Tue Jul 14 15:18:05.082800 2020] [wsgi:error] [pid 30791:tid 140031637395200] [remote 66.249.73.96:40076] Brazil
[Tue Jul 14 15:18:05.225816 2020] [wsgi:error] [pid 30791:tid 140031637395200] [remote 66.249.73.96:40076] [13280066, 576675, 916368, 23942, '18 minutes', 1698, 50466, 8723, 215, 577327, 7544750, 664, 1888889, 72950, datetime.datetime(2020, 7, 14, 15, 0, 1)]
[Tue Jul 14 15:37:01.133869 2020] [wsgi:error] [pid 30791:tid 140031519872768] [remote 66.249.73.96:44367] Monaco
[Tue Jul 14 15:37:01.283969 2020] [wsgi:error] [pid 30791:tid 140031519872768] [remote 66.249.73.96:44367] [13299907, 577068, 933450, 24281, '7 minutes', 2091, 70307, 25805, 554, 590219, 7558824, 676, 109, 4, datetime.datetime(2020, 7, 14, 15, 30, 1)]
[Tue Jul 14 15:46:29.083256 2020] [wsgi:error] [pid 30791:tid 140031637395200] [remote 66.249.73.103:42250] Nicaragua
[Tue Jul 14 15:46:29.235043 2020] [wsgi:error] [pid 30791:tid 140031637395200] [remote 66.249.73.103:42250] [13299907, 577068, 933450, 24281, '16 minutes', 2091, 70307, 25805, 554, 590219, 7558824, 676, 2846, 91, datetime.datetime(2020, 7, 14, 15, 30, 1)]
[Tue Jul 14 15:55:57.081914 2020] [wsgi:error] [pid 30791:tid 140031519872768] [remote 66.249.73.103:44665] Madagascar
[Tue Jul 14 15:55:57.228032 2020] [wsgi:error] [pid 30791:tid 140031519872768] [remote 66.249.73.103:44665] [13299907, 577068, 933450, 24281, '26 minutes', 2091, 70307, 25805, 554, 590219, 7558824, 676, 5343, 39, datetime.datetime(2020, 7, 14, 15, 30, 1)]
[Tue Jul 14 16:05:25.085688 2020] [wsgi:error] [pid 30791:tid 140031519872768] [remote 66.249.73.96:62671] Bangladesh
[Tue Jul 14 16:05:25.229833 2020] [wsgi:error] [pid 30791:tid 140031519872768] [remote 66.249.73.96:62671] [13308061, 577223, 933450, 24281, '5 minutes', 2246, 78461, 25805, 554, 590219, 7561845, 676, 190057, 2424, datetime.datetime(2020, 7, 14, 16, 0, 1)]
[Tue Jul 14 16:14:53.105472 2020] [wsgi:error] [pid 30791:tid 140031519872768] [remote 66.249.73.96:49893] Mozambique
[Tue Jul 14 16:14:53.255904 2020] [wsgi:error] [pid 30791:tid 140031519872768] [remote 66.249.73.96:49893] [13308061, 577223, 933450, 24281, '15 minutes', 2246, 78461, 25805, 554, 590219, 7561845, 676, 1268, 9, datetime.datetime(2020, 7, 14, 16, 0, 1)]
[Tue Jul 14 16:24:21.100385 2020] [wsgi:error] [pid 30791:tid 140031637395200] [remote 66.249.73.103:45665] Poland
[Tue Jul 14 16:24:21.249089 2020] [wsgi:error] [pid 30791:tid 140031637395200] [remote 66.249.73.103:45665] [13308061, 577223, 933450, 24281, '24 minutes', 2246, 78461, 25805, 554, 590219, 7561845, 676, 38457, 1588, datetime.datetime(2020, 7, 14, 16, 0, 1)]
[Tue Jul 14 16:33:49.130910 2020] [wsgi:error] [pid 30791:tid 140031519872768] [remote 66.249.73.103:57967] Seychelles
[Tue Jul 14 16:33:49.280328 2020] [wsgi:error] [pid 30791:tid 140031519872768] [remote 66.249.73.103:57967] [13308061, 577223, 933450, 24281, '34 minutes', 2246, 78461, 25805, 554, 590219, 7561845, 676, 100, 0, datetime.datetime(2020, 7, 14, 16, 0, 1)]
[Tue Jul 14 16:51:57.816118 2020] [autoindex:error] [pid 30792:tid 140031444322048] [client 207.46.13.152:11011] AH01276: Cannot serve directory /mpd/site/public/static/: No matching DirectoryIndex (index.html,index.cgi,index.pl,index.php,index.xhtml,index.htm) found, and server-generated directory index forbidden by Options directive
