[Tue Jul 14 17:11:41.103018 2020] [wsgi:error] [pid 30791:tid 140031519872768] [remote 66.249.73.103:56256] Burundi
[Tue Jul 14 17:11:41.248468 2020] [wsgi:error] [pid 30791:tid 140031519872768] [remote 66.249.73.103:56256] [13336616, 577861, 936368, 24314, '12 minutes', 2886, 106875, 28723, 587, 593013, 7576794, 678, 269, 1, datetime.datetime(2020, 7, 14, 17, 0, 2)]
[Tue Jul 14 17:21:09.101474 2020] [wsgi:error] [pid 30791:tid 140031519872768] [remote 66.249.73.96:54520] Denmark
[Tue Jul 14 17:21:09.250044 2020] [wsgi:error] [pid 30791:tid 140031519872768] [remote 66.249.73.96:54520] [13336616, 577861, 936368, 24314, '21 minutes', 2886, 106875, 28723, 587, 593013, 7576794, 678, 13061, 610, datetime.datetime(2020, 7, 14, 17, 0, 2)]
[Tue Jul 14 17:30:37.136169 2020] [wsgi:error] [pid 30791:tid 140031519872768] [remote 66.249.73.103:48096] Ireland
[Tue Jul 14 17:30:37.282490 2020] [wsgi:error] [pid 30791:tid 140031519872768] [remote 66.249.73.103:48096] [13336616, 577861, 936368, 24314, '31 minutes', 2886, 106875, 28723, 587, 593013, 7576794, 678, 25670, 1746, datetime.datetime(2020, 7, 14, 17, 0, 2)]
[Tue Jul 14 17:50:40.419914 2020] [wsgi:error] [pid 30791:tid 140031637395200] [remote 66.249.73.99:63323] Jamaica
[Tue Jul 14 17:50:40.569368 2020] [wsgi:error] [pid 30791:tid 140031637395200] [remote 66.249.73.99:63323] [13338899, 577933, 936368, 24314, '21 minutes', 2958, 109158, 28723, 587, 593013, 7580879, 678, 759, 10, datetime.datetime(2020, 7, 14, 17, 30, 1)]
[Tue Jul 14 17:59:01.528325 2020] [wsgi:error] [pid 30791:tid 140031637395200] [remote 66.249.73.103:41602] 
[Tue Jul 14 17:59:03.064676 2020] [wsgi:error] [pid 30791:tid 140031637395200] [remote 66.249.73.103:41602] [13338899, 577933, 936368, 24314, '29 minutes', 2958, 109158, 28723, 587, 593013, 7580879, 678, datetime.datetime(2020, 7, 14, 17, 30, 1)]
[Tue Jul 14 18:08:29.093498 2020] [wsgi:error] [pid 30791:tid 140031519872768] [remote 66.249.73.103:57083] Philippines
[Tue Jul 14 18:08:29.239576 2020] [wsgi:error] [pid 30791:tid 140031519872768] [remote 66.249.73.103:57083] [13341444, 577957, 936628, 24315, '8 minutes', 2982, 111703, 28983, 588, 593080, 7582345, 678, 57545, 1603, datetime.datetime(2020, 7, 14, 18, 0, 2)]
[Tue Jul 14 18:17:25.500216 2020] [wsgi:error] [pid 30791:tid 140031637395200] [remote 207.46.13.111:4599] Argentina
[Tue Jul 14 18:17:25.642789 2020] [wsgi:error] [pid 30791:tid 140031637395200] [remote 207.46.13.111:4599] [13341444, 577957, 936628, 24315, '17 minutes', 2982, 111703, 28983, 588, 593080, 7582345, 678, 103265, 1926, datetime.datetime(2020, 7, 14, 18, 0, 2)]
[Tue Jul 14 18:17:57.101928 2020] [wsgi:error] [pid 30791:tid 140031637395200] [remote 66.249.73.96:38840] Armenia
[Tue Jul 14 18:17:57.246262 2020] [wsgi:error] [pid 30791:tid 140031637395200] [remote 66.249.73.96:38840] [13341444, 577957, 936628, 24315, '18 minutes', 2982, 111703, 28983, 588, 593080, 7582345, 678, 32490, 581, datetime.datetime(2020, 7, 14, 18, 0, 2)]
[Tue Jul 14 18:23:22.055202 2020] [wsgi:error] [pid 30791:tid 140031519872768] [remote 207.46.13.143:1755] Myanmar
[Tue Jul 14 18:23:22.202637 2020] [wsgi:error] [pid 30791:tid 140031519872768] [remote 207.46.13.143:1755] [13341444, 577957, 936628, 24315, '23 minutes', 2982, 111703, 28983, 588, 593080, 7582345, 678, 337, 6, datetime.datetime(2020, 7, 14, 18, 0, 2)]
[Tue Jul 14 18:23:25.864088 2020] [wsgi:error] [pid 30791:tid 140031519872768] [remote 207.46.13.143:1755] Guatemala
[Tue Jul 14 18:23:26.007601 2020] [wsgi:error] [pid 30791:tid 140031519872768] [remote 207.46.13.143:1755] [13341444, 577957, 936628, 24315, '23 minutes', 2982, 111703, 28983, 588, 593080, 7582345, 678, 29742, 1244, datetime.datetime(2020, 7, 14, 18, 0, 2)]
[Tue Jul 14 18:27:25.098927 2020] [wsgi:error] [pid 30791:tid 140031519872768] [remote 66.249.73.99:55043] Switzerland
[Tue Jul 14 18:27:25.243564 2020] [wsgi:error] [pid 30791:tid 140031519872768] [remote 66.249.73.99:55043] [13341444, 577957, 936628, 24315, '27 minutes', 2982, 111703, 28983, 588, 593080, 7582345, 678, 33016, 1968, datetime.datetime(2020, 7, 14, 18, 0, 2)]
[Tue Jul 14 18:46:21.163445 2020] [wsgi:error] [pid 30791:tid 140031637395200] [remote 66.249.73.103:40684] Netherlands
[Tue Jul 14 18:46:21.316032 2020] [wsgi:error] [pid 30791:tid 140031637395200] [remote 66.249.73.103:40684] [13341467, 577963, 936628, 24315, '18 minutes', 2988, 111726, 28983, 588, 593080, 7582761, 678, 51146, 6135, datetime.datetime(2020, 7, 14, 18, 28, 1)]
[Tue Jul 14 18:55:49.076022 2020] [wsgi:error] [pid 30791:tid 140031519872768] [remote 66.249.73.96:50284] Costa Rica
[Tue Jul 14 18:55:49.221607 2020] [wsgi:error] [pid 30791:tid 140031519872768] [remote 66.249.73.96:50284] [13341467, 577963, 936628, 24315, '28 minutes', 2988, 111726, 28983, 588, 593080, 7582761, 678, 8036, 34, datetime.datetime(2020, 7, 14, 18, 28, 1)]
[Tue Jul 14 19:05:17.065755 2020] [wsgi:error] [pid 30791:tid 140031519872768] [remote 66.249.73.96:52265] Cabo Verde
[Tue Jul 14 19:05:17.212467 2020] [wsgi:error] [pid 30791:tid 140031519872768] [remote 66.249.73.96:52265] [13341467, 577963, 936628, 24315, '37 minutes', 2988, 111726, 28983, 588, 593080, 7582761, 678, 1722, 19, datetime.datetime(2020, 7, 14, 18, 28, 1)]
[Tue Jul 14 19:14:45.075616 2020] [wsgi:error] [pid 30791:tid 140031637395200] [remote 66.249.73.103:40141] Dominica
[Tue Jul 14 19:14:45.227925 2020] [wsgi:error] [pid 30791:tid 140031637395200] [remote 66.249.73.103:40141] [13345901, 577994, 936628, 24315, '15 minutes', 3019, 116160, 28983, 588, 593080, 7582946, 678, 18, 0, datetime.datetime(2020, 7, 14, 19, 0, 2)]
[Tue Jul 14 19:24:13.049500 2020] [wsgi:error] [pid 30791:tid 140031519872768] [remote 66.249.73.99:36013] Ethiopia
[Tue Jul 14 19:24:13.194699 2020] [wsgi:error] [pid 30791:tid 140031519872768] [remote 66.249.73.99:36013] [13345901, 577994, 936628, 24315, '24 minutes', 3019, 116160, 28983, 588, 593080, 7582946, 678, 7969, 139, datetime.datetime(2020, 7, 14, 19, 0, 2)]
[Tue Jul 14 19:33:41.067640 2020] [wsgi:error] [pid 30791:tid 140031637395200] [remote 66.249.73.103:47039] Suriname
[Tue Jul 14 19:33:41.221014 2020] [wsgi:error] [pid 30791:tid 140031637395200] [remote 66.249.73.103:47039] [13345901, 577994, 936628, 24315, '34 minutes', 3019, 116160, 28983, 588, 593080, 7582946, 678, 780, 18, datetime.datetime(2020, 7, 14, 19, 0, 2)]
[Tue Jul 14 19:43:09.087994 2020] [wsgi:error] [pid 30791:tid 140031519872768] [remote 66.249.73.103:62407] 
[Tue Jul 14 19:43:10.613303 2020] [wsgi:error] [pid 30791:tid 140031519872768] [remote 66.249.73.103:62407] [13363090, 578239, 936628, 24315, '13 minutes', 3264, 132507, 28983, 588, 593080, 7594132, 678, datetime.datetime(2020, 7, 14, 19, 30, 1)]
[Tue Jul 14 19:52:37.090281 2020] [wsgi:error] [pid 30791:tid 140031519872768] [remote 66.249.73.103:63864] Thailand
[Tue Jul 14 19:52:37.243881 2020] [wsgi:error] [pid 30791:tid 140031519872768] [remote 66.249.73.103:63864] [13363090, 578239, 936628, 24315, '23 minutes', 3264, 132507, 28983, 588, 593080, 7594132, 678, 3227, 58, datetime.datetime(2020, 7, 14, 19, 30, 1)]
[Tue Jul 14 20:02:05.095081 2020] [wsgi:error] [pid 30791:tid 140031519872768] [remote 66.249.73.99:56726] Argentina
[Tue Jul 14 20:02:05.243305 2020] [wsgi:error] [pid 30791:tid 140031519872768] [remote 66.249.73.99:56726] [13363090, 578239, 936628, 24315, '32 minutes', 3264, 132507, 28983, 588, 593080, 7594132, 678, 103265, 1926, datetime.datetime(2020, 7, 14, 19, 30, 1)]
[Tue Jul 14 20:11:33.087253 2020] [wsgi:error] [pid 30791:tid 140031519872768] [remote 66.249.73.96:47560] Singapore
[Tue Jul 14 20:11:33.240602 2020] [wsgi:error] [pid 30791:tid 140031519872768] [remote 66.249.73.96:47560] [13367957, 578323, 937487, 24315, '12 minutes', 3348, 137374, 29842, 588, 593080, 7595604, 679, 46630, 27, datetime.datetime(2020, 7, 14, 20, 0, 1)]
[Tue Jul 14 20:22:09.720886 2020] [wsgi:error] [pid 30791:tid 140031637395200] [remote 66.249.73.103:45129] Sint Maarten
[Tue Jul 14 20:22:09.869909 2020] [wsgi:error] [pid 30791:tid 140031637395200] [remote 66.249.73.103:45129] [13367957, 578323, 937487, 24315, '22 minutes', 3348, 137374, 29842, 588, 593080, 7595604, 679, 78, 15, datetime.datetime(2020, 7, 14, 20, 0, 1)]
[Tue Jul 14 20:24:27.450707 2020] [wsgi:error] [pid 30791:tid 140031519872768] [remote 66.249.73.103:60923] Sierra Leone
[Tue Jul 14 20:24:27.593015 2020] [wsgi:error] [pid 30791:tid 140031519872768] [remote 66.249.73.103:60923] [13367957, 578323, 937487, 24315, '24 minutes', 3348, 137374, 29842, 588, 593080, 7595604, 679, 1651, 64, datetime.datetime(2020, 7, 14, 20, 0, 1)]
[Tue Jul 14 20:26:24.578934 2020] [wsgi:error] [pid 30791:tid 140031637395200] [remote 66.249.73.103:62819] Greenland
[Tue Jul 14 20:26:24.724663 2020] [wsgi:error] [pid 30791:tid 140031637395200] [remote 66.249.73.103:62819] [13367957, 578323, 937487, 24315, '26 minutes', 3348, 137374, 29842, 588, 593080, 7595604, 679, 13, 0, datetime.datetime(2020, 7, 14, 20, 0, 1)]
[Tue Jul 14 20:28:46.521070 2020] [wsgi:error] [pid 30791:tid 140031519872768] [remote 66.249.73.99:58335] Faeroe Islands
[Tue Jul 14 20:28:46.662939 2020] [wsgi:error] [pid 30791:tid 140031519872768] [remote 66.249.73.99:58335] [13367957, 578323, 937487, 24315, '29 minutes', 3348, 137374, 29842, 588, 593080, 7595604, 679, 188, 0, datetime.datetime(2020, 7, 14, 20, 0, 1)]
[Tue Jul 14 20:28:49.030059 2020] [wsgi:error] [pid 30791:tid 140031637395200] [remote 66.249.73.96:35911] Cayman Islands
[Tue Jul 14 20:28:49.171929 2020] [wsgi:error] [pid 30791:tid 140031637395200] [remote 66.249.73.96:35911] [13367957, 578323, 937487, 24315, '29 minutes', 3348, 137374, 29842, 588, 593080, 7595604, 679, 203, 1, datetime.datetime(2020, 7, 14, 20, 0, 1)]
[Tue Jul 14 20:30:29.033992 2020] [wsgi:error] [pid 30791:tid 140031519872768] [remote 66.249.73.103:57152] Guatemala
[Tue Jul 14 20:30:29.176802 2020] [wsgi:error] [pid 30791:tid 140031519872768] [remote 66.249.73.103:57152] [13367957, 578323, 937487, 24315, '30 minutes', 3348, 137374, 29842, 588, 593080, 7595604, 679, 29742, 1244, datetime.datetime(2020, 7, 14, 20, 0, 1)]
[Tue Jul 14 20:37:15.619473 2020] [wsgi:error] [pid 30791:tid 140031637395200] [remote 66.249.73.99:44841] Montenegro
[Tue Jul 14 20:37:15.767345 2020] [wsgi:error] [pid 30791:tid 140031637395200] [remote 66.249.73.99:44841] [13367957, 578323, 937487, 24315, '37 minutes', 3348, 137374, 29842, 588, 593080, 7595604, 679, 1287, 24, datetime.datetime(2020, 7, 14, 20, 0, 1)]
[Tue Jul 14 20:46:43.096942 2020] [wsgi:error] [pid 30791:tid 140031637395200] [remote 66.249.73.99:58688] North Macedonia
[Tue Jul 14 20:46:43.244275 2020] [wsgi:error] [pid 30791:tid 140031637395200] [remote 66.249.73.99:58688] [13370191, 578360, 937487, 24315, '17 minutes', 3385, 139608, 29842, 588, 593080, 7607956, 679, 8332, 389, datetime.datetime(2020, 7, 14, 20, 30, 1)]
[Tue Jul 14 20:56:11.092944 2020] [wsgi:error] [pid 30791:tid 140031519872768] [remote 66.249.73.96:35871] Azerbaijan
[Tue Jul 14 20:56:11.241072 2020] [wsgi:error] [pid 30791:tid 140031519872768] [remote 66.249.73.96:35871] [13370191, 578360, 937487, 24315, '26 minutes', 3385, 139608, 29842, 588, 593080, 7607956, 679, 25113, 319, datetime.datetime(2020, 7, 14, 20, 30, 1)]
[Tue Jul 14 20:56:56.527305 2020] [wsgi:error] [pid 30791:tid 140031637395200] [remote 207.46.13.88:10848] Latvia
[Tue Jul 14 20:56:56.668935 2020] [wsgi:error] [pid 30791:tid 140031637395200] [remote 207.46.13.88:10848] [13370191, 578360, 937487, 24315, '27 minutes', 3385, 139608, 29842, 588, 593080, 7607956, 679, 1174, 31, datetime.datetime(2020, 7, 14, 20, 30, 1)]
[Tue Jul 14 21:24:35.082493 2020] [wsgi:error] [pid 30791:tid 140031519872768] [remote 66.249.73.96:40396] Guadeloupe
[Tue Jul 14 21:24:35.231960 2020] [wsgi:error] [pid 30791:tid 140031519872768] [remote 66.249.73.96:40396] [13376248, 578481, 937487, 24315, '25 minutes', 3506, 145665, 29842, 588, 593080, 7609141, 679, 190, 14, datetime.datetime(2020, 7, 14, 21, 0, 2)]
[Tue Jul 14 21:43:31.098916 2020] [wsgi:error] [pid 30791:tid 140031519872768] [remote 66.249.73.96:39532] Martinique
[Tue Jul 14 21:43:31.243759 2020] [wsgi:error] [pid 30791:tid 140031519872768] [remote 66.249.73.96:39532] [13412952, 579489, 937487, 24315, '13 minutes', 4514, 182369, 29842, 588, 593080, 7616241, 679, 255, 15, datetime.datetime(2020, 7, 14, 21, 30, 2)]
[Tue Jul 14 21:52:59.114347 2020] [wsgi:error] [pid 30791:tid 140031519872768] [remote 66.249.73.103:51443] Dominican Republic
[Tue Jul 14 21:52:59.261355 2020] [wsgi:error] [pid 30791:tid 140031519872768] [remote 66.249.73.103:51443] [13412952, 579489, 937487, 24315, '23 minutes', 4514, 182369, 29842, 588, 593080, 7616241, 679, 46305, 910, datetime.datetime(2020, 7, 14, 21, 30, 2)]
[Tue Jul 14 22:02:27.079362 2020] [wsgi:error] [pid 30791:tid 140031519872768] [remote 66.249.73.96:42129] Kazakhstan
[Tue Jul 14 22:02:27.226240 2020] [wsgi:error] [pid 30791:tid 140031519872768] [remote 66.249.73.96:42129] [13412952, 579489, 937487, 24315, '32 minutes', 4514, 182369, 29842, 588, 593080, 7616241, 679, 61755, 375, datetime.datetime(2020, 7, 14, 21, 30, 2)]
[Tue Jul 14 22:11:55.082597 2020] [wsgi:error] [pid 30791:tid 140031637395200] [remote 66.249.73.99:42122] S. Korea
[Tue Jul 14 22:11:55.231302 2020] [wsgi:error] [pid 30791:tid 140031637395200] [remote 66.249.73.99:42122] [13412952, 579489, 937487, 24315, '42 minutes', 4514, 182369, 29842, 588, 593080, 7616241, 679, 13512, 289, datetime.datetime(2020, 7, 14, 21, 30, 2)]
[Tue Jul 14 22:30:28.935409 2020] [wsgi:error] [pid 30791:tid 140031637395200] [remote 66.249.73.99:58592] Croatia
[Tue Jul 14 22:30:29.091230 2020] [wsgi:error] [pid 30791:tid 140031637395200] [remote 66.249.73.99:58592] [13420259, 579711, 937487, 24315, '30 minutes', 4736, 189676, 29842, 588, 593080, 7619415, 679, 3827, 120, datetime.datetime(2020, 7, 14, 22, 0, 1)]
[Tue Jul 14 22:30:51.119815 2020] [wsgi:error] [pid 30791:tid 140031519872768] [remote 66.249.73.96:42132] San Marino
[Tue Jul 14 22:30:51.261028 2020] [wsgi:error] [pid 30791:tid 140031519872768] [remote 66.249.73.96:42132] [13420259, 579711, 937487, 24315, '31 minutes', 4736, 189676, 29842, 588, 593080, 7619415, 679, 699, 42, datetime.datetime(2020, 7, 14, 22, 0, 1)]
[Tue Jul 14 22:44:59.931447 2020] [wsgi:error] [pid 30791:tid 140031637395200] [remote 207.46.13.111:21673] Seychelles
[Tue Jul 14 22:45:00.077154 2020] [wsgi:error] [pid 30791:tid 140031637395200] [remote 207.46.13.111:21673] [13431756, 579970, 937487, 24315, '15 minutes', 4995, 201173, 29842, 588, 593080, 7622510, 679, 100, 0, datetime.datetime(2020, 7, 14, 22, 30, 2)]
[Tue Jul 14 22:50:46.928416 2020] [wsgi:error] [pid 30791:tid 140031519872768] [remote 66.249.73.96:46753] Saint Lucia
[Tue Jul 14 22:50:47.076533 2020] [wsgi:error] [pid 30791:tid 140031519872768] [remote 66.249.73.96:46753] [13431756, 579970, 937487, 24315, '21 minutes', 4995, 201173, 29842, 588, 593080, 7622510, 679, 22, 0, datetime.datetime(2020, 7, 14, 22, 30, 2)]
[Tue Jul 14 23:08:43.091000 2020] [wsgi:error] [pid 30791:tid 140031637395200] [remote 66.249.73.99:56692] New Caledonia
[Tue Jul 14 23:08:43.236931 2020] [wsgi:error] [pid 30791:tid 140031637395200] [remote 66.249.73.99:56692] [13431756, 579970, 937487, 24315, '39 minutes', 4995, 201173, 29842, 588, 593080, 7622510, 679, 21, 0, datetime.datetime(2020, 7, 14, 22, 30, 2)]
[Tue Jul 14 23:46:35.083515 2020] [wsgi:error] [pid 30791:tid 140031519872768] [remote 66.249.73.96:46445] Isle of Man
[Tue Jul 14 23:46:35.230040 2020] [wsgi:error] [pid 30791:tid 140031519872768] [remote 66.249.73.96:46445] [13444202, 580231, 937487, 24315, '17 minutes', 5256, 213619, 29842, 588, 593080, 7624612, 679, 336, 24, datetime.datetime(2020, 7, 14, 23, 30, 1)]
[Wed Jul 15 00:02:23.476540 2020] [wsgi:error] [pid 30791:tid 140031637395200] [remote 207.46.13.111:8716] Iceland
[Wed Jul 15 00:02:23.627894 2020] [wsgi:error] [pid 30791:tid 140031637395200] [remote 207.46.13.111:8716] [13444202, 580231, 937487, 24315, '32 minutes', 5256, 213619, 29842, 588, 593080, 7624612, 679, 1905, 10, datetime.datetime(2020, 7, 14, 23, 30, 1)]
[Wed Jul 15 00:14:59.101605 2020] [wsgi:error] [pid 30791:tid 140031519872768] [remote 66.249.73.103:58952] French Guiana
[Wed Jul 15 00:14:59.249178 2020] [wsgi:error] [pid 30791:tid 140031519872768] [remote 66.249.73.103:58952] [13444202, 580231, 937487, 24315, '45 minutes', 5256, 213619, 29842, 588, 593080, 7624612, 679, 6229, 31, datetime.datetime(2020, 7, 14, 23, 30, 1)]
[Wed Jul 15 00:43:23.083911 2020] [wsgi:error] [pid 30791:tid 140031637395200] [remote 66.249.73.96:43637] Western Sahara
[Wed Jul 15 00:43:23.237857 2020] [wsgi:error] [pid 30791:tid 140031637395200] [remote 66.249.73.96:43637] [13445299, 580230, 937487, 24315, '43 minutes', 5255, 214716, 29842, 588, 593080, 7625351, 679, 10, 1, datetime.datetime(2020, 7, 15, 0, 0, 1)]
[Wed Jul 15 01:11:47.107014 2020] [wsgi:error] [pid 30791:tid 140031637395200] [remote 66.249.73.99:39012] Channel Islands
[Wed Jul 15 01:11:47.251607 2020] [wsgi:error] [pid 30791:tid 140031637395200] [remote 66.249.73.99:39012] [13446108, 580247, 937487, 24315, '42 minutes', 5311, 215525, 29842, 588, 593080, 7630239, 679, 581, 47, datetime.datetime(2020, 7, 15, 0, 30, 1)]
[Wed Jul 15 01:21:15.108010 2020] [wsgi:error] [pid 30791:tid 140031637395200] [remote 66.249.73.99:43355] French Polynesia
[Wed Jul 15 01:21:15.265541 2020] [wsgi:error] [pid 30791:tid 140031637395200] [remote 66.249.73.99:43355] [13447389, 580282, 937487, 24315, '21 minutes', 0, 0, 0, 0, 593080, 7635627, 679, 62, 0, datetime.datetime(2020, 7, 15, 1, 0, 1)]
[Wed Jul 15 01:40:11.310884 2020] [wsgi:error] [pid 30791:tid 140031603824384] [remote 66.249.73.99:53288] Falkland Islands
[Wed Jul 15 01:40:11.462259 2020] [wsgi:error] [pid 30791:tid 140031603824384] [remote 66.249.73.99:53288] [13447389, 580282, 937487, 24315, '40 minutes', 0, 0, 0, 0, 593080, 7635627, 679, 13, 0, datetime.datetime(2020, 7, 15, 1, 0, 1)]
[Wed Jul 15 02:00:43.849677 2020] [wsgi:error] [pid 30791:tid 140031637395200] [remote 66.249.73.99:55882] Albania
[Wed Jul 15 02:00:43.999650 2020] [wsgi:error] [pid 30791:tid 140031637395200] [remote 66.249.73.99:55882] [13454490, 581118, 937487, 24315, '31 minutes', 836, 7101, 0, 0, 593080, 7640644, 679, 3667, 97, datetime.datetime(2020, 7, 15, 1, 30, 1)]
[Wed Jul 15 02:08:35.102476 2020] [wsgi:error] [pid 30791:tid 140031637395200] [remote 66.249.73.96:54991] Papua New Guinea
[Wed Jul 15 02:08:35.251965 2020] [wsgi:error] [pid 30791:tid 140031637395200] [remote 66.249.73.96:54991] [13454490, 581118, 937487, 24315, '39 minutes', 836, 7101, 0, 0, 593080, 7640644, 679, 11, 0, datetime.datetime(2020, 7, 15, 1, 30, 1)]
[Wed Jul 15 02:57:39.631372 2020] [autoindex:error] [pid 30792:tid 140031477892864] [client 47.31.45.185:16984] AH01276: Cannot serve directory /mpd/site/public/static/: No matching DirectoryIndex (index.html,index.cgi,index.pl,index.php,index.xhtml,index.htm) found, and server-generated directory index forbidden by Options directive, referer: https://coronastats.co.in/india/districtdetail?name=Andhra%20Pradesh%20Guntur
[Wed Jul 15 04:02:11.080077 2020] [wsgi:error] [pid 30791:tid 140031637395200] [remote 66.249.73.99:53356] Caribbean Netherlands
[Wed Jul 15 04:02:11.231535 2020] [wsgi:error] [pid 30791:tid 140031637395200] [remote 66.249.73.99:53356] [13457458, 581221, 937487, 24315, '32 minutes', 872, 8958, 0, 0, 593080, 7641377, 679, 7, 0, datetime.datetime(2020, 7, 15, 3, 30, 1)]
[Wed Jul 15 04:25:51.688540 2020] [wsgi:error] [pid 30791:tid 140031603824384] [remote 157.55.39.108:13915] Chile
[Wed Jul 15 04:25:51.835847 2020] [wsgi:error] [pid 30791:tid 140031603824384] [remote 157.55.39.108:13915] [13459235, 581221, 937487, 24315, '26 minutes', 872, 10735, 0, 0, 593080, 7643477, 679, 319493, 7069, datetime.datetime(2020, 7, 15, 4, 0, 2)]
[Wed Jul 15 04:34:22.464219 2020] [wsgi:error] [pid 30791:tid 140031603824384] [remote 207.46.13.111:7249] Comoros
[Wed Jul 15 04:34:22.606855 2020] [wsgi:error] [pid 30791:tid 140031603824384] [remote 207.46.13.111:7249] [13459235, 581221, 937487, 24315, '34 minutes', 872, 10735, 0, 0, 593080, 7643477, 679, 321, 7, datetime.datetime(2020, 7, 15, 4, 0, 2)]
[Wed Jul 15 05:24:21.068549 2020] [autoindex:error] [pid 30792:tid 140031410751232] [client 47.31.59.7:28422] AH01276: Cannot serve directory /mpd/site/public/static/: No matching DirectoryIndex (index.html,index.cgi,index.pl,index.php,index.xhtml,index.htm) found, and server-generated directory index forbidden by Options directive, referer: https://coronastats.co.in/india/districtdetail?name=Andhra%20Pradesh%20Guntur
[Wed Jul 15 05:25:56.410416 2020] [wsgi:error] [pid 30791:tid 140031603824384] [remote 47.31.59.7:13547] Malawi
[Wed Jul 15 05:25:56.554769 2020] [wsgi:error] [pid 30791:tid 140031603824384] [remote 47.31.59.7:13547] [13462655, 581316, 937487, 24315, '26 minutes', 967, 14155, 0, 0, 593080, 7645753, 679, 2497, 40, datetime.datetime(2020, 7, 15, 5, 0, 2)]
[Wed Jul 15 06:20:33.199297 2020] [wsgi:error] [pid 30791:tid 140031603824384] [remote 40.77.167.1:3508] Eritrea
[Wed Jul 15 06:20:33.347102 2020] [wsgi:error] [pid 30791:tid 140031603824384] [remote 40.77.167.1:3508] [13462868, 581317, 937487, 24315, '51 minutes', 968, 14368, 0, 0, 593080, 7645754, 679, 232, 0, datetime.datetime(2020, 7, 15, 5, 30, 1)]
Exception ignored in: <bound method BaseEventLoop.__del__ of <_UnixSelectorEventLoop running=False closed=False debug=False>>
Traceback (most recent call last):
  File "/usr/lib/python3.6/asyncio/base_events.py", line 526, in __del__
NameError: name 'ResourceWarning' is not defined
[Wed Jul 15 06:25:04.061194 2020] [ssl:warn] [pid 20627:tid 140031766731712] AH01909: www.coronastats.co.in:443:0 server certificate does NOT include an ID which matches the server name
[Wed Jul 15 07:29:48.925031 2020] [wsgi:error] [pid 20752:tid 140031603824384] [remote 207.46.13.152:7054] Cameroon
[Wed Jul 15 07:29:49.076363 2020] [wsgi:error] [pid 20752:tid 140031603824384] [remote 207.46.13.152:7054] [13465183, 581405, 937844, 24327, '30 minutes', 1056, 16683, 357, 12, 593178, 7649988, 679, 15173, 359, datetime.datetime(2020, 7, 15, 7, 0, 1)]
[Wed Jul 15 08:48:11.837790 2020] [autoindex:error] [pid 20753:tid 140031477892864] [client 47.31.62.193:30598] AH01276: Cannot serve directory /mpd/site/public/static/: No matching DirectoryIndex (index.html,index.cgi,index.pl,index.php,index.xhtml,index.htm) found, and server-generated directory index forbidden by Options directive, referer: https://coronastats.co.in/india/districtdetail?name=Chhattisgarh%20Gariaband
[Wed Jul 15 10:57:52.664120 2020] [wsgi:error] [pid 20752:tid 140031603824384] [remote 207.46.13.111:13553] Mali
[Wed Jul 15 10:57:52.821605 2020] [wsgi:error] [pid 20752:tid 140031603824384] [remote 207.46.13.111:13553] [13481946, 581732, 939192, 24327, '58 minutes', 1383, 33534, 1705, 12, 593198, 7666424, 680, 2423, 121, datetime.datetime(2020, 7, 15, 10, 0, 1)]
[Wed Jul 15 13:22:58.521154 2020] [wsgi:error] [pid 20752:tid 140031637395200] [remote 144.76.176.171:46734] Cura\xc3\xa7ao
[Wed Jul 15 13:22:58.666880 2020] [wsgi:error] [pid 20752:tid 140031637395200] [remote 144.76.176.171:46734] [13499329, 582233, 941630, 24371, '23 minutes', 1884, 50778, 4143, 56, 594723, 7678889, 682, 26, 1, datetime.datetime(2020, 7, 15, 13, 0, 1)]
[Wed Jul 15 13:23:00.436899 2020] [wsgi:error] [pid 20752:tid 140031603824384] [remote 144.76.176.171:46734] R\xc3\xa9union
[Wed Jul 15 13:23:00.584575 2020] [wsgi:error] [pid 20752:tid 140031603824384] [remote 144.76.176.171:46734] [13499329, 582233, 941630, 24371, '23 minutes', 1884, 50778, 4143, 56, 594723, 7678889, 682, 599, 3, datetime.datetime(2020, 7, 15, 13, 0, 1)]
[Wed Jul 15 13:43:54.120237 2020] [autoindex:error] [pid 20753:tid 140031377180416] [client 47.31.55.172:20858] AH01276: Cannot serve directory /mpd/site/public/static/: No matching DirectoryIndex (index.html,index.cgi,index.pl,index.php,index.xhtml,index.htm) found, and server-generated directory index forbidden by Options directive, referer: https://coronastats.co.in/india/districtdetail?name=Arunachal%20Pradesh%20West%20Siang
[Wed Jul 15 14:26:59.179278 2020] [wsgi:error] [pid 20752:tid 140031637395200] [remote 66.249.64.167:39543] Saint Pierre Miquelon
[Wed Jul 15 14:26:59.328364 2020] [wsgi:error] [pid 20752:tid 140031637395200] [remote 66.249.64.167:39543] [13504175, 582323, 941660, 24371, '27 minutes', 1974, 55624, 4173, 56, 594739, 7686346, 682, 2, 0, datetime.datetime(2020, 7, 15, 14, 0, 1)]
[Wed Jul 15 15:25:55.165765 2020] [autoindex:error] [pid 20753:tid 140031646312192] [client 157.34.12.92:59964] AH01276: Cannot serve directory /mpd/site/public/static/: No matching DirectoryIndex (index.html,index.cgi,index.pl,index.php,index.xhtml,index.htm) found, and server-generated directory index forbidden by Options directive, referer: https://coronastats.co.in/india/districtdetail?name=Madhya%20Pradesh%20Bhind
[Wed Jul 15 15:27:18.293664 2020] [autoindex:error] [pid 20754:tid 140031477892864] [client 157.34.12.92:59966] AH01276: Cannot serve directory /mpd/site/public/static/: No matching DirectoryIndex (index.html,index.cgi,index.pl,index.php,index.xhtml,index.htm) found, and server-generated directory index forbidden by Options directive, referer: https://coronastats.co.in/india/districtdetail?name=Madhya%20Pradesh%20Morena
[Wed Jul 15 15:27:41.691267 2020] [autoindex:error] [pid 20754:tid 140031452714752] [client 157.34.12.92:59968] AH01276: Cannot serve directory /mpd/site/public/static/: No matching DirectoryIndex (index.html,index.cgi,index.pl,index.php,index.xhtml,index.htm) found, and server-generated directory index forbidden by Options directive, referer: https://coronastats.co.in/india/districtdetail?name=Madhya%20Pradesh%20Gwalior
[Wed Jul 15 15:28:33.688467 2020] [autoindex:error] [pid 20754:tid 140031536641792] [client 157.34.1.64:59970] AH01276: Cannot serve directory /mpd/site/public/static/: No matching DirectoryIndex (index.html,index.cgi,index.pl,index.php,index.xhtml,index.htm) found, and server-generated directory index forbidden by Options directive, referer: https://coronastats.co.in/india/districtdetail?name=Madhya%20Pradesh%20Bhind
[Wed Jul 15 15:28:48.974720 2020] [autoindex:error] [pid 20754:tid 140031519856384] [client 157.34.28.248:59972] AH01276: Cannot serve directory /mpd/site/public/static/: No matching DirectoryIndex (index.html,index.cgi,index.pl,index.php,index.xhtml,index.htm) found, and server-generated directory index forbidden by Options directive, referer: https://coronastats.co.in/india/districtdetail?name=Madhya%20Pradesh%20Guna
[Wed Jul 15 15:33:11.659005 2020] [autoindex:error] [pid 20753:tid 140031561819904] [client 157.34.22.131:61619] AH01276: Cannot serve directory /mpd/site/public/static/: No matching DirectoryIndex (index.html,index.cgi,index.pl,index.php,index.xhtml,index.htm) found, and server-generated directory index forbidden by Options directive, referer: https://coronastats.co.in/india/districtdetail?name=Madhya%20Pradesh%20Ashoknagar
[Wed Jul 15 15:33:25.963150 2020] [autoindex:error] [pid 20753:tid 140031528249088] [client 157.34.22.131:61621] AH01276: Cannot serve directory /mpd/site/public/static/: No matching DirectoryIndex (index.html,index.cgi,index.pl,index.php,index.xhtml,index.htm) found, and server-generated directory index forbidden by Options directive, referer: https://coronastats.co.in/india/districtdetail?name=Madhya%20Pradesh%20Shivpuri
[Wed Jul 15 15:33:57.058510 2020] [autoindex:error] [pid 20754:tid 140031377180416] [client 157.34.13.104:61623] AH01276: Cannot serve directory /mpd/site/public/static/: No matching DirectoryIndex (index.html,index.cgi,index.pl,index.php,index.xhtml,index.htm) found, and server-generated directory index forbidden by Options directive, referer: https://coronastats.co.in/india/districtdetail?name=Madhya%20Pradesh%20Vidisha
[Wed Jul 15 15:54:01.210709 2020] [wsgi:error] [pid 20752:tid 140031637395200] [remote 66.249.64.160:53157] Haiti
[Wed Jul 15 15:54:01.357577 2020] [wsgi:error] [pid 20752:tid 140031637395200] [remote 66.249.64.160:53157] [13538852, 583147, 959993, 24865, '24 minutes', 2798, 90301, 22506, 550, 609831, 7702193, 695, 6831, 143, datetime.datetime(2020, 7, 15, 15, 30, 1)]
[Wed Jul 15 17:04:25.128077 2020] [wsgi:error] [pid 20752:tid 140031603824384] [remote 207.46.13.194:9745] Honduras
[Wed Jul 15 17:04:25.275271 2020] [wsgi:error] [pid 20752:tid 140031603824384] [remote 207.46.13.194:9745] [13558783, 583511, 965858, 24901, '34 minutes', 3162, 110232, 28371, 586, 611286, 7707755, 700, 29106, 807, datetime.datetime(2020, 7, 15, 16, 30, 1)]
[Wed Jul 15 19:48:51.180004 2020] [wsgi:error] [pid 20752:tid 140031603824384] [remote 66.249.64.163:60619] British Virgin Islands
[Wed Jul 15 19:48:51.328012 2020] [wsgi:error] [pid 20752:tid 140031603824384] [remote 66.249.64.163:60619] [13588054, 583879, 970169, 24929, '19 minutes', 3459, 138992, 32682, 614, 613735, 7735200, 703, 8, 1, datetime.datetime(2020, 7, 15, 19, 30, 1)]
[Wed Jul 15 19:57:04.917544 2020] [wsgi:error] [pid 20752:tid 140031637395200] [remote 207.46.13.194:9914] Cura\xc3\xa7ao
[Wed Jul 15 19:57:05.067720 2020] [wsgi:error] [pid 20752:tid 140031637395200] [remote 207.46.13.194:9914] [13588054, 583879, 970169, 24929, '27 minutes', 3459, 138992, 32682, 614, 613735, 7735200, 703, 26, 1, datetime.datetime(2020, 7, 15, 19, 30, 1)]
[Wed Jul 15 20:30:22.546201 2020] [wsgi:error] [pid 20752:tid 140031637395200] [remote 157.55.39.108:10236] R\xc3\xa9union
[Wed Jul 15 20:30:22.699408 2020] [wsgi:error] [pid 20752:tid 140031637395200] [remote 157.55.39.108:10236] [13605772, 584092, 970169, 24929, '30 minutes', 3672, 156710, 32682, 614, 613735, 7751132, 703, 599, 3, datetime.datetime(2020, 7, 15, 20, 0, 1)]
[Wed Jul 15 22:11:55.054255 2020] [wsgi:error] [pid 20752:tid 140031637395200] [remote 207.46.13.111:17985] Egypt
[Wed Jul 15 22:11:55.206793 2020] [wsgi:error] [pid 20752:tid 140031637395200] [remote 207.46.13.111:17985] [13624468, 584472, 970169, 24929, '42 minutes', 4052, 175406, 32682, 614, 613735, 7765851, 703, 84843, 4067, datetime.datetime(2020, 7, 15, 21, 30, 1)]
[Thu Jul 16 02:43:11.165925 2020] [wsgi:error] [pid 20752:tid 140031603824384] [remote 207.46.13.88:14533] Martinique
[Thu Jul 16 02:43:11.323152 2020] [wsgi:error] [pid 20752:tid 140031603824384] [remote 207.46.13.88:14533] [13624468, 584472, 970169, 24929, '313 minutes', 4052, 175406, 32682, 614, 613735, 7765851, 703, 255, 15, datetime.datetime(2020, 7, 15, 21, 30, 1)]
[Thu Jul 16 02:54:13.903179 2020] [autoindex:error] [pid 20753:tid 140031461107456] [client 157.34.3.107:45862] AH01276: Cannot serve directory /mpd/site/public/static/: No matching DirectoryIndex (index.html,index.cgi,index.pl,index.php,index.xhtml,index.htm) found, and server-generated directory index forbidden by Options directive, referer: https://coronastats.co.in/india/districtdetail?name=Madhya%20Pradesh%20Vidisha
[Thu Jul 16 04:37:46.978658 2020] [wsgi:error] [pid 20752:tid 140031637395200] [remote 18.223.190.59:58829] Bolivia'A=0
[Thu Jul 16 04:37:47.121379 2020] [wsgi:error] [pid 20752:tid 140031637395200] [remote 18.223.190.59:58829] 1064 (42000): You have an error in your SQL syntax; check the manual that corresponds to your MySQL server version for the right syntax to use near 'A=0'' at line 1
[Thu Jul 16 04:37:47.123776 2020] [wsgi:error] [pid 20752:tid 140031637395200] [remote 18.223.190.59:58829] [13624468, 584472, 970169, 24929, '428 minutes', 4052, 175406, 32682, 614, 613735, 7765851, 703, datetime.datetime(2020, 7, 15, 21, 30, 1)]
[Thu Jul 16 05:09:56.732478 2020] [autoindex:error] [pid 20753:tid 140031435929344] [client 182.69.210.52:34318] AH01276: Cannot serve directory /mpd/site/public/static/: No matching DirectoryIndex (index.html,index.cgi,index.pl,index.php,index.xhtml,index.htm) found, and server-generated directory index forbidden by Options directive, referer: https://coronastats.co.in/india/districtdetail?name=Andhra%20Pradesh%20Vizianagaram
[Thu Jul 16 05:12:53.021334 2020] [wsgi:error] [pid 20752:tid 140031637395200] [remote 66.249.79.103:36925] Mayotte
[Thu Jul 16 05:12:53.170184 2020] [wsgi:error] [pid 20752:tid 140031637395200] [remote 66.249.79.103:36925] [13624468, 584472, 970169, 24929, '463 minutes', 4052, 175406, 32682, 614, 613735, 7765851, 703, 2724, 37, datetime.datetime(2020, 7, 15, 21, 30, 1)]
[Thu Jul 16 05:13:29.895898 2020] [autoindex:error] [pid 20754:tid 140031646312192] [client 182.69.210.52:34460] AH01276: Cannot serve directory /mpd/site/public/static/: No matching DirectoryIndex (index.html,index.cgi,index.pl,index.php,index.xhtml,index.htm) found, and server-generated directory index forbidden by Options directive, referer: https://coronastats.co.in/india/districtdetail?name=Andhra%20Pradesh%20Vizianagaram
[Thu Jul 16 05:13:54.507302 2020] [wsgi:error] [pid 20752:tid 140031637395200] [remote 182.69.210.52:34474] Aruba
[Thu Jul 16 05:13:54.653784 2020] [wsgi:error] [pid 20752:tid 140031637395200] [remote 182.69.210.52:34474] [13696738, 586885, 970169, 24929, '14 minutes', 690, 12942, 0, 0, 613735, 7949712, 703, 106, 3, datetime.datetime(2020, 7, 16, 5, 0, 1)]
[Thu Jul 16 05:14:35.317861 2020] [autoindex:error] [pid 20754:tid 140031452714752] [client 207.46.13.152:1210] AH01276: Cannot serve directory /mpd/site/public/static/: No matching DirectoryIndex (index.html,index.cgi,index.pl,index.php,index.xhtml,index.htm) found, and server-generated directory index forbidden by Options directive
[Thu Jul 16 05:14:57.970877 2020] [wsgi:error] [pid 20752:tid 140031637395200] [remote 182.69.210.52:34498] Armenia
[Thu Jul 16 05:14:58.125721 2020] [wsgi:error] [pid 20752:tid 140031637395200] [remote 182.69.210.52:34498] [13696738, 586885, 970169, 24929, '15 minutes', 690, 12942, 0, 0, 613735, 7949712, 703, 33005, 592, datetime.datetime(2020, 7, 16, 5, 0, 1)]
[Thu Jul 16 05:15:50.756199 2020] [wsgi:error] [pid 20752:tid 140031603824384] [remote 182.69.210.52:34500] about 0.1208563931286335
Exception ignored in: <bound method BaseEventLoop.__del__ of <_UnixSelectorEventLoop running=False closed=False debug=False>>
Traceback (most recent call last):
  File "/usr/lib/python3.6/asyncio/base_events.py", line 526, in __del__
NameError: name 'ResourceWarning' is not defined
[Thu Jul 16 05:19:16.262738 2020] [ssl:warn] [pid 8041:tid 140640831110080] AH01909: www.coronastats.co.in:443:0 server certificate does NOT include an ID which matches the server name
[Thu Jul 16 05:19:16.278312 2020] [ssl:warn] [pid 8049:tid 140640831110080] AH01909: www.coronastats.co.in:443:0 server certificate does NOT include an ID which matches the server name
[Thu Jul 16 05:19:29.381892 2020] [wsgi:error] [pid 8052:tid 140640701773568] [remote 182.69.210.52:34584] Aruba
[Thu Jul 16 05:19:29.537310 2020] [wsgi:error] [pid 8052:tid 140640701773568] [remote 182.69.210.52:34584] [13696738, 586885, 970169, 24929, '19 minutes', 690, 12942, 0, 0, 613735, 7949712, 703, 106, 3, datetime.datetime(2020, 7, 16, 5, 0, 1)]
Exception ignored in: <bound method BaseEventLoop.__del__ of <_UnixSelectorEventLoop running=False closed=False debug=False>>
Traceback (most recent call last):
  File "/usr/lib/python3.6/asyncio/base_events.py", line 526, in __del__
NameError: name 'ResourceWarning' is not defined
[Thu Jul 16 05:20:01.077662 2020] [ssl:warn] [pid 8170:tid 140413952969664] AH01909: www.coronastats.co.in:443:0 server certificate does NOT include an ID which matches the server name
[Thu Jul 16 05:20:01.094208 2020] [ssl:warn] [pid 8177:tid 140413952969664] AH01909: www.coronastats.co.in:443:0 server certificate does NOT include an ID which matches the server name
[Thu Jul 16 05:21:21.283731 2020] [wsgi:error] [pid 8180:tid 140413790062336] [remote 182.69.210.52:34586] Aruba
[Thu Jul 16 05:21:21.438671 2020] [wsgi:error] [pid 8180:tid 140413790062336] [remote 182.69.210.52:34586] [13696738, 586885, 970169, 24929, '21 minutes', 690, 12942, 0, 0, 613735, 7949712, 703, 106, 3, datetime.datetime(2020, 7, 16, 5, 0, 1)]
[Thu Jul 16 06:01:19.075373 2020] [wsgi:error] [pid 8180:tid 140413790062336] [remote 47.30.215.178:46908] Zambia
[Thu Jul 16 06:01:19.232220 2020] [wsgi:error] [pid 8180:tid 140413790062336] [remote 47.30.215.178:46908] [13697019, 586888, 970169, 24929, '31 minutes', 693, 13223, 0, 0, 613735, 7949917, 703, 1895, 42, datetime.datetime(2020, 7, 16, 5, 30, 2)]
[Thu Jul 16 06:11:00.176503 2020] [autoindex:error] [pid 8181:tid 140413679658752] [client 47.30.216.105:45968] AH01276: Cannot serve directory /mpd/site/public/static/: No matching DirectoryIndex (index.html,index.cgi,index.pl,index.php,index.xhtml,index.htm) found, and server-generated directory index forbidden by Options directive, referer: https://coronastats.co.in/india/districtdetail?name=Haryana%20Faridabad
Exception ignored in: <bound method BaseEventLoop.__del__ of <_UnixSelectorEventLoop running=False closed=False debug=False>>
Traceback (most recent call last):
  File "/usr/lib/python3.6/asyncio/base_events.py", line 526, in __del__
NameError: name 'ResourceWarning' is not defined
[Thu Jul 16 06:25:03.764997 2020] [ssl:warn] [pid 8177:tid 140413952969664] AH01909: www.coronastats.co.in:443:0 server certificate does NOT include an ID which matches the server name
[Thu Jul 16 07:04:36.831021 2020] [wsgi:error] [pid 9270:tid 140413790062336] [remote 207.46.13.152:1603] Djibouti
[Thu Jul 16 07:04:36.983208 2020] [wsgi:error] [pid 9270:tid 140413790062336] [remote 207.46.13.152:1603] [13697662, 586896, 970596, 24935, '35 minutes', 701, 13866, 427, 6, 613820, 7950025, 703, 4985, 56, datetime.datetime(2020, 7, 16, 6, 30, 1)]
[Thu Jul 16 07:11:09.894613 2020] [wsgi:error] [pid 9270:tid 140413706110720] [remote 157.55.39.108:2727] Nicaragua
[Thu Jul 16 07:11:10.044222 2020] [wsgi:error] [pid 9270:tid 140413706110720] [remote 157.55.39.108:2727] [13697662, 586896, 970596, 24935, '41 minutes', 701, 13866, 427, 6, 613820, 7950025, 703, 3147, 99, datetime.datetime(2020, 7, 16, 6, 30, 1)]
[Thu Jul 16 09:37:56.004119 2020] [wsgi:error] [pid 9270:tid 140413790062336] [remote 207.46.13.88:8290] Trinidad and Tobago
[Thu Jul 16 09:37:56.160674 2020] [wsgi:error] [pid 9270:tid 140413790062336] [remote 207.46.13.88:8290] [13699621, 586974, 970596, 24935, '158 minutes', 775, 15745, 427, 6, 613820, 7951828, 703, 133, 8, datetime.datetime(2020, 7, 16, 7, 0, 1)]
[Thu Jul 16 10:29:12.366630 2020] [wsgi:error] [pid 9270:tid 140413706110720] [remote 122.177.69.97:42586] Malawi
[Thu Jul 16 10:29:12.524458 2020] [wsgi:error] [pid 9270:tid 140413706110720] [remote 122.177.69.97:42586] [13699621, 586974, 970596, 24935, '209 minutes', 775, 15745, 427, 6, 613820, 7951828, 703, 2614, 43, datetime.datetime(2020, 7, 16, 7, 0, 1)]
[Thu Jul 16 12:20:11.329670 2020] [wsgi:error] [pid 9270:tid 140413790062336] [remote 207.46.13.152:10049] Bahamas
[Thu Jul 16 12:20:11.479194 2020] [wsgi:error] [pid 9270:tid 140413790062336] [remote 207.46.13.152:10049] [13699621, 586974, 970596, 24935, '320 minutes', 775, 15745, 427, 6, 613820, 7951828, 703, 119, 11, datetime.datetime(2020, 7, 16, 7, 0, 1)]
[Thu Jul 16 14:08:37.117733 2020] [wsgi:error] [pid 9270:tid 140413706110720] [remote 40.77.167.238:9093] Saint Lucia
[Thu Jul 16 14:08:37.262465 2020] [wsgi:error] [pid 9270:tid 140413706110720] [remote 40.77.167.238:9093] [13739612, 587919, 976826, 25020, '39 minutes', 1720, 55807, 6657, 91, 616453, 7983347, 708, 22, 0, datetime.datetime(2020, 7, 16, 13, 30, 1)]
[Thu Jul 16 14:44:06.292153 2020] [autoindex:error] [pid 9271:tid 140413637695232] [client 207.46.13.152:4861] AH01276: Cannot serve directory /mpd/site/public/static/: No matching DirectoryIndex (index.html,index.cgi,index.pl,index.php,index.xhtml,index.htm) found, and server-generated directory index forbidden by Options directive
[Thu Jul 16 15:08:29.897526 2020] [autoindex:error] [pid 9271:tid 140413730014976] [client 47.30.223.138:39146] AH01276: Cannot serve directory /mpd/site/public/static/: No matching DirectoryIndex (index.html,index.cgi,index.pl,index.php,index.xhtml,index.htm) found, and server-generated directory index forbidden by Options directive, referer: https://coronastats.co.in/india/districtdetail?name=Punjab%20Amritsar
[Thu Jul 16 15:09:08.808413 2020] [wsgi:error] [pid 9270:tid 140413706110720] [remote 47.30.223.138:39158] Pakistan
[Thu Jul 16 15:09:08.952513 2020] [wsgi:error] [pid 9270:tid 140413706110720] [remote 47.30.223.138:39158] [13742525, 588001, 979719, 25101, '39 minutes', 1802, 58720, 9550, 172, 619193, 7986102, 710, 257914, 5426, datetime.datetime(2020, 7, 16, 14, 30, 1)]
[Thu Jul 16 15:09:10.803394 2020] [wsgi:error] [pid 9270:tid 140413790062336] [remote 47.30.223.138:39158] Pakistan
[Thu Jul 16 15:09:10.942587 2020] [wsgi:error] [pid 9270:tid 140413790062336] [remote 47.30.223.138:39158] [13742525, 588001, 979719, 25101, '39 minutes', 1802, 58720, 9550, 172, 619193, 7986102, 710, 257914, 5426, datetime.datetime(2020, 7, 16, 14, 30, 1)]
[Thu Jul 16 15:09:12.768561 2020] [wsgi:error] [pid 9270:tid 140413706110720] [remote 47.30.223.138:39158] Pakistan
[Thu Jul 16 15:09:12.913678 2020] [wsgi:error] [pid 9270:tid 140413706110720] [remote 47.30.223.138:39158] [13742525, 588001, 979719, 25101, '39 minutes', 1802, 58720, 9550, 172, 619193, 7986102, 710, 257914, 5426, datetime.datetime(2020, 7, 16, 14, 30, 1)]
[Thu Jul 16 15:31:33.687698 2020] [wsgi:error] [pid 9270:tid 140413706110720] [remote 47.30.211.82:39192] Pakistan
[Thu Jul 16 15:31:33.840391 2020] [wsgi:error] [pid 9270:tid 140413706110720] [remote 47.30.211.82:39192] [13745330, 588111, 980710, 25122, '32 minutes', 1912, 61525, 10541, 193, 620194, 7987451, 710, 257914, 5426, datetime.datetime(2020, 7, 16, 15, 0, 1)]
[Thu Jul 16 15:42:22.268243 2020] [autoindex:error] [pid 9271:tid 140413713229568] [client 47.30.192.247:39260] AH01276: Cannot serve directory /mpd/site/public/static/: No matching DirectoryIndex (index.html,index.cgi,index.pl,index.php,index.xhtml,index.htm) found, and server-generated directory index forbidden by Options directive, referer: https://coronastats.co.in/india/districtdetail?name=Maharashtra%20Gondia
[Thu Jul 16 15:42:34.279418 2020] [wsgi:error] [pid 9270:tid 140413790062336] [remote 47.30.192.247:39262] about 0.1177729507908225
[Thu Jul 16 17:04:22.861965 2020] [autoindex:error] [pid 9272:tid 140413688051456] [client 157.34.91.225:47191] AH01276: Cannot serve directory /mpd/site/public/static/: No matching DirectoryIndex (index.html,index.cgi,index.pl,index.php,index.xhtml,index.htm) found, and server-generated directory index forbidden by Options directive, referer: https://coronastats.co.in/india/districtdetail?name=Madhya%20Pradesh%20Chhindwara
[Thu Jul 16 19:30:09.211051 2020] [autoindex:error] [pid 9271:tid 140413671266048] [client 47.30.221.91:40128] AH01276: Cannot serve directory /mpd/site/public/static/: No matching DirectoryIndex (index.html,index.cgi,index.pl,index.php,index.xhtml,index.htm) found, and server-generated directory index forbidden by Options directive, referer: https://coronastats.co.in/india/districtdetail?name=Arunachal%20Pradesh%20Lepa%20Rada
[Thu Jul 16 20:42:03.372542 2020] [wsgi:error] [pid 9270:tid 140413706110720] [remote 157.55.39.108:15672] Channel Islands
[Thu Jul 16 20:42:03.516291 2020] [wsgi:error] [pid 9270:tid 140413706110720] [remote 157.55.39.108:15672] [13836550, 589609, 1005637, 25609, '72 minutes', 3410, 152745, 35468, 680, 636602, 8031435, 728, 581, 47, datetime.datetime(2020, 7, 16, 19, 30, 2)]
[Thu Jul 16 22:53:12.859144 2020] [wsgi:error] [pid 9270:tid 140413790062336] [remote 66.249.79.96:59061] Bosnia and Herzegovina
[Thu Jul 16 22:53:13.002470 2020] [wsgi:error] [pid 9270:tid 140413790062336] [remote 66.249.79.96:59061] [13836550, 589609, 1005637, 25609, '203 minutes', 3410, 152745, 35468, 680, 636602, 8031435, 728, 7681, 240, datetime.datetime(2020, 7, 16, 19, 30, 2)]
[Thu Jul 16 22:54:05.405223 2020] [wsgi:error] [pid 9270:tid 140413706110720] [remote 66.249.79.96:53346] Saint Kitts and Nevis
[Thu Jul 16 22:54:05.547329 2020] [wsgi:error] [pid 9270:tid 140413706110720] [remote 66.249.79.96:53346] [13836550, 589609, 1005637, 25609, '204 minutes', 3410, 152745, 35468, 680, 636602, 8031435, 728, 17, 0, datetime.datetime(2020, 7, 16, 19, 30, 2)]
[Thu Jul 16 23:21:17.927277 2020] [wsgi:error] [pid 9270:tid 140413706110720] [remote 207.46.13.88:7709] Rwanda
[Thu Jul 16 23:21:18.079580 2020] [wsgi:error] [pid 9270:tid 140413706110720] [remote 207.46.13.88:7709] [13836550, 589609, 1005637, 25609, '231 minutes', 3410, 152745, 35468, 680, 636602, 8031435, 728, 1435, 4, datetime.datetime(2020, 7, 16, 19, 30, 2)]
[Fri Jul 17 00:05:59.285446 2020] [core:error] [pid 9271:tid 140413696444160] [client 159.65.121.162:53672] AH00126: Invalid URI in request GET '/xui/common/images/bg_status.php' HTTP/1.1
[Fri Jul 17 00:48:51.740354 2020] [wsgi:error] [pid 9270:tid 140413790062336] [remote 207.46.13.143:10206] El Salvador
[Fri Jul 17 00:48:51.899352 2020] [wsgi:error] [pid 9270:tid 140413790062336] [remote 207.46.13.143:10206] [13836550, 589609, 1005637, 25609, '319 minutes', 3410, 152745, 35468, 680, 636602, 8031435, 728, 10957, 298, datetime.datetime(2020, 7, 16, 19, 30, 2)]
[Fri Jul 17 03:25:23.454992 2020] [wsgi:error] [pid 9270:tid 140413790062336] [remote 40.77.167.145:14757] Belarus
[Fri Jul 17 03:25:23.611631 2020] [wsgi:error] [pid 9270:tid 140413790062336] [remote 40.77.167.145:14757] [13944232, 592631, 1005637, 25609, '85 minutes', 673, 6902, 0, 0, 636602, 8071039, 728, 65623, 485, datetime.datetime(2020, 7, 17, 2, 0, 1)]
[Fri Jul 17 03:29:54.860189 2020] [wsgi:error] [pid 9270:tid 140413714511616] [remote 66.249.79.99:52832] Suriname
[Fri Jul 17 03:29:55.012088 2020] [wsgi:error] [pid 9270:tid 140413714511616] [remote 66.249.79.99:52832] [13944232, 592631, 1005637, 25609, '90 minutes', 673, 6902, 0, 0, 636602, 8071039, 728, 904, 18, datetime.datetime(2020, 7, 17, 2, 0, 1)]
[Fri Jul 17 04:19:54.711251 2020] [wsgi:error] [pid 9270:tid 140413790062336] [remote 66.249.79.96:64128] Chile
[Fri Jul 17 04:19:54.870907 2020] [wsgi:error] [pid 9270:tid 140413790062336] [remote 66.249.79.96:64128] [13944232, 592631, 1005637, 25609, '140 minutes', 673, 6902, 0, 0, 636602, 8071039, 728, 323698, 7290, datetime.datetime(2020, 7, 17, 2, 0, 1)]
Exception ignored in: <bound method BaseEventLoop.__del__ of <_UnixSelectorEventLoop running=False closed=False debug=False>>
Traceback (most recent call last):
  File "/usr/lib/python3.6/asyncio/base_events.py", line 526, in __del__
NameError: name 'ResourceWarning' is not defined
[Fri Jul 17 06:25:03.690926 2020] [ssl:warn] [pid 8177:tid 140413952969664] AH01909: www.coronastats.co.in:443:0 server certificate does NOT include an ID which matches the server name
[Fri Jul 17 06:30:30.411886 2020] [wsgi:error] [pid 28130:tid 140413790062336] [remote 207.46.13.143:2208] Guyana
[Fri Jul 17 06:30:30.569970 2020] [wsgi:error] [pid 28130:tid 140413790062336] [remote 207.46.13.143:2208] [13944232, 592631, 1005637, 25609, '270 minutes', 673, 6902, 0, 0, 636602, 8071039, 728, 315, 19, datetime.datetime(2020, 7, 17, 2, 0, 1)]
[Fri Jul 17 07:38:11.455718 2020] [wsgi:error] [pid 28130:tid 140413823633152] [remote 207.46.13.143:21506] Greece
[Fri Jul 17 07:38:11.610243 2020] [wsgi:error] [pid 28130:tid 140413823633152] [remote 207.46.13.143:21506] [13944232, 592631, 1005637, 25609, '338 minutes', 673, 6902, 0, 0, 636602, 8071039, 728, 3939, 193, datetime.datetime(2020, 7, 17, 2, 0, 1)]
[Fri Jul 17 07:54:00.874937 2020] [wsgi:error] [pid 28130:tid 140413790062336] [remote 66.249.79.103:39028] Burkina Faso
[Fri Jul 17 07:54:01.031563 2020] [wsgi:error] [pid 28130:tid 140413790062336] [remote 66.249.79.103:39028] [13944232, 592631, 1005637, 25609, '354 minutes', 673, 6902, 0, 0, 636602, 8071039, 728, 1038, 53, datetime.datetime(2020, 7, 17, 2, 0, 1)]
[Fri Jul 17 11:29:47.950805 2020] [autoindex:error] [pid 28132:tid 140413578946304] [client 122.177.69.97:37692] AH01276: Cannot serve directory /mpd/site/public/static/: No matching DirectoryIndex (index.html,index.cgi,index.pl,index.php,index.xhtml,index.htm) found, and server-generated directory index forbidden by Options directive, referer: https://coronastats.co.in/india/districtdetail?name=Himachal%20Pradesh%20%20Una%20%20%20%20%20%20%20%20%20%20%20%20%20%20%202020-07-12%20%20%20%20%20%2026%20%20%20%20%20%20%20%20138%20%20%20%20%20%20%20%20%200%20%20%20%20%20%20%20%20112
[Fri Jul 17 13:15:39.753406 2020] [wsgi:error] [pid 28130:tid 140413823633152] [remote 66.249.79.96:57820] Malta
[Fri Jul 17 13:15:39.907805 2020] [wsgi:error] [pid 28130:tid 140413823633152] [remote 66.249.79.96:57820] [13977535, 593438, 1008480, 25664, '136 minutes', 1474, 39164, 2843, 55, 637646, 8098479, 730, 674, 9, datetime.datetime(2020, 7, 17, 11, 0, 1)]
[Fri Jul 17 14:26:09.464025 2020] [wsgi:error] [pid 28130:tid 140413823633152] [remote 66.249.79.96:65053] Rwanda
[Fri Jul 17 14:26:09.613922 2020] [wsgi:error] [pid 28130:tid 140413823633152] [remote 66.249.79.96:65053] [13977535, 593438, 1008480, 25664, '206 minutes', 1474, 39164, 2843, 55, 637646, 8098479, 730, 1473, 4, datetime.datetime(2020, 7, 17, 11, 0, 1)]
[Fri Jul 17 15:25:22.933024 2020] [wsgi:error] [pid 28130:tid 140413790062336] [remote 40.77.167.152:16552] Botswana
[Fri Jul 17 15:25:23.091438 2020] [wsgi:error] [pid 28130:tid 140413790062336] [remote 40.77.167.152:16552] [13977535, 593438, 1008480, 25664, '265 minutes', 1474, 39164, 2843, 55, 637646, 8098479, 730, 522, 1, datetime.datetime(2020, 7, 17, 11, 0, 1)]
[Fri Jul 17 19:21:50.065816 2020] [wsgi:error] [pid 28130:tid 140413823633152] [remote 207.46.13.82:10593] Azerbaijan
[Fri Jul 17 19:21:50.219217 2020] [wsgi:error] [pid 28130:tid 140413823633152] [remote 207.46.13.82:10593] [13977535, 593438, 1008480, 25664, '502 minutes', 1474, 39164, 2843, 55, 637646, 8098479, 730, 26165, 334, datetime.datetime(2020, 7, 17, 11, 0, 1)]
