[Fri Jul 17 19:27:14.072265 2020] [wsgi:error] [pid 28130:tid 140413790062336] [remote 66.249.79.103:44276] Malawi
[Fri Jul 17 19:27:14.217682 2020] [wsgi:error] [pid 28130:tid 140413790062336] [remote 66.249.79.103:44276] [13977535, 593438, 1008480, 25664, '507 minutes', 1474, 39164, 2843, 55, 637646, 8098479, 730, 2712, 51, datetime.datetime(2020, 7, 17, 11, 0, 1)]
[Fri Jul 17 22:10:41.726701 2020] [wsgi:error] [pid 28130:tid 140413790062336] [remote 207.46.13.88:1671] Albania
[Fri Jul 17 22:10:41.873206 2020] [wsgi:error] [pid 28130:tid 140413790062336] [remote 207.46.13.88:1671] [13977535, 593438, 1008480, 25664, '671 minutes', 1474, 39164, 2843, 55, 637646, 8098479, 730, 3906, 107, datetime.datetime(2020, 7, 17, 11, 0, 1)]
[Sat Jul 18 00:06:46.819099 2020] [wsgi:error] [pid 28130:tid 140413823633152] [remote 52.47.155.68:62973] Caribbean Netherlands
[Sat Jul 18 00:06:46.968515 2020] [wsgi:error] [pid 28130:tid 140413823633152] [remote 52.47.155.68:62973] [13977535, 593438, 1008480, 25664, '787 minutes', 1474, 39164, 2843, 55, 637646, 8098479, 730, 9, 0, datetime.datetime(2020, 7, 17, 11, 0, 1)]
[Sat Jul 18 01:16:38.013925 2020] [wsgi:error] [pid 28130:tid 140413823633152] [remote 207.46.13.82:4639] Sao Tome and Principe
[Sat Jul 18 01:16:38.169118 2020] [wsgi:error] [pid 28130:tid 140413823633152] [remote 207.46.13.82:4639] [13977535, 593438, 1008480, 25664, '857 minutes', 1474, 39164, 2843, 55, 637646, 8098479, 730, 740, 14, datetime.datetime(2020, 7, 17, 11, 0, 1)]
[Sat Jul 18 02:28:07.468340 2020] [wsgi:error] [pid 28130:tid 140413823633152] [remote 157.55.39.234:7489] Isle of Man
[Sat Jul 18 02:28:07.613747 2020] [wsgi:error] [pid 28130:tid 140413823633152] [remote 157.55.39.234:7489] [13977535, 593438, 1008480, 25664, '928 minutes', 1474, 39164, 2843, 55, 637646, 8098479, 730, 336, 24, datetime.datetime(2020, 7, 17, 11, 0, 1)]
[Sat Jul 18 02:36:46.387501 2020] [wsgi:error] [pid 28130:tid 140413790062336] [remote 40.77.167.64:26905] Bosnia and Herzegovina
[Sat Jul 18 02:36:46.535033 2020] [wsgi:error] [pid 28130:tid 140413790062336] [remote 40.77.167.64:26905] [13977535, 593438, 1008480, 25664, '937 minutes', 1474, 39164, 2843, 55, 637646, 8098479, 730, 7681, 240, datetime.datetime(2020, 7, 17, 11, 0, 1)]
[Sat Jul 18 03:39:51.584103 2020] [wsgi:error] [pid 28130:tid 140413790062336] [remote 66.249.79.96:44704] Lesotho
[Sat Jul 18 03:39:51.736409 2020] [wsgi:error] [pid 28130:tid 140413790062336] [remote 66.249.79.96:44704] [13977535, 593438, 1008480, 25664, '1000 minutes', 1474, 39164, 2843, 55, 637646, 8098479, 730, 256, 3, datetime.datetime(2020, 7, 17, 11, 0, 1)]
[Sat Jul 18 03:43:16.051401 2020] [wsgi:error] [pid 28130:tid 140413823633152] [remote 207.46.13.3:5952] Serbia
[Sat Jul 18 03:43:16.197408 2020] [wsgi:error] [pid 28130:tid 140413823633152] [remote 207.46.13.3:5952] [13977535, 593438, 1008480, 25664, '1003 minutes', 1474, 39164, 2843, 55, 637646, 8098479, 730, 19717, 442, datetime.datetime(2020, 7, 17, 11, 0, 1)]
[Sat Jul 18 04:07:40.872312 2020] [wsgi:error] [pid 28130:tid 140413790062336] [remote 207.46.13.3:18917] Morocco
[Sat Jul 18 04:07:41.022538 2020] [wsgi:error] [pid 28130:tid 140413790062336] [remote 207.46.13.3:18917] [13977535, 593438, 1008480, 25664, '1028 minutes', 1474, 39164, 2843, 55, 637646, 8098479, 730, 16638, 263, datetime.datetime(2020, 7, 17, 11, 0, 1)]
[Sat Jul 18 05:36:24.532494 2020] [autoindex:error] [pid 28132:tid 140413832550144] [client 40.77.188.141:52094] AH01276: Cannot serve directory /mpd/site/public/static/: No matching DirectoryIndex (index.html,index.cgi,index.pl,index.php,index.xhtml,index.htm) found, and server-generated directory index forbidden by Options directive
Exception ignored in: <bound method BaseEventLoop.__del__ of <_UnixSelectorEventLoop running=False closed=False debug=False>>
Traceback (most recent call last):
  File "/usr/lib/python3.6/asyncio/base_events.py", line 526, in __del__
NameError: name 'ResourceWarning' is not defined
[Sat Jul 18 06:25:03.708854 2020] [ssl:warn] [pid 8177:tid 140413952969664] AH01909: www.coronastats.co.in:443:0 server certificate does NOT include an ID which matches the server name
[Sat Jul 18 07:26:08.201046 2020] [autoindex:error] [pid 17913:tid 140413671266048] [client 157.34.144.125:62254] AH01276: Cannot serve directory /mpd/site/public/static/: No matching DirectoryIndex (index.html,index.cgi,index.pl,index.php,index.xhtml,index.htm) found, and server-generated directory index forbidden by Options directive, referer: https://coronastats.co.in/india/districtdetail?name=Madhya%20Pradesh%20Guna
[Sat Jul 18 08:07:22.219641 2020] [autoindex:error] [pid 17913:tid 140413595731712] [client 157.34.159.54:57159] AH01276: Cannot serve directory /mpd/site/public/static/: No matching DirectoryIndex (index.html,index.cgi,index.pl,index.php,index.xhtml,index.htm) found, and server-generated directory index forbidden by Options directive, referer: https://coronastats.co.in/india/districtdetail?name=Madhya%20Pradesh%20Guna
[Sat Jul 18 08:57:25.769906 2020] [wsgi:error] [pid 17912:tid 140413790062336] [remote 207.46.13.3:4662] Mauritania
[Sat Jul 18 08:57:25.921237 2020] [wsgi:error] [pid 17912:tid 140413790062336] [remote 207.46.13.3:4662] [14194436, 599417, 1040457, 26285, '207 minutes', 880, 14684, 0, 0, 654078, 8264426, 754, 5710, 151, datetime.datetime(2020, 7, 18, 5, 30, 1)]
[Sat Jul 18 09:08:22.563584 2020] [autoindex:error] [pid 17913:tid 140413696444160] [client 122.177.69.97:57520] AH01276: Cannot serve directory /mpd/site/public/static/: No matching DirectoryIndex (index.html,index.cgi,index.pl,index.php,index.xhtml,index.htm) found, and server-generated directory index forbidden by Options directive, referer: https://coronastats.co.in/india/districtdetail?name=Odisha%20Rayagada
[Sat Jul 18 09:57:02.319594 2020] [autoindex:error] [pid 17914:tid 140413713229568] [client 122.177.69.97:48640] AH01276: Cannot serve directory /mpd/site/public/static/: No matching DirectoryIndex (index.html,index.cgi,index.pl,index.php,index.xhtml,index.htm) found, and server-generated directory index forbidden by Options directive, referer: https://coronastats.co.in/india/districtdetail?name=Uttar%20Pradesh%20Gautam%20Buddha%20Nagar
[Sat Jul 18 11:08:43.242367 2020] [wsgi:error] [pid 17912:tid 140413790062336] [remote 122.177.69.97:45184] USA
[Sat Jul 18 11:08:43.385066 2020] [wsgi:error] [pid 17912:tid 140413790062336] [remote 122.177.69.97:45184] [14194436, 599417, 1040457, 26285, '339 minutes', 880, 14684, 0, 0, 654078, 8264426, 754, 3770012, 142064, datetime.datetime(2020, 7, 18, 5, 30, 1)]
[Sat Jul 18 11:39:00.115154 2020] [autoindex:error] [pid 17913:tid 140413595731712] [client 122.177.69.97:45804] AH01276: Cannot serve directory /mpd/site/public/static/: No matching DirectoryIndex (index.html,index.cgi,index.pl,index.php,index.xhtml,index.htm) found, and server-generated directory index forbidden by Options directive, referer: https://coronastats.co.in/india/districtdetail?name=Uttar%20Pradesh%20Gautam%20Buddha%20Nagar
[Sat Jul 18 11:40:43.821037 2020] [autoindex:error] [pid 17913:tid 140413562160896] [client 122.177.69.97:45838] AH01276: Cannot serve directory /mpd/site/public/static/: No matching DirectoryIndex (index.html,index.cgi,index.pl,index.php,index.xhtml,index.htm) found, and server-generated directory index forbidden by Options directive, referer: https://coronastats.co.in/india/districtdetail?name=Uttar%20Pradesh%20Gautam%20Buddha%20Nagar
[Sat Jul 18 11:41:26.987578 2020] [wsgi:error] [pid 17912:tid 140413790062336] [remote 207.46.13.82:22189] Isle of Man
[Sat Jul 18 11:41:27.136951 2020] [wsgi:error] [pid 17912:tid 140413790062336] [remote 207.46.13.82:22189] [14221399, 600132, 1044963, 26347, '11 minutes', 1595, 41700, 4506, 62, 655667, 8284797, 757, 336, 24, datetime.datetime(2020, 7, 18, 11, 30, 1)]
[Sat Jul 18 12:14:47.914399 2020] [wsgi:error] [pid 17912:tid 140413790062336] [remote 207.46.13.3:8429] Dominica
[Sat Jul 18 12:14:48.077500 2020] [wsgi:error] [pid 17912:tid 140413790062336] [remote 207.46.13.3:8429] [14223646, 600156, 1044963, 26347, '15 minutes', 1616, 43875, 4506, 62, 655667, 8285938, 757, 18, 0, datetime.datetime(2020, 7, 18, 12, 0, 1)]
[Sat Jul 18 12:31:48.897812 2020] [wsgi:error] [pid 17912:tid 140413823633152] [remote 207.46.13.112:14722] Angola
[Sat Jul 18 12:31:49.046924 2020] [wsgi:error] [pid 17912:tid 140413823633152] [remote 207.46.13.112:14722] [14223646, 600156, 1044963, 26347, '32 minutes', 1616, 43875, 4506, 62, 655667, 8285938, 757, 638, 29, datetime.datetime(2020, 7, 18, 12, 0, 1)]
[Sat Jul 18 12:31:52.952950 2020] [wsgi:error] [pid 17912:tid 140413790062336] [remote 122.177.69.97:47062] USA
[Sat Jul 18 12:31:53.099405 2020] [wsgi:error] [pid 17912:tid 140413790062336] [remote 122.177.69.97:47062] [14223646, 600156, 1044963, 26347, '32 minutes', 1616, 43875, 4506, 62, 655667, 8285938, 757, 3771101, 142080, datetime.datetime(2020, 7, 18, 12, 0, 1)]
[Sat Jul 18 13:40:42.362355 2020] [wsgi:error] [pid 17912:tid 140413790062336] [remote 207.46.13.82:4093] Lesotho
[Sat Jul 18 13:40:42.520968 2020] [wsgi:error] [pid 17912:tid 140413790062336] [remote 207.46.13.82:4093] [14230773, 600304, 1046645, 26351, '41 minutes', 1764, 51002, 6188, 66, 656464, 8295177, 758, 359, 6, datetime.datetime(2020, 7, 18, 13, 0, 2)]
[Sat Jul 18 14:07:25.724142 2020] [wsgi:error] [pid 17912:tid 140413823633152] [remote 207.46.13.112:5206] Paraguay
[Sat Jul 18 14:07:25.891691 2020] [wsgi:error] [pid 17912:tid 140413823633152] [remote 207.46.13.112:5206] [14238078, 600430, 1053552, 26467, '37 minutes', 1890, 58307, 13095, 182, 661695, 8300449, 763, 3457, 28, datetime.datetime(2020, 7, 18, 13, 30, 1)]
[Sat Jul 18 14:23:51.764943 2020] [wsgi:error] [pid 17912:tid 140413790062336] [remote 207.46.13.3:8669] Antigua and Barbuda
[Sat Jul 18 14:23:51.922469 2020] [wsgi:error] [pid 17912:tid 140413790062336] [remote 207.46.13.3:8669] [14238943, 600445, 1053552, 26467, '24 minutes', 1907, 59172, 13095, 182, 661695, 8300881, 763, 76, 3, datetime.datetime(2020, 7, 18, 14, 0, 1)]
[Sat Jul 18 14:25:13.406914 2020] [wsgi:error] [pid 17912:tid 140413790062336] [remote 144.76.176.171:33040] Cura\xc3\xa7ao
[Sat Jul 18 14:25:13.563709 2020] [wsgi:error] [pid 17912:tid 140413790062336] [remote 144.76.176.171:33040] [14238943, 600445, 1053552, 26467, '25 minutes', 1907, 59172, 13095, 182, 661695, 8300881, 763, 28, 1, datetime.datetime(2020, 7, 18, 14, 0, 1)]
[Sat Jul 18 14:25:15.030150 2020] [wsgi:error] [pid 17912:tid 140413823633152] [remote 144.76.176.171:33040] R\xc3\xa9union
[Sat Jul 18 14:25:15.181093 2020] [wsgi:error] [pid 17912:tid 140413823633152] [remote 144.76.176.171:33040] [14238943, 600445, 1053552, 26467, '25 minutes', 1907, 59172, 13095, 182, 661695, 8300881, 763, 614, 3, datetime.datetime(2020, 7, 18, 14, 0, 1)]
[Sat Jul 18 14:31:09.409110 2020] [wsgi:error] [pid 17912:tid 140413823633152] [remote 207.46.13.3:2086] Israel
[Sat Jul 18 14:31:09.560397 2020] [wsgi:error] [pid 17912:tid 140413823633152] [remote 207.46.13.3:2086] [14238943, 600445, 1053552, 26467, '31 minutes', 1907, 59172, 13095, 182, 661695, 8300881, 763, 47459, 392, datetime.datetime(2020, 7, 18, 14, 0, 1)]
[Sat Jul 18 14:46:56.501261 2020] [wsgi:error] [pid 17912:tid 140413790062336] [remote 122.177.69.97:49140] USA
[Sat Jul 18 14:46:56.661575 2020] [wsgi:error] [pid 17912:tid 140413790062336] [remote 122.177.69.97:49140] [14242950, 600487, 1054247, 26476, '17 minutes', 1949, 63179, 13790, 191, 662652, 8302483, 764, 3773089, 142105, datetime.datetime(2020, 7, 18, 14, 30, 1)]
[Sat Jul 18 15:09:44.098402 2020] [wsgi:error] [pid 17912:tid 140413790062336] [remote 207.46.13.112:13055] Egypt
[Sat Jul 18 15:09:44.254097 2020] [wsgi:error] [pid 17912:tid 140413790062336] [remote 207.46.13.112:13055] [14242950, 600487, 1054247, 26476, '40 minutes', 1949, 63179, 13790, 191, 662652, 8302483, 764, 86474, 4188, datetime.datetime(2020, 7, 18, 14, 30, 1)]
[Sat Jul 18 15:16:40.505403 2020] [wsgi:error] [pid 17912:tid 140413790062336] [remote 207.46.13.3:8949] Mexico
[Sat Jul 18 15:16:40.657835 2020] [wsgi:error] [pid 17912:tid 140413790062336] [remote 207.46.13.3:8949] [14244753, 600520, 1055932, 26508, '17 minutes', 1982, 64982, 15475, 223, 664461, 8304292, 765, 331298, 38310, datetime.datetime(2020, 7, 18, 15, 0, 2)]
[Sat Jul 18 15:39:37.251142 2020] [autoindex:error] [pid 17913:tid 140413620909824] [client 122.177.69.97:49828] AH01276: Cannot serve directory /mpd/site/public/static/: No matching DirectoryIndex (index.html,index.cgi,index.pl,index.php,index.xhtml,index.htm) found, and server-generated directory index forbidden by Options directive, referer: https://coronastats.co.in/india/districtdetail?name=Dadra%20and%20Nagar%20Haveli%20and%20Daman%20and%20Diu%20%20Dadra%20and%20Nagar%20Haveli%20%202020-07-16%20%20%20%20%20%2072%20%20%20%20%20%20%20%20250%20%20%20%20%20%20%20%20%201%20%20%20%20%20%20%20%20177
[Sat Jul 18 15:40:22.774695 2020] [wsgi:error] [pid 17912:tid 140413823633152] [remote 122.177.69.97:49900] India
[Sat Jul 18 15:40:22.922311 2020] [wsgi:error] [pid 17912:tid 140413823633152] [remote 122.177.69.97:49900] [14244753, 600520, 1055932, 26508, '40 minutes', 1982, 64982, 15475, 223, 664461, 8304292, 765, 1055932, 26508, datetime.datetime(2020, 7, 18, 15, 0, 2)]
[Sat Jul 18 16:12:04.523938 2020] [wsgi:error] [pid 17912:tid 140413790062336] [remote 207.46.13.82:13986] Croatia
[Sat Jul 18 16:12:04.690238 2020] [wsgi:error] [pid 17912:tid 140413790062336] [remote 207.46.13.82:13986] [14249751, 600732, 1055932, 26508, '42 minutes', 2192, 69921, 15475, 223, 664461, 8304298, 765, 4253, 120, datetime.datetime(2020, 7, 18, 15, 30, 1)]
[Sat Jul 18 16:50:37.410406 2020] [wsgi:error] [pid 17912:tid 140413823633152] [remote 207.46.13.112:8389] Guyana
[Sat Jul 18 16:50:37.560862 2020] [wsgi:error] [pid 17912:tid 140413823633152] [remote 207.46.13.112:8389] [14272560, 601062, 1055932, 26508, '21 minutes', 2522, 92730, 15475, 223, 664461, 8316888, 765, 320, 19, datetime.datetime(2020, 7, 18, 16, 30, 1)]
[Sat Jul 18 17:59:43.482747 2020] [wsgi:error] [pid 17912:tid 140413790062336] [remote 139.167.54.220:56748] USA
[Sat Jul 18 17:59:43.637757 2020] [wsgi:error] [pid 17912:tid 140413790062336] [remote 139.167.54.220:56748] [14278531, 601255, 1055932, 26508, '30 minutes', 2715, 98701, 15475, 223, 664461, 8324273, 765, 3795887, 142445, datetime.datetime(2020, 7, 18, 17, 30, 1)]
[Sat Jul 18 18:00:14.420873 2020] [wsgi:error] [pid 17912:tid 140413823633152] [remote 139.167.54.220:56754] USA
[Sat Jul 18 18:00:14.571462 2020] [wsgi:error] [pid 17912:tid 140413823633152] [remote 139.167.54.220:56754] [14278531, 601255, 1055932, 26508, '30 minutes', 2715, 98701, 15475, 223, 664461, 8324273, 765, 3795887, 142445, datetime.datetime(2020, 7, 18, 17, 30, 1)]
[Sat Jul 18 18:01:54.464761 2020] [wsgi:error] [pid 17912:tid 140413790062336] [remote 139.167.54.220:56758] USA
[Sat Jul 18 18:01:54.616769 2020] [wsgi:error] [pid 17912:tid 140413790062336] [remote 139.167.54.220:56758] [14278531, 601255, 1055932, 26508, '32 minutes', 2715, 98701, 15475, 223, 664461, 8324273, 765, 3795887, 142445, datetime.datetime(2020, 7, 18, 17, 30, 1)]
[Sat Jul 18 18:44:17.531616 2020] [wsgi:error] [pid 17912:tid 140413790062336] [remote 207.46.13.112:22867] Liechtenstein
[Sat Jul 18 18:44:17.689154 2020] [wsgi:error] [pid 17912:tid 140413790062336] [remote 207.46.13.112:22867] [14280589, 601268, 1055932, 26508, '44 minutes', 2728, 100759, 15475, 223, 664461, 8325432, 765, 86, 1, datetime.datetime(2020, 7, 18, 18, 0, 1)]
[Sat Jul 18 19:27:53.990126 2020] [wsgi:error] [pid 17912:tid 140413823633152] [remote 207.46.13.3:11220] Dominican Republic
[Sat Jul 18 19:27:54.138096 2020] [wsgi:error] [pid 17912:tid 140413823633152] [remote 207.46.13.3:11220] [14305706, 601654, 1076747, 26828, '28 minutes', 3114, 125876, 36290, 543, 677579, 8339996, 780, 51519, 971, datetime.datetime(2020, 7, 18, 19, 0, 1)]
[Sat Jul 18 19:54:38.853436 2020] [wsgi:error] [pid 17912:tid 140413823633152] [remote 207.46.13.3:9040] Serbia
[Sat Jul 18 19:54:39.007074 2020] [wsgi:error] [pid 17912:tid 140413823633152] [remote 207.46.13.3:9040] [14306624, 601674, 1076747, 26828, '25 minutes', 3134, 126794, 36290, 543, 678010, 8340607, 780, 20498, 461, datetime.datetime(2020, 7, 18, 19, 30, 1)]
[Sat Jul 18 20:36:33.660004 2020] [wsgi:error] [pid 17912:tid 140413790062336] [remote 66.249.79.96:47736] Fiji
[Sat Jul 18 20:36:33.814960 2020] [wsgi:error] [pid 17912:tid 140413790062336] [remote 66.249.79.96:47736] [14329569, 601894, 1076747, 26828, '43 minutes', 3354, 149739, 36290, 543, 678010, 8345661, 780, 26, 0, datetime.datetime(2020, 7, 18, 19, 54, 2)]
[Sat Jul 18 21:07:26.085749 2020] [wsgi:error] [pid 17912:tid 140413823633152] [remote 207.46.13.3:7270] Gabon
[Sat Jul 18 21:07:26.242604 2020] [wsgi:error] [pid 17912:tid 140413823633152] [remote 207.46.13.3:7270] [14334609, 601988, 1076747, 26828, '37 minutes', 3448, 154779, 36290, 543, 678010, 8347765, 780, 6315, 46, datetime.datetime(2020, 7, 18, 20, 30, 1)]
[Sat Jul 18 21:29:19.481454 2020] [wsgi:error] [pid 17912:tid 140413790062336] [remote 207.46.13.3:4150] Belize
[Sat Jul 18 21:29:19.637682 2020] [wsgi:error] [pid 17912:tid 140413790062336] [remote 207.46.13.3:4150] [14337027, 602060, 1077864, 26828, '29 minutes', 3520, 157197, 37407, 543, 677630, 8350919, 781, 40, 2, datetime.datetime(2020, 7, 18, 21, 0, 1)]
[Sat Jul 18 22:40:03.839465 2020] [wsgi:error] [pid 17912:tid 140413823633152] [remote 207.46.13.82:8650] Ivory Coast
[Sat Jul 18 22:40:03.988181 2020] [wsgi:error] [pid 17912:tid 140413823633152] [remote 207.46.13.82:8650] [14371738, 602974, 1077864, 26828, '40 minutes', 4434, 191908, 37407, 543, 677630, 8366114, 781, 13912, 91, datetime.datetime(2020, 7, 18, 22, 0, 1)]
[Sat Jul 18 22:58:35.671794 2020] [wsgi:error] [pid 17912:tid 140413790062336] [remote 207.46.13.112:10660] Argentina
[Sat Jul 18 22:58:35.824348 2020] [wsgi:error] [pid 17912:tid 140413790062336] [remote 207.46.13.112:10660] [14374453, 603002, 1077864, 26828, '29 minutes', 4462, 194623, 37407, 543, 677630, 8366271, 781, 119301, 2204, datetime.datetime(2020, 7, 18, 22, 30, 1)]
[Sat Jul 18 23:01:00.431548 2020] [wsgi:error] [pid 17912:tid 140413823633152] [remote 157.55.39.136:9282] El Salvador
[Sat Jul 18 23:01:00.574898 2020] [wsgi:error] [pid 17912:tid 140413823633152] [remote 157.55.39.136:9282] [14374453, 603002, 1077864, 26828, '31 minutes', 4462, 194623, 37407, 543, 677630, 8366271, 781, 11508, 324, datetime.datetime(2020, 7, 18, 22, 30, 1)]
[Sat Jul 18 23:41:04.684100 2020] [wsgi:error] [pid 17912:tid 140413790062336] [remote 207.46.13.3:11311] Gambia
[Sat Jul 18 23:41:04.829675 2020] [wsgi:error] [pid 17912:tid 140413790062336] [remote 207.46.13.3:11311] [14401102, 604054, 1077864, 26828, '41 minutes', 4822, 210716, 37407, 543, 677630, 8379102, 781, 93, 4, datetime.datetime(2020, 7, 18, 23, 0, 1)]
[Sun Jul 19 00:20:13.740606 2020] [wsgi:error] [pid 17912:tid 140413790062336] [remote 207.46.13.3:2492] USA
[Sun Jul 19 00:20:13.894826 2020] [wsgi:error] [pid 17912:tid 140413790062336] [remote 207.46.13.3:2492] [14403944, 604084, 1077864, 26828, '50 minutes', 4852, 213558, 37407, 543, 677630, 8379927, 781, 3831494, 142860, datetime.datetime(2020, 7, 18, 23, 30, 1)]
[Sun Jul 19 00:22:58.347881 2020] [wsgi:error] [pid 17912:tid 140413823633152] [remote 207.46.13.112:18065] Montserrat
[Sun Jul 19 00:22:58.493914 2020] [wsgi:error] [pid 17912:tid 140413823633152] [remote 207.46.13.112:18065] [14403944, 604084, 1077864, 26828, '53 minutes', 4852, 213558, 37407, 543, 677630, 8379927, 781, 12, 1, datetime.datetime(2020, 7, 18, 23, 30, 1)]
[Sun Jul 19 00:32:44.149930 2020] [wsgi:error] [pid 17912:tid 140413823633152] [remote 207.46.13.82:5591] New Caledonia
[Sun Jul 19 00:32:44.301068 2020] [wsgi:error] [pid 17912:tid 140413823633152] [remote 207.46.13.82:5591] [14407643, 604103, 1077864, 26828, '33 minutes', 4871, 217257, 37407, 543, 677630, 8380114, 781, 22, 0, datetime.datetime(2020, 7, 19, 0, 0, 1)]
[Sun Jul 19 01:19:47.308820 2020] [wsgi:error] [pid 17912:tid 140413790062336] [remote 207.46.13.112:15320] Peru
[Sun Jul 19 01:19:47.456375 2020] [wsgi:error] [pid 17912:tid 140413790062336] [remote 207.46.13.112:15320] [14409735, 604144, 1077864, 26828, '50 minutes', 4912, 219349, 37407, 543, 677630, 8381737, 781, 349500, 12998, datetime.datetime(2020, 7, 19, 0, 30, 1)]
[Sun Jul 19 01:22:48.153212 2020] [wsgi:error] [pid 17912:tid 140413790062336] [remote 122.177.69.97:44438] India
[Sun Jul 19 01:22:48.300337 2020] [wsgi:error] [pid 17912:tid 140413790062336] [remote 122.177.69.97:44438] [14409735, 604144, 1077864, 26828, '53 minutes', 4912, 219349, 37407, 543, 677630, 8381737, 781, 1077864, 26828, datetime.datetime(2020, 7, 19, 0, 30, 1)]
[Sun Jul 19 01:51:21.480276 2020] [wsgi:error] [pid 17912:tid 140413790062336] [remote 157.55.39.136:16098] Ethiopia
[Sun Jul 19 01:51:21.633244 2020] [wsgi:error] [pid 17912:tid 140413790062336] [remote 157.55.39.136:16098] [14414451, 604240, 1077864, 26828, '51 minutes', 5008, 224065, 37407, 543, 677630, 8400762, 781, 9147, 163, datetime.datetime(2020, 7, 19, 1, 0, 1)]
[Sun Jul 19 03:03:05.649859 2020] [wsgi:error] [pid 17912:tid 140413823633152] [remote 157.55.39.74:1514] Colombia
[Sun Jul 19 03:03:05.797393 2020] [wsgi:error] [pid 17912:tid 140413823633152] [remote 157.55.39.74:1514] [14422471, 604823, 1077864, 26828, '33 minutes', 583, 8017, 0, 0, 677630, 8405808, 781, 190700, 6516, datetime.datetime(2020, 7, 19, 2, 30, 1)]
[Sun Jul 19 03:07:43.561917 2020] [wsgi:error] [pid 17912:tid 140413790062336] [remote 157.55.39.74:19574] St. Vincent Grenadines
[Sun Jul 19 03:07:43.714386 2020] [wsgi:error] [pid 17912:tid 140413790062336] [remote 157.55.39.74:19574] [14422471, 604823, 1077864, 26828, '38 minutes', 583, 8017, 0, 0, 677630, 8405808, 781, 38, 0, datetime.datetime(2020, 7, 19, 2, 30, 1)]
[Sun Jul 19 03:07:44.321576 2020] [wsgi:error] [pid 17912:tid 140413823633152] [remote 207.46.13.3:12240] Algeria
[Sun Jul 19 03:07:44.469810 2020] [wsgi:error] [pid 17912:tid 140413823633152] [remote 207.46.13.3:12240] [14422471, 604823, 1077864, 26828, '38 minutes', 583, 8017, 0, 0, 677630, 8405808, 781, 22549, 1068, datetime.datetime(2020, 7, 19, 2, 30, 1)]
[Sun Jul 19 04:51:53.559137 2020] [wsgi:error] [pid 17912:tid 140413823633152] [remote 207.46.13.82:8284] Bolivia
[Sun Jul 19 04:51:53.714573 2020] [wsgi:error] [pid 17912:tid 140413823633152] [remote 207.46.13.82:8284] [14425865, 604917, 1077864, 26828, '52 minutes', 674, 11119, 0, 0, 677630, 8406345, 781, 58138, 2106, datetime.datetime(2020, 7, 19, 4, 0, 1)]
[Sun Jul 19 05:02:15.119292 2020] [wsgi:error] [pid 17912:tid 140413823633152] [remote 122.177.69.97:45394] about 0.13196563627570868
[Sun Jul 19 05:03:07.206971 2020] [wsgi:error] [pid 17912:tid 140413823633152] [remote 122.177.69.97:45466] about 0.019761741161346436
[Sun Jul 19 05:04:53.216834 2020] [wsgi:error] [pid 17912:tid 140413790062336] [remote 122.177.69.97:44942] about 0.019557694904506207
[Sun Jul 19 05:06:58.976017 2020] [autoindex:error] [pid 17913:tid 140413738407680] [client 122.177.69.97:34979] AH01276: Cannot serve directory /mpd/site/public/static/: No matching DirectoryIndex (index.html,index.cgi,index.pl,index.php,index.xhtml,index.htm) found, and server-generated directory index forbidden by Options directive, referer: https://coronastats.co.in/india/districtdetail?name=Maharashtra%20%20Palghar%20%20%20%20%20%20%20%20%20%202020-05-30%20%20%20%20%20610%20%20%20%20%20%20%20%20913%20%20%20%20%20%20%20%2023%20%20%20%20%20%20%20%20280
[Sun Jul 19 05:16:19.905582 2020] [wsgi:error] [pid 17912:tid 140413823633152] [remote 157.55.39.136:15900] Equatorial Guinea
[Sun Jul 19 05:16:20.055735 2020] [wsgi:error] [pid 17912:tid 140413823633152] [remote 157.55.39.136:15900] [14425865, 604917, 1077864, 26828, '76 minutes', 674, 11119, 0, 0, 677630, 8406345, 781, 3071, 51, datetime.datetime(2020, 7, 19, 4, 0, 1)]
[Sun Jul 19 05:23:44.013381 2020] [wsgi:error] [pid 17912:tid 140413790062336] [remote 157.55.39.136:1719] Austria
[Sun Jul 19 05:23:44.166889 2020] [wsgi:error] [pid 17912:tid 140413790062336] [remote 157.55.39.136:1719] [14425865, 604917, 1077864, 26828, '84 minutes', 674, 11119, 0, 0, 677630, 8406345, 781, 19573, 711, datetime.datetime(2020, 7, 19, 4, 0, 1)]
[Sun Jul 19 05:27:50.639466 2020] [wsgi:error] [pid 17912:tid 140413823633152] [remote 122.177.69.97:46186] India
[Sun Jul 19 05:27:50.794137 2020] [wsgi:error] [pid 17912:tid 140413823633152] [remote 122.177.69.97:46186] [14425865, 604917, 1077864, 26828, '88 minutes', 674, 11119, 0, 0, 677630, 8406345, 781, 1077864, 26828, datetime.datetime(2020, 7, 19, 4, 0, 1)]
[Sun Jul 19 05:28:39.202727 2020] [wsgi:error] [pid 17912:tid 140413790062336] [remote 122.177.69.97:46260] India
[Sun Jul 19 05:28:39.352531 2020] [wsgi:error] [pid 17912:tid 140413790062336] [remote 122.177.69.97:46260] [14425865, 604917, 1077864, 26828, '89 minutes', 674, 11119, 0, 0, 677630, 8406345, 781, 1077864, 26828, datetime.datetime(2020, 7, 19, 4, 0, 1)]
[Sun Jul 19 05:36:45.996326 2020] [wsgi:error] [pid 17912:tid 140413823633152] [remote 122.177.69.97:46702] Zambia
[Sun Jul 19 05:36:46.148333 2020] [wsgi:error] [pid 17912:tid 140413823633152] [remote 122.177.69.97:46702] [14425865, 604917, 1077864, 26828, '97 minutes', 674, 11119, 0, 0, 677630, 8406345, 781, 2980, 120, datetime.datetime(2020, 7, 19, 4, 0, 1)]
[Sun Jul 19 05:36:52.293347 2020] [wsgi:error] [pid 17912:tid 140413790062336] [remote 122.177.69.97:46722] USA
[Sun Jul 19 05:36:52.441358 2020] [wsgi:error] [pid 17912:tid 140413790062336] [remote 122.177.69.97:46722] [14425865, 604917, 1077864, 26828, '97 minutes', 674, 11119, 0, 0, 677630, 8406345, 781, 3833271, 142877, datetime.datetime(2020, 7, 19, 4, 0, 1)]
[Sun Jul 19 06:03:11.587021 2020] [autoindex:error] [pid 17913:tid 140413637695232] [client 122.177.69.97:41204] AH01276: Cannot serve directory /mpd/site/public/static/: No matching DirectoryIndex (index.html,index.cgi,index.pl,index.php,index.xhtml,index.htm) found, and server-generated directory index forbidden by Options directive, referer: https://coronastats.co.in/india/districtdetail?name=Bihar%20%20Darbhanga%20%20%20%20%20%20%202020-07-16%20%20%20%20%20%2059%20%20%20%20%20%20%20%20451%20%20%20%20%20%20%20%2010%20%20%20%20%20%20%20%20382
[Sun Jul 19 06:04:46.118989 2020] [autoindex:error] [pid 17914:tid 140413755193088] [client 122.177.69.97:41208] AH01276: Cannot serve directory /mpd/site/public/static/: No matching DirectoryIndex (index.html,index.cgi,index.pl,index.php,index.xhtml,index.htm) found, and server-generated directory index forbidden by Options directive, referer: https://coronastats.co.in/india/districtdetail?name=Bihar%20%20Darbhanga%20%20%20%20%20%20%202020-07-16%20%20%20%20%20%2059%20%20%20%20%20%20%20%20451%20%20%20%20%20%20%20%2010%20%20%20%20%20%20%20%20382
[Sun Jul 19 06:18:15.412261 2020] [wsgi:error] [pid 17913:tid 140413738407680] [client 122.177.69.97:48078] Timeout when reading response headers from daemon process 'abcd': /mpd/django/abcd/abcd/wsgi.py
[Sun Jul 19 06:19:56.289805 2020] [wsgi:error] [pid 17913:tid 140413671266048] [client 122.177.69.97:48100] Timeout when reading response headers from daemon process 'abcd': /mpd/django/abcd/abcd/wsgi.py
[Sun Jul 19 06:21:16.888801 2020] [wsgi:error] [pid 17914:tid 140413662873344] [client 66.249.79.96:39585] Timeout when reading response headers from daemon process 'abcd': /mpd/django/abcd/abcd/wsgi.py
[Sun Jul 19 06:23:11.221760 2020] [wsgi:error] [pid 17914:tid 140413646087936] [client 157.55.39.136:12516] Timeout when reading response headers from daemon process 'abcd': /mpd/django/abcd/abcd/wsgi.py
[Sun Jul 19 06:25:05.792970 2020] [wsgi:error] [pid 17913:tid 140413654480640] [client 66.249.79.103:38520] Truncated or oversized response headers received from daemon process 'abcd': /mpd/django/abcd/abcd/wsgi.py
[Sun Jul 19 06:25:05.794308 2020] [wsgi:error] [pid 17913:tid 140413688051456] [client 122.177.69.97:48126] Truncated or oversized response headers received from daemon process 'abcd': /mpd/django/abcd/abcd/wsgi.py
[Sun Jul 19 06:25:05.862720 2020] [ssl:warn] [pid 8177:tid 140413952969664] AH01909: www.coronastats.co.in:443:0 server certificate does NOT include an ID which matches the server name
[Sun Jul 19 06:28:42.199914 2020] [autoindex:error] [pid 7042:tid 140413662873344] [client 122.177.69.97:48206] AH01276: Cannot serve directory /mpd/site/public/static/: No matching DirectoryIndex (index.html,index.cgi,index.pl,index.php,index.xhtml,index.htm) found, and server-generated directory index forbidden by Options directive, referer: https://coronastats.co.in/india/districtdetail?name=Arunachal%20Pradesh%20Namsai
[Sun Jul 19 06:29:23.227284 2020] [wsgi:error] [pid 6996:tid 140413706110720] [remote 122.177.69.97:48232] Bermuda
[Sun Jul 19 06:29:23.381366 2020] [wsgi:error] [pid 6996:tid 140413706110720] [remote 122.177.69.97:48232] [14422471, 604823, 1077864, 26828, '239 minutes', 583, 8017, 0, 0, 677630, 8405808, 781, 153, 9, datetime.datetime(2020, 7, 19, 2, 30, 1)]
[Sun Jul 19 06:29:33.815300 2020] [wsgi:error] [pid 6996:tid 140413798455040] [remote 122.177.69.97:48238] Zimbabwe
[Sun Jul 19 06:29:33.965101 2020] [wsgi:error] [pid 6996:tid 140413798455040] [remote 122.177.69.97:48238] [14422471, 604823, 1077864, 26828, '240 minutes', 583, 8017, 0, 0, 677630, 8405808, 781, 1478, 25, datetime.datetime(2020, 7, 19, 2, 30, 1)]
[Sun Jul 19 06:31:44.900486 2020] [autoindex:error] [pid 6997:tid 140413654480640] [client 122.177.69.97:48308] AH01276: Cannot serve directory /mpd/site/public/static/: No matching DirectoryIndex (index.html,index.cgi,index.pl,index.php,index.xhtml,index.htm) found, and server-generated directory index forbidden by Options directive, referer: https://coronastats.co.in/india/districtdetail?name=Arunachal%20Pradesh%20West%20Siang
[Sun Jul 19 06:32:39.913747 2020] [wsgi:error] [pid 6996:tid 140413706110720] [remote 122.177.69.97:48326] about 0.12196810357272625
[Sun Jul 19 06:33:20.044777 2020] [autoindex:error] [pid 7042:tid 140413662873344] [client 122.177.69.97:48354] AH01276: Cannot serve directory /mpd/site/public/static/: No matching DirectoryIndex (index.html,index.cgi,index.pl,index.php,index.xhtml,index.htm) found, and server-generated directory index forbidden by Options directive, referer: https://coronastats.co.in/india/districtdetail?name=Uttar%20Pradesh%20%20Agra%20%20%20%20%20%20%20%20%20%20%20%20%20%20%20%20%202020-07-17%20%20%20%20%20160%20%20%20%20%20%20%201457%20%20%20%20%20%20%20%2096%20%20%20%20%20%20%201201
[Sun Jul 19 06:38:13.669092 2020] [wsgi:error] [pid 6996:tid 140413706110720] [remote 122.177.69.97:41266] about 0.022037697955965996
[Sun Jul 19 06:40:07.606724 2020] [wsgi:error] [pid 6996:tid 140413706110720] [remote 122.177.69.97:55045] about 0.0228574825450778
[Sun Jul 19 06:40:25.142568 2020] [autoindex:error] [pid 7042:tid 140413595731712] [client 122.177.69.97:55050] AH01276: Cannot serve directory /mpd/site/public/static/: No matching DirectoryIndex (index.html,index.cgi,index.pl,index.php,index.xhtml,index.htm) found, and server-generated directory index forbidden by Options directive, referer: https://coronastats.co.in/india/districtdetail?name=Gujarat%20%20Ahmedabad%20%20%20%20%20%20%20%202020-07-17%20%20%20%203635%20%20%20%20%20%2023964%20%20%20%20%20%201537%20%20%20%20%20%2018792
[Sun Jul 19 07:46:50.644446 2020] [autoindex:error] [pid 7042:tid 140413738407680] [client 122.177.69.97:48834] AH01276: Cannot serve directory /mpd/site/public/static/: No matching DirectoryIndex (index.html,index.cgi,index.pl,index.php,index.xhtml,index.htm) found, and server-generated directory index forbidden by Options directive, referer: https://coronastats.co.in/india/districtdetail?name=Haryana%20Jind
[Sun Jul 19 07:52:40.630962 2020] [autoindex:error] [pid 7042:tid 140413679658752] [client 122.177.69.97:48850] AH01276: Cannot serve directory /mpd/site/public/static/: No matching DirectoryIndex (index.html,index.cgi,index.pl,index.php,index.xhtml,index.htm) found, and server-generated directory index forbidden by Options directive, referer: https://coronastats.co.in/india/districtdetail?name=Haryana%20Jind
[Sun Jul 19 07:58:10.585078 2020] [autoindex:error] [pid 6997:tid 140413604124416] [client 122.177.69.97:48876] AH01276: Cannot serve directory /mpd/site/public/static/: No matching DirectoryIndex (index.html,index.cgi,index.pl,index.php,index.xhtml,index.htm) found, and server-generated directory index forbidden by Options directive, referer: https://coronastats.co.in/india/districtdetail?name=Kerala%20%20Pathanamthitta%20%20%20%20%20%202020-07-17%20%20%20%20%20442%20%20%20%20%20%20%20%20771%20%20%20%20%20%20%20%20%200%20%20%20%20%20%20%20%20329
[Sun Jul 19 08:01:12.546007 2020] [autoindex:error] [pid 7042:tid 140413620909824] [client 122.177.69.97:48892] AH01276: Cannot serve directory /mpd/site/public/static/: No matching DirectoryIndex (index.html,index.cgi,index.pl,index.php,index.xhtml,index.htm) found, and server-generated directory index forbidden by Options directive, referer: https://coronastats.co.in/india/districtdetail?name=Uttar%20Pradesh%20Gautam%20Buddha%20Nagar
[Sun Jul 19 08:02:58.758455 2020] [wsgi:error] [pid 6996:tid 140413706110720] [remote 122.177.69.97:48902] about 0.11817617807537317
[Sun Jul 19 08:03:21.653502 2020] [wsgi:error] [pid 6996:tid 140413706110720] [remote 122.177.69.97:48908] Iceland
[Sun Jul 19 08:03:21.801192 2020] [wsgi:error] [pid 6996:tid 140413706110720] [remote 122.177.69.97:48908] [14437649, 605079, 1078757, 26838, '3 minutes', 836, 22901, 893, 10, 677856, 8419043, 781, 1922, 10, datetime.datetime(2020, 7, 19, 8, 0, 1)]
[Sun Jul 19 08:59:20.292453 2020] [autoindex:error] [pid 7042:tid 140413755193088] [client 122.177.69.97:55285] AH01276: Cannot serve directory /mpd/site/public/static/: No matching DirectoryIndex (index.html,index.cgi,index.pl,index.php,index.xhtml,index.htm) found, and server-generated directory index forbidden by Options directive, referer: https://coronastats.co.in/india/districtdetail?name=Gujarat%20%20Ahmedabad%20%20%20%20%20%20%20%202020-07-17%20%20%20%203635%20%20%20%20%20%2023964%20%20%20%20%20%201537%20%20%20%20%20%2018792
[Sun Jul 19 09:07:56.568287 2020] [wsgi:error] [pid 6996:tid 140413706110720] [remote 122.177.69.97:48976] Iceland
[Sun Jul 19 09:07:56.718746 2020] [wsgi:error] [pid 6996:tid 140413706110720] [remote 122.177.69.97:48976] [14443127, 605202, 1078782, 26838, '8 minutes', 959, 28468, 918, 10, 677856, 8421904, 781, 1922, 10, datetime.datetime(2020, 7, 19, 9, 0, 1)]
[Sun Jul 19 09:08:00.131596 2020] [wsgi:error] [pid 6996:tid 140413798455040] [remote 122.177.69.97:48976] Iceland
[Sun Jul 19 09:08:00.284066 2020] [wsgi:error] [pid 6996:tid 140413798455040] [remote 122.177.69.97:48976] [14443127, 605202, 1078782, 26838, '8 minutes', 959, 28468, 918, 10, 677856, 8421904, 781, 1922, 10, datetime.datetime(2020, 7, 19, 9, 0, 1)]
[Sun Jul 19 09:08:34.733299 2020] [wsgi:error] [pid 6996:tid 140413706110720] [remote 122.177.69.97:49020] about 0.11918359063565731
[Sun Jul 19 09:12:35.994677 2020] [autoindex:error] [pid 7042:tid 140413604124416] [client 122.177.69.97:49026] AH01276: Cannot serve directory /mpd/site/public/static/: No matching DirectoryIndex (index.html,index.cgi,index.pl,index.php,index.xhtml,index.htm) found, and server-generated directory index forbidden by Options directive, referer: https://coronastats.co.in/india/districtdetail?name=Andaman%20and%20Nicobar%20Islands%20%20Unknown%20%20%202020-07-17%20%20%20%20%20%2047%20%20%20%20%20%20%20%20180%20%20%20%20%20%20%20%20%200%20%20%20%20%20%20%20%20133
[Sun Jul 19 09:12:53.627874 2020] [autoindex:error] [pid 7042:tid 140413587339008] [client 122.177.69.97:49030] AH01276: Cannot serve directory /mpd/site/public/static/: No matching DirectoryIndex (index.html,index.cgi,index.pl,index.php,index.xhtml,index.htm) found, and server-generated directory index forbidden by Options directive, referer: https://coronastats.co.in/india/districtdetail?name=Dadra%20and%20Nagar%20Haveli%20and%20Daman%20and%20Diu%20%20Dadra%20and%20Nagar%20Haveli%20%202020-07-17%20%20%20%20%20%2080%20%20%20%20%20%20%20%20265%20%20%20%20%20%20%20%20%201%20%20%20%20%20%20%20%20184
[Sun Jul 19 09:13:40.672190 2020] [autoindex:error] [pid 6997:tid 140413679658752] [client 122.177.69.97:49036] AH01276: Cannot serve directory /mpd/site/public/static/: No matching DirectoryIndex (index.html,index.cgi,index.pl,index.php,index.xhtml,index.htm) found, and server-generated directory index forbidden by Options directive, referer: https://coronastats.co.in/india/districtdetail?name=Dadra%20and%20Nagar%20Haveli%20and%20Daman%20and%20Diu%20%20Diu%20%20%20%20%20%20%20%20%20%20%20%20%20%20%20%20%20%20%20%20%202020-07-17%20%20%20%20%20%2012%20%20%20%20%20%20%20%20%2027%20%20%20%20%20%20%20%20%200%20%20%20%20%20%20%20%20%2015
[Sun Jul 19 09:13:47.031434 2020] [autoindex:error] [pid 6997:tid 140413662873344] [client 122.177.69.97:49038] AH01276: Cannot serve directory /mpd/site/public/static/: No matching DirectoryIndex (index.html,index.cgi,index.pl,index.php,index.xhtml,index.htm) found, and server-generated directory index forbidden by Options directive, referer: https://coronastats.co.in/india/districtdetail?name=Dadra%20and%20Nagar%20Haveli%20and%20Daman%20and%20Diu%20%20Dadra%20and%20Nagar%20Haveli%20%202020-07-17%20%20%20%20%20%2080%20%20%20%20%20%20%20%20265%20%20%20%20%20%20%20%20%201%20%20%20%20%20%20%20%20184
[Sun Jul 19 09:14:20.962875 2020] [autoindex:error] [pid 7042:tid 140413679658752] [client 122.177.69.97:49040] AH01276: Cannot serve directory /mpd/site/public/static/: No matching DirectoryIndex (index.html,index.cgi,index.pl,index.php,index.xhtml,index.htm) found, and server-generated directory index forbidden by Options directive, referer: https://coronastats.co.in/india/districtdetail?name=Dadra%20and%20Nagar%20Haveli%20and%20Daman%20and%20Diu%20%20Daman%20%20%20%20%20%20%20%20%20%20%20%20%20%20%20%20%20%20%202020-07-17%20%20%20%20%20100%20%20%20%20%20%20%20%20316%20%20%20%20%20%20%20%20%201%20%20%20%20%20%20%20%20215
[Sun Jul 19 10:02:59.526202 2020] [wsgi:error] [pid 6996:tid 140413798455040] [remote 157.55.39.144:13087] Guinea
[Sun Jul 19 10:02:59.694301 2020] [wsgi:error] [pid 6996:tid 140413798455040] [remote 157.55.39.144:13087] [14446753, 605355, 1078782, 26838, '33 minutes', 1112, 32094, 918, 10, 677856, 8425865, 781, 6491, 39, datetime.datetime(2020, 7, 19, 9, 30, 1)]
[Sun Jul 19 11:43:55.988609 2020] [autoindex:error] [pid 7042:tid 140413587339008] [client 47.30.170.247:48315] AH01276: Cannot serve directory /mpd/site/public/static/: No matching DirectoryIndex (index.html,index.cgi,index.pl,index.php,index.xhtml,index.htm) found, and server-generated directory index forbidden by Options directive, referer: https://coronastats.co.in/india/districtdetail?name=Madhya%20Pradesh%20Morena
[Sun Jul 19 11:52:12.646866 2020] [wsgi:error] [pid 6996:tid 140413714511616] [remote 207.46.13.115:14252] Niger
[Sun Jul 19 11:52:12.805284 2020] [wsgi:error] [pid 6996:tid 140413714511616] [remote 207.46.13.115:14252] [14452519, 605614, 1078782, 26838, '22 minutes', 1371, 37860, 918, 10, 677856, 8430970, 781, 1104, 69, datetime.datetime(2020, 7, 19, 11, 30, 1)]
[Sun Jul 19 11:56:49.319902 2020] [wsgi:error] [pid 6996:tid 140413798455040] [remote 207.46.13.82:5164] Montenegro
[Sun Jul 19 11:56:49.469384 2020] [wsgi:error] [pid 6996:tid 140413798455040] [remote 207.46.13.82:5164] [14452519, 605614, 1078782, 26838, '27 minutes', 1371, 37860, 918, 10, 677856, 8430970, 781, 2072, 30, datetime.datetime(2020, 7, 19, 11, 30, 1)]
[Sun Jul 19 12:29:33.664440 2020] [wsgi:error] [pid 6996:tid 140413798455040] [remote 207.46.13.82:1146] British Virgin Islands
[Sun Jul 19 12:29:33.821208 2020] [wsgi:error] [pid 6996:tid 140413798455040] [remote 207.46.13.82:1146] [14452519, 605614, 1078782, 26838, '30 minutes', 1371, 37860, 918, 10, 677856, 8430970, 781, 8, 1, datetime.datetime(2020, 7, 19, 12, 0, 1)]
[Sun Jul 19 14:21:17.594612 2020] [autoindex:error] [pid 6997:tid 140413595731712] [client 207.46.13.71:5803] AH01276: Cannot serve directory /mpd/site/public/static/: No matching DirectoryIndex (index.html,index.cgi,index.pl,index.php,index.xhtml,index.htm) found, and server-generated directory index forbidden by Options directive
[Sun Jul 19 14:58:17.270452 2020] [wsgi:error] [pid 6996:tid 140413714511616] [remote 157.55.39.136:9517] Sudan
[Sun Jul 19 14:58:17.434863 2020] [wsgi:error] [pid 6996:tid 140413714511616] [remote 157.55.39.136:9517] [14468218, 605833, 1086476, 26951, '28 minutes', 1590, 53559, 8612, 123, 684662, 8443756, 787, 10682, 673, datetime.datetime(2020, 7, 19, 14, 30, 1)]
[Sun Jul 19 15:18:28.939724 2020] [wsgi:error] [pid 6996:tid 140413714511616] [remote 157.55.39.136:15425] Trinidad and Tobago
[Sun Jul 19 15:18:29.096629 2020] [wsgi:error] [pid 6996:tid 140413714511616] [remote 157.55.39.136:15425] [14468266, 605833, 1086476, 26951, '18 minutes', 1590, 53607, 8612, 123, 684662, 8443805, 787, 137, 8, datetime.datetime(2020, 7, 19, 15, 0, 2)]
[Sun Jul 19 15:36:40.723126 2020] [wsgi:error] [pid 6996:tid 140413714511616] [remote 47.30.194.95:46830] India
[Sun Jul 19 15:36:40.874787 2020] [wsgi:error] [pid 6996:tid 140413714511616] [remote 47.30.194.95:46830] [14468266, 605833, 1086476, 26951, '37 minutes', 1590, 53607, 8612, 123, 684662, 8443805, 787, 1086476, 26951, datetime.datetime(2020, 7, 19, 15, 0, 2)]
[Sun Jul 19 16:06:23.420501 2020] [wsgi:error] [pid 6996:tid 140413714511616] [remote 47.30.208.19:46916] India
[Sun Jul 19 16:06:23.569464 2020] [wsgi:error] [pid 6996:tid 140413714511616] [remote 47.30.208.19:46916] [14496043, 606481, 1106135, 27428, '36 minutes', 2238, 81384, 28271, 600, 693450, 8455886, 801, 1106135, 27428, datetime.datetime(2020, 7, 19, 15, 30, 2)]
[Sun Jul 19 16:56:28.853611 2020] [wsgi:error] [pid 6996:tid 140413798455040] [remote 207.46.13.115:1529] Lebanon
[Sun Jul 19 16:56:29.004084 2020] [wsgi:error] [pid 6996:tid 140413798455040] [remote 207.46.13.115:1529] [14525829, 606712, 1113400, 27472, '26 minutes', 2469, 111170, 35536, 644, 696073, 8460060, 806, 2775, 40, datetime.datetime(2020, 7, 19, 16, 30, 2)]
[Sun Jul 19 17:21:11.935764 2020] [wsgi:error] [pid 6996:tid 140413798455040] [remote 207.46.13.115:14120] Saint Lucia
[Sun Jul 19 17:21:12.086648 2020] [wsgi:error] [pid 6996:tid 140413798455040] [remote 207.46.13.115:14120] [14529602, 606751, 1116613, 27502, '21 minutes', 2508, 114943, 38749, 674, 700305, 8464444, 809, 23, 0, datetime.datetime(2020, 7, 19, 17, 0, 1)]
[Sun Jul 19 17:36:17.086622 2020] [wsgi:error] [pid 6996:tid 140413714511616] [remote 207.46.13.71:6519] South Africa
[Sun Jul 19 17:36:17.241958 2020] [wsgi:error] [pid 6996:tid 140413714511616] [remote 207.46.13.71:6519] [14529602, 606751, 1116613, 27502, '36 minutes', 2508, 114943, 38749, 674, 700305, 8464444, 809, 350879, 4948, datetime.datetime(2020, 7, 19, 17, 0, 1)]
[Sun Jul 19 18:49:25.891895 2020] [wsgi:error] [pid 6996:tid 140413798455040] [remote 207.46.13.115:18451] New Zealand
[Sun Jul 19 18:49:26.046875 2020] [wsgi:error] [pid 6996:tid 140413798455040] [remote 207.46.13.115:18451] [14539429, 606956, 1116999, 27503, '19 minutes', 2713, 124770, 39135, 675, 700367, 8480497, 809, 1553, 22, datetime.datetime(2020, 7, 19, 18, 30, 2)]
[Sun Jul 19 19:02:07.694506 2020] [wsgi:error] [pid 6996:tid 140413798455040] [remote 40.77.167.75:10241] Bermuda
[Sun Jul 19 19:02:07.847546 2020] [wsgi:error] [pid 6996:tid 140413798455040] [remote 40.77.167.75:10241] [14539429, 606956, 1116999, 27503, '32 minutes', 2713, 124770, 39135, 675, 700367, 8480497, 809, 153, 9, datetime.datetime(2020, 7, 19, 18, 30, 2)]
[Sun Jul 19 19:05:03.874229 2020] [wsgi:error] [pid 6996:tid 140413714511616] [remote 207.46.13.71:1951] Cambodia
[Sun Jul 19 19:05:04.024360 2020] [wsgi:error] [pid 6996:tid 140413714511616] [remote 207.46.13.71:1951] [14539429, 606956, 1116999, 27503, '35 minutes', 2713, 124770, 39135, 675, 700367, 8480497, 809, 171, 0, datetime.datetime(2020, 7, 19, 18, 30, 2)]
[Sun Jul 19 19:45:06.820026 2020] [wsgi:error] [pid 6996:tid 140413798455040] [remote 207.46.13.115:10464] Cambodia
[Sun Jul 19 19:45:06.970547 2020] [wsgi:error] [pid 6996:tid 140413798455040] [remote 207.46.13.115:10464] [14560997, 607102, 1118017, 27503, '15 minutes', 2859, 146338, 40153, 675, 700391, 8490595, 810, 171, 0, datetime.datetime(2020, 7, 19, 19, 30, 1)]
[Sun Jul 19 20:25:52.111278 2020] [wsgi:error] [pid 6996:tid 140413798455040] [remote 207.46.13.115:9311] New Zealand
[Sun Jul 19 20:25:52.270128 2020] [wsgi:error] [pid 6996:tid 140413798455040] [remote 207.46.13.115:9311] [14568482, 607135, 1118107, 27503, '32 minutes', 2892, 153823, 40243, 675, 700399, 8491453, 810, 1553, 22, datetime.datetime(2020, 7, 19, 19, 54, 2)]
[Sun Jul 19 20:38:23.775204 2020] [wsgi:error] [pid 6996:tid 140413714511616] [remote 40.77.167.75:14464] Taiwan
[Sun Jul 19 20:38:23.922289 2020] [wsgi:error] [pid 6996:tid 140413714511616] [remote 40.77.167.75:14464] [14568482, 607135, 1118107, 27503, '44 minutes', 2892, 153823, 40243, 675, 700399, 8491453, 810, 455, 7, datetime.datetime(2020, 7, 19, 19, 54, 2)]
[Sun Jul 19 20:51:32.454718 2020] [wsgi:error] [pid 6996:tid 140413714511616] [remote 157.55.39.136:14730] Ireland
[Sun Jul 19 20:51:32.601936 2020] [wsgi:error] [pid 6996:tid 140413714511616] [remote 157.55.39.136:14730] [14573153, 607220, 1118107, 27503, '22 minutes', 2977, 158494, 40243, 675, 700399, 8492451, 810, 25760, 1753, datetime.datetime(2020, 7, 19, 20, 30, 1)]
[Sun Jul 19 21:03:55.293360 2020] [autoindex:error] [pid 6997:tid 140413604124416] [client 122.177.69.97:42622] AH01276: Cannot serve directory /mpd/site/public/static/: No matching DirectoryIndex (index.html,index.cgi,index.pl,index.php,index.xhtml,index.htm) found, and server-generated directory index forbidden by Options directive, referer: https://coronastats.co.in/india/districtdetail?name=Uttar%20Pradesh%20Gautam%20Buddha%20Nagar
[Sun Jul 19 21:05:20.959220 2020] [autoindex:error] [pid 7042:tid 140413738407680] [client 122.177.69.97:42676] AH01276: Cannot serve directory /mpd/site/public/static/: No matching DirectoryIndex (index.html,index.cgi,index.pl,index.php,index.xhtml,index.htm) found, and server-generated directory index forbidden by Options directive, referer: https://coronastats.co.in/india/districtdetail?name=Maharashtra%20Mumbai
[Sun Jul 19 21:06:25.254996 2020] [wsgi:error] [pid 6996:tid 140413798455040] [remote 207.46.13.147:10014] Hungary
[Sun Jul 19 21:06:25.402459 2020] [wsgi:error] [pid 6996:tid 140413798455040] [remote 207.46.13.147:10014] [14573153, 607220, 1118107, 27503, '36 minutes', 2977, 158494, 40243, 675, 700399, 8492451, 810, 4333, 596, datetime.datetime(2020, 7, 19, 20, 30, 1)]
[Sun Jul 19 22:35:25.635842 2020] [wsgi:error] [pid 6996:tid 140413706110720] [remote 157.55.39.144:5509] Estonia
[Sun Jul 19 22:35:25.792164 2020] [wsgi:error] [pid 6996:tid 140413706110720] [remote 157.55.39.144:5509] [14601806, 607883, 1118107, 27503, '35 minutes', 3640, 187147, 40243, 675, 700399, 8506828, 810, 2021, 69, datetime.datetime(2020, 7, 19, 22, 0, 1)]
[Sun Jul 19 22:58:29.213791 2020] [wsgi:error] [pid 6996:tid 140413714511616] [remote 40.77.167.75:17898] Saint Pierre Miquelon
[Sun Jul 19 22:58:29.366203 2020] [wsgi:error] [pid 6996:tid 140413714511616] [remote 40.77.167.75:17898] [14613874, 608300, 1118107, 27503, '28 minutes', 4057, 199215, 40243, 675, 700399, 8517874, 810, 4, 0, datetime.datetime(2020, 7, 19, 22, 30, 1)]
[Sun Jul 19 23:16:17.300291 2020] [wsgi:error] [pid 6996:tid 140413706110720] [remote 207.46.13.115:16554] Peru
[Sun Jul 19 23:16:17.448459 2020] [wsgi:error] [pid 6996:tid 140413706110720] [remote 207.46.13.115:16554] [14613874, 608300, 1118107, 27503, '46 minutes', 4057, 199215, 40243, 675, 700399, 8517874, 810, 353590, 13187, datetime.datetime(2020, 7, 19, 22, 30, 1)]
[Sun Jul 19 23:18:30.564873 2020] [wsgi:error] [pid 6996:tid 140413714511616] [remote 40.77.167.75:16497] Brunei
[Sun Jul 19 23:18:30.718898 2020] [wsgi:error] [pid 6996:tid 140413714511616] [remote 40.77.167.75:16497] [14613874, 608300, 1118107, 27503, '48 minutes', 4057, 199215, 40243, 675, 700399, 8517874, 810, 141, 3, datetime.datetime(2020, 7, 19, 22, 30, 1)]
[Sun Jul 19 23:26:47.485105 2020] [wsgi:error] [pid 6996:tid 140413706110720] [remote 207.46.13.71:19241] Switzerland
[Sun Jul 19 23:26:47.637525 2020] [wsgi:error] [pid 6996:tid 140413706110720] [remote 207.46.13.71:19241] [14623088, 608435, 1118107, 27503, '27 minutes', 4192, 208429, 40243, 675, 700399, 8520188, 810, 33591, 1969, datetime.datetime(2020, 7, 19, 23, 0, 2)]
[Mon Jul 20 00:35:42.257170 2020] [wsgi:error] [pid 6996:tid 140413714511616] [remote 207.46.13.147:18269] Monaco
[Mon Jul 20 00:35:42.415688 2020] [wsgi:error] [pid 6996:tid 140413714511616] [remote 207.46.13.147:18269] [14628923, 608508, 1118107, 27503, '36 minutes', 4265, 214264, 40243, 675, 700399, 8523086, 810, 109, 4, datetime.datetime(2020, 7, 20, 0, 0, 2)]
[Mon Jul 20 00:35:42.887718 2020] [wsgi:error] [pid 6996:tid 140413706110720] [remote 207.46.13.147:18269] Cura\xc3\xa7ao
[Mon Jul 20 00:35:43.041781 2020] [wsgi:error] [pid 6996:tid 140413706110720] [remote 207.46.13.147:18269] [14628923, 608508, 1118107, 27503, '36 minutes', 4265, 214264, 40243, 675, 700399, 8523086, 810, 28, 1, datetime.datetime(2020, 7, 20, 0, 0, 2)]
[Mon Jul 20 01:18:08.450143 2020] [wsgi:error] [pid 6996:tid 140413706110720] [remote 40.77.167.75:10829] Slovenia
[Mon Jul 20 01:18:08.597346 2020] [wsgi:error] [pid 6996:tid 140413706110720] [remote 40.77.167.75:10829] [14633037, 608539, 1118107, 27503, '48 minutes', 4296, 218378, 40243, 675, 700399, 8524314, 810, 1946, 112, datetime.datetime(2020, 7, 20, 0, 30, 1)]
[Mon Jul 20 01:50:19.806523 2020] [wsgi:error] [pid 6996:tid 140413706110720] [remote 157.55.39.144:3843] Zambia
