[Wed Jul 22 10:06:50.259093 2020] [autoindex:error] [pid 2631:tid 140413746800384] [client 122.177.69.97:37794] AH01276: Cannot serve directory /mpd/site/public/static/: No matching DirectoryIndex (index.html,index.cgi,index.pl,index.php,index.xhtml,index.htm) found, and server-generated directory index forbidden by Options directive, referer: https://coronastats.co.in/india/districtdetail?name=Rajasthan%20%20BSF%20Camp%20%20%20%20%20%20%20%202020-07-19%20%20%20%20%20%20%202%20%20%20%20%20%20%20%20%2054%20%20%20%20%20%20%20%20%200%20%20%20%20%20%20%20%20%2052
[Wed Jul 22 10:08:16.560469 2020] [autoindex:error] [pid 2632:tid 140413411223296] [client 122.177.69.97:37830] AH01276: Cannot serve directory /mpd/site/public/static/: No matching DirectoryIndex (index.html,index.cgi,index.pl,index.php,index.xhtml,index.htm) found, and server-generated directory index forbidden by Options directive, referer: https://coronastats.co.in/india/districtdetail?name=Uttar%20Pradesh%20Gautam%20Buddha%20Nagar
[Wed Jul 22 10:11:13.120932 2020] [autoindex:error] [pid 2631:tid 140413662873344] [client 122.177.69.97:37880] AH01276: Cannot serve directory /mpd/site/public/static/: No matching DirectoryIndex (index.html,index.cgi,index.pl,index.php,index.xhtml,index.htm) found, and server-generated directory index forbidden by Options directive, referer: https://coronastats.co.in/india/districtdetail?name=Uttar%20Pradesh%20Gautam%20Buddha%20Nagar
[Wed Jul 22 10:12:13.168636 2020] [autoindex:error] [pid 2631:tid 140413637695232] [client 122.177.69.97:37916] AH01276: Cannot serve directory /mpd/site/public/static/: No matching DirectoryIndex (index.html,index.cgi,index.pl,index.php,index.xhtml,index.htm) found, and server-generated directory index forbidden by Options directive, referer: https://coronastats.co.in/india/districtdetail?name=Uttar%20Pradesh%20Gautam%20Buddha%20Nagar
[Wed Jul 22 10:16:20.577998 2020] [autoindex:error] [pid 2631:tid 140413562160896] [client 122.177.69.97:37990] AH01276: Cannot serve directory /mpd/site/public/static/: No matching DirectoryIndex (index.html,index.cgi,index.pl,index.php,index.xhtml,index.htm) found, and server-generated directory index forbidden by Options directive, referer: https://coronastats.co.in/india/districtdetail?name=Uttar%20Pradesh%20Gautam%20Buddha%20Nagar
[Wed Jul 22 10:16:51.617774 2020] [autoindex:error] [pid 2632:tid 140413579011840] [client 122.177.69.97:38012] AH01276: Cannot serve directory /mpd/site/public/static/: No matching DirectoryIndex (index.html,index.cgi,index.pl,index.php,index.xhtml,index.htm) found, and server-generated directory index forbidden by Options directive, referer: https://coronastats.co.in/india/districtdetail?name=Delhi%20%20Delhi%20%20%20%20%202020-07-21%20%20%2015288%20%20%20%20%20125096%20%20%20%20%20%203690%20%20%20%20%20106118
[Wed Jul 22 10:50:02.044808 2020] [wsgi:error] [pid 2630:tid 140413823530752] [remote 157.55.39.186:3098] Dominica
[Wed Jul 22 10:50:02.254921 2020] [wsgi:error] [pid 2630:tid 140413823530752] [remote 157.55.39.186:3098] [15118005, 620043, 1195674, 28781, '20 minutes', 1550, 33131, 1589, 11, 753050, 8928505, 866, 18, 0, datetime.datetime(2020, 7, 22, 10, 30, 1)]
[Wed Jul 22 11:24:23.330255 2020] [wsgi:error] [pid 2630:tid 140413823530752] [remote 207.46.13.32:20866] Afghanistan
[Wed Jul 22 11:24:23.539569 2020] [wsgi:error] [pid 2630:tid 140413823530752] [remote 207.46.13.32:20866] [15121824, 620292, 1195674, 28781, '24 minutes', 1799, 36947, 1589, 11, 753050, 8931688, 866, 35727, 1190, datetime.datetime(2020, 7, 22, 11, 0, 1)]
[Wed Jul 22 11:49:13.720293 2020] [wsgi:error] [pid 2630:tid 140413823530752] [remote 122.177.69.97:38790] Australia
[Wed Jul 22 11:49:13.917944 2020] [wsgi:error] [pid 2630:tid 140413823530752] [remote 122.177.69.97:38790] [15122614, 620302, 1195674, 28781, '19 minutes', 1809, 37737, 1589, 11, 753050, 8932535, 866, 12894, 128, datetime.datetime(2020, 7, 22, 11, 30, 2)]
[Wed Jul 22 11:49:23.576962 2020] [wsgi:error] [pid 2630:tid 140413789959936] [remote 157.55.39.186:13009] Congo
[Wed Jul 22 11:49:23.767873 2020] [wsgi:error] [pid 2630:tid 140413789959936] [remote 157.55.39.186:13009] [15122614, 620302, 1195674, 28781, '19 minutes', 1809, 37737, 1589, 11, 753050, 8932535, 866, 2851, 50, datetime.datetime(2020, 7, 22, 11, 30, 2)]
[Wed Jul 22 11:50:51.148309 2020] [wsgi:error] [pid 2630:tid 140413789959936] [remote 122.177.69.97:38832] Uzbekistan
[Wed Jul 22 11:50:51.341237 2020] [wsgi:error] [pid 2630:tid 140413789959936] [remote 122.177.69.97:38832] [15122614, 620302, 1195674, 28781, '21 minutes', 1809, 37737, 1589, 11, 753050, 8932535, 866, 18171, 96, datetime.datetime(2020, 7, 22, 11, 30, 2)]
[Wed Jul 22 11:51:08.842361 2020] [wsgi:error] [pid 2630:tid 140413823530752] [remote 122.177.69.97:38834] USA
[Wed Jul 22 11:51:09.035876 2020] [wsgi:error] [pid 2630:tid 140413823530752] [remote 122.177.69.97:38834] [15122614, 620302, 1195674, 28781, '21 minutes', 1809, 37737, 1589, 11, 753050, 8932535, 866, 4028733, 144958, datetime.datetime(2020, 7, 22, 11, 30, 2)]
[Wed Jul 22 11:51:10.670635 2020] [wsgi:error] [pid 2630:tid 140413789959936] [remote 122.177.69.97:38834] USA
[Wed Jul 22 11:51:10.866151 2020] [wsgi:error] [pid 2630:tid 140413789959936] [remote 122.177.69.97:38834] [15122614, 620302, 1195674, 28781, '21 minutes', 1809, 37737, 1589, 11, 753050, 8932535, 866, 4028733, 144958, datetime.datetime(2020, 7, 22, 11, 30, 2)]
[Wed Jul 22 11:51:35.475232 2020] [wsgi:error] [pid 2630:tid 140413823530752] [remote 122.177.69.97:38836] about 0.1612977171316743
[Wed Jul 22 12:12:38.431254 2020] [wsgi:error] [pid 2630:tid 140413823530752] [remote 157.55.39.242:13310] Isle of Man
[Wed Jul 22 12:12:38.634579 2020] [wsgi:error] [pid 2630:tid 140413823530752] [remote 157.55.39.242:13310] [15123139, 620306, 1195674, 28781, '13 minutes', 1813, 38262, 1589, 11, 753050, 8932948, 866, 336, 24, datetime.datetime(2020, 7, 22, 12, 0, 2)]
[Wed Jul 22 13:04:56.347698 2020] [wsgi:error] [pid 2630:tid 140413789959936] [remote 157.55.39.186:23826] Papua New Guinea
[Wed Jul 22 13:04:56.540318 2020] [wsgi:error] [pid 2630:tid 140413789959936] [remote 157.55.39.186:23826] [15123892, 620314, 1195674, 28781, '35 minutes', 1821, 39015, 1589, 11, 753050, 8933559, 866, 27, 0, datetime.datetime(2020, 7, 22, 12, 30, 1)]
[Wed Jul 22 13:39:58.085353 2020] [wsgi:error] [pid 2630:tid 140413823530752] [remote 157.55.39.247:7736] Costa Rica
[Wed Jul 22 13:39:58.288415 2020] [wsgi:error] [pid 2630:tid 140413823530752] [remote 157.55.39.247:7736] [15136261, 620502, 1201727, 28846, '10 minutes', 2009, 51384, 7642, 76, 759168, 8947165, 870, 11811, 68, datetime.datetime(2020, 7, 22, 13, 30, 1)]
[Wed Jul 22 13:51:07.774733 2020] [wsgi:error] [pid 2630:tid 140413823530752] [remote 207.46.13.32:5818] Israel
[Wed Jul 22 13:51:07.976250 2020] [wsgi:error] [pid 2630:tid 140413823530752] [remote 207.46.13.32:5818] [15136261, 620502, 1201727, 28846, '21 minutes', 2009, 51384, 7642, 76, 759168, 8947165, 870, 54663, 430, datetime.datetime(2020, 7, 22, 13, 30, 1)]
[Wed Jul 22 14:33:59.692832 2020] [wsgi:error] [pid 2630:tid 140413789959936] [remote 157.55.39.247:9829] Honduras
[Wed Jul 22 14:33:59.897302 2020] [wsgi:error] [pid 2630:tid 140413789959936] [remote 157.55.39.247:9829] [15136622, 620504, 1201727, 28846, '34 minutes', 2011, 51745, 7642, 76, 759168, 8947233, 870, 35345, 988, datetime.datetime(2020, 7, 22, 14, 0, 1)]
[Wed Jul 22 15:47:01.439050 2020] [wsgi:error] [pid 2630:tid 140413815138048] [remote 157.55.39.107:1514] Syria
[Wed Jul 22 15:47:01.640511 2020] [wsgi:error] [pid 2630:tid 140413815138048] [remote 157.55.39.107:1514] [15173016, 621636, 1216965, 29474, '17 minutes', 3132, 87933, 22880, 704, 769979, 8962496, 881, 561, 32, datetime.datetime(2020, 7, 22, 15, 30, 1)]
[Wed Jul 22 16:19:27.220654 2020] [wsgi:error] [pid 2630:tid 140413815138048] [remote 157.55.39.186:12264] Bulgaria
[Wed Jul 22 16:19:27.430646 2020] [wsgi:error] [pid 2630:tid 140413815138048] [remote 157.55.39.186:12264] [15175594, 621719, 1216965, 29474, '19 minutes', 3215, 90511, 22880, 704, 769979, 8966375, 881, 9254, 313, datetime.datetime(2020, 7, 22, 16, 0, 1)]
[Wed Jul 22 16:29:30.721536 2020] [wsgi:error] [pid 2630:tid 140413815138048] [remote 157.55.39.247:20805] Hong Kong
[Wed Jul 22 16:29:30.923725 2020] [wsgi:error] [pid 2630:tid 140413815138048] [remote 157.55.39.247:20805] [15175594, 621719, 1216965, 29474, '29 minutes', 3215, 90511, 22880, 704, 769979, 8966375, 881, 2132, 14, datetime.datetime(2020, 7, 22, 16, 0, 1)]
[Wed Jul 22 17:53:49.748442 2020] [wsgi:error] [pid 2630:tid 140413789959936] [remote 157.55.39.107:25195] Thailand
[Wed Jul 22 17:53:49.958014 2020] [wsgi:error] [pid 2630:tid 140413789959936] [remote 157.55.39.107:25195] [15219309, 622464, 1238013, 29887, '24 minutes', 3960, 134226, 43928, 1117, 782780, 8988908, 897, 3261, 58, datetime.datetime(2020, 7, 22, 17, 30, 2)]
[Wed Jul 22 18:18:49.878489 2020] [wsgi:error] [pid 2630:tid 140413815138048] [remote 157.55.39.247:6112] Laos
[Wed Jul 22 18:18:50.089548 2020] [wsgi:error] [pid 2630:tid 140413815138048] [remote 157.55.39.247:6112] [15228785, 622548, 1239467, 29894, '19 minutes', 4044, 143702, 45382, 1124, 782938, 8990508, 898, 19, 0, datetime.datetime(2020, 7, 22, 18, 0, 1)]
[Wed Jul 22 18:43:49.846922 2020] [wsgi:error] [pid 2630:tid 140413789959936] [remote 207.46.13.5:21601] Syria
[Wed Jul 22 18:43:50.051929 2020] [wsgi:error] [pid 2630:tid 140413789959936] [remote 207.46.13.5:21601] [15233602, 622565, 1239496, 29894, '14 minutes', 4061, 148519, 45411, 1124, 784255, 8992985, 898, 561, 32, datetime.datetime(2020, 7, 22, 18, 30, 1)]
[Wed Jul 22 18:56:08.978029 2020] [wsgi:error] [pid 2630:tid 140413815138048] [remote 157.55.39.242:1339] Sweden
[Wed Jul 22 18:56:09.198019 2020] [wsgi:error] [pid 2630:tid 140413815138048] [remote 157.55.39.242:1339] [15233602, 622565, 1239496, 29894, '26 minutes', 4061, 148519, 45411, 1124, 784255, 8992985, 898, 78504, 5667, datetime.datetime(2020, 7, 22, 18, 30, 1)]
[Wed Jul 22 19:02:31.772876 2020] [wsgi:error] [pid 2630:tid 140413815138048] [remote 207.46.13.32:21136] Western Sahara
[Wed Jul 22 19:02:31.977817 2020] [wsgi:error] [pid 2630:tid 140413815138048] [remote 207.46.13.32:21136] [15233602, 622565, 1239496, 29894, '32 minutes', 4061, 148519, 45411, 1124, 784255, 8992985, 898, 10, 1, datetime.datetime(2020, 7, 22, 18, 30, 1)]
[Wed Jul 22 19:02:57.518774 2020] [wsgi:error] [pid 2630:tid 140413789959936] [remote 157.55.39.247:7374] Moldova
[Wed Jul 22 19:02:57.719334 2020] [wsgi:error] [pid 2630:tid 140413789959936] [remote 157.55.39.247:7374] [15233602, 622565, 1239496, 29894, '33 minutes', 4061, 148519, 45411, 1124, 784255, 8992985, 898, 21798, 712, datetime.datetime(2020, 7, 22, 18, 30, 1)]
[Wed Jul 22 19:19:45.626320 2020] [wsgi:error] [pid 2630:tid 140413815138048] [remote 157.55.39.247:3297] Andorra
[Wed Jul 22 19:19:45.834034 2020] [wsgi:error] [pid 2630:tid 140413815138048] [remote 157.55.39.247:3297] [15235208, 622576, 1239593, 29895, '20 minutes', 4072, 150125, 45508, 1125, 784255, 8993783, 898, 889, 52, datetime.datetime(2020, 7, 22, 19, 0, 1)]
[Wed Jul 22 19:45:37.373227 2020] [wsgi:error] [pid 2630:tid 140413815138048] [remote 157.55.39.186:14749] Haiti
[Wed Jul 22 19:45:37.574193 2020] [wsgi:error] [pid 2630:tid 140413815138048] [remote 157.55.39.186:14749] [15241186, 622731, 1239593, 29895, '18 minutes', 4227, 156103, 45508, 1125, 784255, 9003725, 898, 7146, 154, datetime.datetime(2020, 7, 22, 19, 28, 1)]
[Wed Jul 22 20:00:58.821773 2020] [wsgi:error] [pid 2630:tid 140413789959936] [remote 157.55.39.242:21805] Oman
[Wed Jul 22 20:00:59.040051 2020] [wsgi:error] [pid 2630:tid 140413789959936] [remote 157.55.39.242:21805] [15241186, 622731, 1239593, 29895, '33 minutes', 4227, 156103, 45508, 1125, 784255, 9003725, 898, 71547, 349, datetime.datetime(2020, 7, 22, 19, 28, 1)]
[Wed Jul 22 20:23:13.888352 2020] [wsgi:error] [pid 2630:tid 140413789959936] [remote 157.55.39.107:6777] Finland
[Wed Jul 22 20:23:14.088416 2020] [wsgi:error] [pid 2630:tid 140413789959936] [remote 157.55.39.107:6777] [15245954, 622897, 1239684, 29890, '23 minutes', 4393, 160871, 45599, 1120, 784266, 9006144, 898, 7362, 328, datetime.datetime(2020, 7, 22, 20, 0, 2)]
[Wed Jul 22 20:56:52.483310 2020] [wsgi:error] [pid 2630:tid 140413789959936] [remote 207.46.13.32:6367] Libya
[Wed Jul 22 20:56:52.686088 2020] [wsgi:error] [pid 2630:tid 140413789959936] [remote 207.46.13.32:6367] [15246461, 622915, 1239684, 29890, '27 minutes', 4411, 161378, 45599, 1120, 784266, 9012844, 898, 2176, 53, datetime.datetime(2020, 7, 22, 20, 30, 1)]
[Wed Jul 22 21:03:51.301072 2020] [wsgi:error] [pid 2630:tid 140413815138048] [remote 207.46.13.32:5075] Greece
[Wed Jul 22 21:03:51.505916 2020] [wsgi:error] [pid 2630:tid 140413815138048] [remote 207.46.13.32:5075] [15246461, 622915, 1239684, 29890, '34 minutes', 4411, 161378, 45599, 1120, 784266, 9012844, 898, 4077, 200, datetime.datetime(2020, 7, 22, 20, 30, 1)]
[Wed Jul 22 21:05:14.090157 2020] [wsgi:error] [pid 2630:tid 140413815138048] [remote 157.55.39.247:11313] Belarus
[Wed Jul 22 21:05:14.285269 2020] [wsgi:error] [pid 2630:tid 140413815138048] [remote 157.55.39.247:11313] [15246461, 622915, 1239684, 29890, '35 minutes', 4411, 161378, 45599, 1120, 784266, 9012844, 898, 66521, 513, datetime.datetime(2020, 7, 22, 20, 30, 1)]
[Wed Jul 22 21:13:36.514920 2020] [ssl:error] [pid 2632:tid 140413713229568] [client 134.209.22.239:49396] AH02042: rejecting client initiated renegotiation
[Wed Jul 22 21:52:08.078719 2020] [wsgi:error] [pid 2630:tid 140413815138048] [remote 207.46.13.32:10464] CAR
[Wed Jul 22 21:52:08.302631 2020] [wsgi:error] [pid 2630:tid 140413815138048] [remote 207.46.13.32:10464] [15313437, 624510, 1239684, 29890, '22 minutes', 6006, 228354, 45599, 1120, 784266, 9034492, 898, 4561, 55, datetime.datetime(2020, 7, 22, 21, 30, 1)]
[Wed Jul 22 21:58:51.226044 2020] [wsgi:error] [pid 2630:tid 140413789959936] [remote 207.46.13.32:5801] Tunisia
[Wed Jul 22 21:58:51.424532 2020] [wsgi:error] [pid 2630:tid 140413789959936] [remote 207.46.13.32:5801] [15313437, 624510, 1239684, 29890, '29 minutes', 6006, 228354, 45599, 1120, 784266, 9034492, 898, 1394, 50, datetime.datetime(2020, 7, 22, 21, 30, 1)]
[Wed Jul 22 22:37:59.592263 2020] [wsgi:error] [pid 2630:tid 140413789959936] [remote 157.55.39.247:11610] Mozambique
[Wed Jul 22 22:37:59.784834 2020] [wsgi:error] [pid 2630:tid 140413789959936] [remote 157.55.39.247:11610] [15320741, 624663, 1239684, 29890, '38 minutes', 6159, 235658, 45599, 1120, 784266, 9049605, 898, 1557, 11, datetime.datetime(2020, 7, 22, 22, 0, 2)]
[Wed Jul 22 22:50:11.251272 2020] [wsgi:error] [pid 2630:tid 140413815138048] [remote 157.55.39.247:15760] Zambia
[Wed Jul 22 22:50:11.447791 2020] [wsgi:error] [pid 2630:tid 140413815138048] [remote 157.55.39.247:15760] [15339747, 625072, 1239684, 29890, '20 minutes', 6568, 254664, 45599, 1120, 784266, 9120095, 898, 3583, 128, datetime.datetime(2020, 7, 22, 22, 30, 1)]
[Wed Jul 22 23:08:21.383068 2020] [wsgi:error] [pid 2630:tid 140413789959936] [remote 157.55.39.186:7971] Algeria
[Wed Jul 22 23:08:21.578213 2020] [wsgi:error] [pid 2630:tid 140413789959936] [remote 157.55.39.186:7971] [15339747, 625072, 1239684, 29890, '38 minutes', 6568, 254664, 45599, 1120, 784266, 9120095, 898, 24872, 1111, datetime.datetime(2020, 7, 22, 22, 30, 1)]
[Wed Jul 22 23:11:58.729393 2020] [autoindex:error] [pid 2631:tid 140413755193088] [client 52.89.128.31:33653] AH01276: Cannot serve directory /mpd/site/public/static/: No matching DirectoryIndex (index.html,index.cgi,index.pl,index.php,index.xhtml,index.htm) found, and server-generated directory index forbidden by Options directive
[Wed Jul 22 23:26:10.218606 2020] [wsgi:error] [pid 2630:tid 140413722818304] [remote 207.46.13.5:6274] Diamond Princess
[Wed Jul 22 23:26:10.424108 2020] [wsgi:error] [pid 2630:tid 140413722818304] [remote 207.46.13.5:6274] [15347149, 625104, 1239684, 29890, '26 minutes', 6587, 261931, 45599, 1120, 784266, 9125724, 898, 712, 13, datetime.datetime(2020, 7, 22, 23, 0, 1)]
[Wed Jul 22 23:45:54.305875 2020] [wsgi:error] [pid 2630:tid 140413789959936] [remote 157.55.39.107:27716] Comoros
[Wed Jul 22 23:45:54.502116 2020] [wsgi:error] [pid 2630:tid 140413789959936] [remote 157.55.39.107:27716] [15347149, 625104, 1239684, 29890, '46 minutes', 6587, 261931, 45599, 1120, 784266, 9125724, 898, 337, 7, datetime.datetime(2020, 7, 22, 23, 0, 1)]
[Thu Jul 23 00:13:58.935033 2020] [wsgi:error] [pid 2630:tid 140413722818304] [remote 207.46.13.32:9368] Russia
[Thu Jul 23 00:13:59.145449 2020] [wsgi:error] [pid 2630:tid 140413722818304] [remote 207.46.13.32:9368] [15359557, 625345, 1239684, 29890, '44 minutes', 6828, 274339, 45599, 1120, 784266, 9127437, 898, 789190, 12745, datetime.datetime(2020, 7, 22, 23, 30, 1)]
[Thu Jul 23 00:54:54.788955 2020] [wsgi:error] [pid 2630:tid 140413789959936] [remote 157.55.39.247:6684] Bangladesh
[Thu Jul 23 00:54:54.982583 2020] [wsgi:error] [pid 2630:tid 140413789959936] [remote 157.55.39.247:6684] [15363843, 629288, 1239684, 29890, '25 minutes', 7107, 278625, 45599, 1120, 784266, 9135078, 898, 213254, 2751, datetime.datetime(2020, 7, 23, 0, 30, 1)]
[Thu Jul 23 01:00:21.915586 2020] [core:error] [pid 2631:tid 140413595731712] [client 192.237.162.45:49787] AH00126: Invalid URI in request GET HTTP/1.1 HTTP/1.1
[Thu Jul 23 01:00:35.626340 2020] [wsgi:error] [pid 2630:tid 140413722818304] [remote 207.46.13.32:21690] Namibia
[Thu Jul 23 01:00:35.826126 2020] [wsgi:error] [pid 2630:tid 140413722818304] [remote 207.46.13.32:21690] [15363843, 629288, 1239684, 29890, '31 minutes', 7107, 278625, 45599, 1120, 784266, 9135078, 898, 1402, 7, datetime.datetime(2020, 7, 23, 0, 30, 1)]
[Thu Jul 23 01:02:50.273526 2020] [wsgi:error] [pid 2630:tid 140413722818304] [remote 207.46.13.32:5591] Philippines
[Thu Jul 23 01:02:50.468246 2020] [wsgi:error] [pid 2630:tid 140413722818304] [remote 207.46.13.32:5591] [15363843, 629288, 1239684, 29890, '33 minutes', 7107, 278625, 45599, 1120, 784266, 9135078, 898, 72269, 1843, datetime.datetime(2020, 7, 23, 0, 30, 1)]
[Thu Jul 23 02:05:13.986434 2020] [wsgi:error] [pid 2630:tid 140413722818304] [remote 157.55.39.107:6641] Armenia
[Thu Jul 23 02:05:14.192246 2020] [wsgi:error] [pid 2630:tid 140413722818304] [remote 157.55.39.107:6641] [15371031, 630129, 1239684, 29890, '35 minutes', 790, 6106, 0, 0, 784266, 9142315, 898, 35693, 678, datetime.datetime(2020, 7, 23, 1, 30, 1)]
[Thu Jul 23 03:39:34.365588 2020] [wsgi:error] [pid 2630:tid 140413789959936] [remote 157.55.39.107:16430] Antigua and Barbuda
[Thu Jul 23 03:39:34.562455 2020] [wsgi:error] [pid 2630:tid 140413789959936] [remote 157.55.39.107:16430] [15374394, 630211, 1239684, 29890, '40 minutes', 868, 9068, 0, 0, 784266, 9143525, 898, 76, 3, datetime.datetime(2020, 7, 23, 3, 0, 1)]
[Thu Jul 23 03:39:34.801504 2020] [wsgi:error] [pid 2630:tid 140413722818304] [remote 157.55.39.107:16430] Seychelles
[Thu Jul 23 03:39:34.995518 2020] [wsgi:error] [pid 2630:tid 140413722818304] [remote 157.55.39.107:16430] [15374394, 630211, 1239684, 29890, '40 minutes', 868, 9068, 0, 0, 784266, 9143525, 898, 108, 0, datetime.datetime(2020, 7, 23, 3, 0, 1)]
[Thu Jul 23 03:42:13.005507 2020] [wsgi:error] [pid 2630:tid 140413789959936] [remote 207.46.13.5:5260] Namibia
[Thu Jul 23 03:42:13.200645 2020] [wsgi:error] [pid 2630:tid 140413789959936] [remote 207.46.13.5:5260] [15374394, 630211, 1239684, 29890, '42 minutes', 868, 9068, 0, 0, 784266, 9143525, 898, 1402, 7, datetime.datetime(2020, 7, 23, 3, 0, 1)]
[Thu Jul 23 05:36:28.770067 2020] [wsgi:error] [pid 2630:tid 140413722818304] [remote 157.55.39.247:17781] Djibouti
[Thu Jul 23 05:36:28.974121 2020] [wsgi:error] [pid 2630:tid 140413722818304] [remote 157.55.39.247:17781] [15379791, 630312, 1239684, 29890, '36 minutes', 954, 13998, 0, 0, 784266, 9148963, 898, 5030, 58, datetime.datetime(2020, 7, 23, 5, 0, 2)]
[Thu Jul 23 05:51:28.060334 2020] [wsgi:error] [pid 2630:tid 140413789959936] [remote 157.55.39.242:9046] Suriname
[Thu Jul 23 05:51:28.267841 2020] [wsgi:error] [pid 2630:tid 140413789959936] [remote 157.55.39.242:9046] [15379791, 630312, 1239684, 29890, '51 minutes', 954, 13998, 0, 0, 784266, 9148963, 898, 1176, 21, datetime.datetime(2020, 7, 23, 5, 0, 2)]
[Thu Jul 23 05:59:27.553505 2020] [autoindex:error] [pid 2631:tid 140413646087936] [client 122.177.69.97:43272] AH01276: Cannot serve directory /mpd/site/public/static/: No matching DirectoryIndex (index.html,index.cgi,index.pl,index.php,index.xhtml,index.htm) found, and server-generated directory index forbidden by Options directive, referer: https://coronastats.co.in/india/districtdetail?name=Delhi%20%20Delhi%20%20%20%20%202020-07-21%20%20%2015288%20%20%20%20%20125096%20%20%20%20%20%203690%20%20%20%20%20106118
[Thu Jul 23 06:00:24.138420 2020] [autoindex:error] [pid 2631:tid 140413587339008] [client 122.177.69.97:43428] AH01276: Cannot serve directory /mpd/site/public/static/: No matching DirectoryIndex (index.html,index.cgi,index.pl,index.php,index.xhtml,index.htm) found, and server-generated directory index forbidden by Options directive, referer: https://coronastats.co.in/india/districtdetail?name=Delhi%20%20Delhi%20%20%20%20%202020-07-21%20%20%2015288%20%20%20%20%20125096%20%20%20%20%20%203690%20%20%20%20%20106118
[Thu Jul 23 06:02:33.945577 2020] [autoindex:error] [pid 2632:tid 140413428008704] [client 122.177.69.97:43450] AH01276: Cannot serve directory /mpd/site/public/static/: No matching DirectoryIndex (index.html,index.cgi,index.pl,index.php,index.xhtml,index.htm) found, and server-generated directory index forbidden by Options directive, referer: https://coronastats.co.in/india/districtdetail?name=Haryana%20Faridabad
[Thu Jul 23 06:03:15.064045 2020] [wsgi:error] [pid 2630:tid 140413722818304] [remote 122.177.69.97:43460] Mexico
[Thu Jul 23 06:03:15.259588 2020] [wsgi:error] [pid 2630:tid 140413722818304] [remote 122.177.69.97:43460] [15379943, 630313, 1239684, 29890, '33 minutes', 955, 14150, 0, 0, 784266, 9149033, 898, 362274, 41190, datetime.datetime(2020, 7, 23, 5, 30, 1)]
[Thu Jul 23 06:03:36.129228 2020] [wsgi:error] [pid 2630:tid 140413789959936] [remote 122.177.69.97:43464] Morocco
[Thu Jul 23 06:03:36.322992 2020] [wsgi:error] [pid 2630:tid 140413789959936] [remote 122.177.69.97:43464] [15379943, 630313, 1239684, 29890, '34 minutes', 955, 14150, 0, 0, 784266, 9149033, 898, 17962, 285, datetime.datetime(2020, 7, 23, 5, 30, 1)]
[Thu Jul 23 06:06:24.078004 2020] [autoindex:error] [pid 2632:tid 140413469972224] [client 122.177.69.97:43494] AH01276: Cannot serve directory /mpd/site/public/static/: No matching DirectoryIndex (index.html,index.cgi,index.pl,index.php,index.xhtml,index.htm) found, and server-generated directory index forbidden by Options directive, referer: https://coronastats.co.in/india/districtdetail?name=Uttar%20Pradesh%20Gautam%20Buddha%20Nagar
[Thu Jul 23 06:06:52.230951 2020] [autoindex:error] [pid 2631:tid 140413730014976] [client 122.177.69.97:43498] AH01276: Cannot serve directory /mpd/site/public/static/: No matching DirectoryIndex (index.html,index.cgi,index.pl,index.php,index.xhtml,index.htm) found, and server-generated directory index forbidden by Options directive, referer: https://coronastats.co.in/india/districtdetail?name=Uttar%20Pradesh%20Gautam%20Buddha%20Nagar
[Thu Jul 23 06:23:10.053378 2020] [autoindex:error] [pid 2631:tid 140413688051456] [client 122.177.69.97:56300] AH01276: Cannot serve directory /mpd/site/public/static/: No matching DirectoryIndex (index.html,index.cgi,index.pl,index.php,index.xhtml,index.htm) found, and server-generated directory index forbidden by Options directive, referer: https://coronastats.co.in/india/districtdetail?name=Uttar%20Pradesh%20Gautam%20Buddha%20Nagar
Exception ignored in: <bound method BaseEventLoop.__del__ of <_UnixSelectorEventLoop running=False closed=False debug=False>>
Traceback (most recent call last):
  File "/usr/lib/python3.6/asyncio/base_events.py", line 526, in __del__
NameError: name 'ResourceWarning' is not defined
[Thu Jul 23 06:25:04.552019 2020] [ssl:warn] [pid 8177:tid 140413952969664] AH01909: www.coronastats.co.in:443:0 server certificate does NOT include an ID which matches the server name
[Thu Jul 23 07:14:58.626534 2020] [wsgi:error] [pid 25463:tid 140413823530752] [remote 207.46.13.5:22006] Syria
[Thu Jul 23 07:14:58.837502 2020] [wsgi:error] [pid 25463:tid 140413823530752] [remote 207.46.13.5:22006] [15380140, 630343, 1239693, 29890, '45 minutes', 985, 14347, 9, 0, 784266, 9149679, 898, 561, 32, datetime.datetime(2020, 7, 23, 6, 30, 1)]
[Thu Jul 23 07:31:20.062719 2020] [wsgi:error] [pid 25463:tid 140413823530752] [remote 207.46.13.32:11699] Kyrgyzstan
[Thu Jul 23 07:31:20.265773 2020] [wsgi:error] [pid 25463:tid 140413823530752] [remote 207.46.13.32:11699] [15382469, 630369, 1241416, 29904, '31 minutes', 1011, 16676, 1732, 14, 784432, 9150505, 899, 30349, 1169, datetime.datetime(2020, 7, 23, 7, 0, 1)]
[Thu Jul 23 10:30:53.638127 2020] [wsgi:error] [pid 25463:tid 140413823530752] [remote 157.55.39.107:19710] Liechtenstein
[Thu Jul 23 10:30:53.837681 2020] [wsgi:error] [pid 25463:tid 140413823530752] [remote 157.55.39.107:19710] [15398550, 630750, 1241654, 29906, '31 minutes', 1392, 32836, 1970, 16, 784440, 9167667, 899, 86, 1, datetime.datetime(2020, 7, 23, 10, 0, 2)]
[Thu Jul 23 10:53:15.681203 2020] [wsgi:error] [pid 25463:tid 140413789959936] [remote 157.55.39.107:7448] Estonia
[Thu Jul 23 10:53:15.888036 2020] [wsgi:error] [pid 25463:tid 140413789959936] [remote 157.55.39.107:7448] [15398550, 630750, 1241654, 29906, '53 minutes', 1392, 32836, 1970, 16, 784440, 9167667, 899, 2027, 69, datetime.datetime(2020, 7, 23, 10, 0, 2)]
[Thu Jul 23 11:16:31.913802 2020] [wsgi:error] [pid 25463:tid 140413823530752] [remote 157.55.39.107:14428] Channel Islands
[Thu Jul 23 11:16:32.127568 2020] [wsgi:error] [pid 25463:tid 140413823530752] [remote 157.55.39.107:14428] [15404628, 631005, 1241654, 29906, '16 minutes', 1647, 38914, 1970, 16, 784440, 9175726, 899, 583, 47, datetime.datetime(2020, 7, 23, 11, 0, 2)]
[Thu Jul 23 11:27:41.297249 2020] [wsgi:error] [pid 25463:tid 140413789959936] [remote 157.55.39.107:18943] Cayman Islands
[Thu Jul 23 11:27:41.503632 2020] [wsgi:error] [pid 25463:tid 140413789959936] [remote 157.55.39.107:18943] [15404628, 631005, 1241654, 29906, '28 minutes', 1647, 38914, 1970, 16, 784440, 9175726, 899, 203, 1, datetime.datetime(2020, 7, 23, 11, 0, 2)]
[Thu Jul 23 12:51:40.407590 2020] [wsgi:error] [pid 25463:tid 140413789959936] [remote 157.55.39.107:19694] Namibia
[Thu Jul 23 12:51:40.619299 2020] [wsgi:error] [pid 25463:tid 140413789959936] [remote 157.55.39.107:19694] [15406225, 631030, 1241687, 29906, '22 minutes', 1672, 40513, 2003, 16, 784460, 9176551, 899, 1402, 7, datetime.datetime(2020, 7, 23, 12, 30, 1)]
[Thu Jul 23 13:23:57.604204 2020] [wsgi:error] [pid 25463:tid 140413789959936] [remote 157.55.39.107:26269] Ireland
[Thu Jul 23 13:23:57.802274 2020] [wsgi:error] [pid 25463:tid 140413789959936] [remote 157.55.39.107:26269] [15415727, 631163, 1249812, 29998, '24 minutes', 1805, 50016, 10128, 108, 790765, 9185901, 905, 25819, 1754, datetime.datetime(2020, 7, 23, 13, 0, 2)]
[Thu Jul 23 13:30:18.175277 2020] [wsgi:error] [pid 25463:tid 140413823530752] [remote 157.55.39.106:1307] Andorra
[Thu Jul 23 13:30:18.378380 2020] [wsgi:error] [pid 25463:tid 140413823530752] [remote 157.55.39.106:1307] [15415727, 631163, 1249812, 29998, '30 minutes', 1805, 50016, 10128, 108, 790765, 9185901, 905, 889, 52, datetime.datetime(2020, 7, 23, 13, 0, 2)]
[Thu Jul 23 13:41:32.873871 2020] [wsgi:error] [pid 25463:tid 140413789959936] [remote 207.46.13.32:28221] Cameroon
[Thu Jul 23 13:41:33.081982 2020] [wsgi:error] [pid 25463:tid 140413789959936] [remote 207.46.13.32:28221] [15416143, 631173, 1249812, 29998, '12 minutes', 1815, 50432, 10128, 108, 790765, 9185914, 905, 16522, 382, datetime.datetime(2020, 7, 23, 13, 30, 2)]
[Thu Jul 23 13:48:42.412612 2020] [wsgi:error] [pid 25463:tid 140413789959936] [remote 157.55.39.106:10988] Hong Kong
[Thu Jul 23 13:48:42.622785 2020] [wsgi:error] [pid 25463:tid 140413789959936] [remote 157.55.39.106:10988] [15416143, 631173, 1249812, 29998, '19 minutes', 1815, 50432, 10128, 108, 790765, 9185914, 905, 2250, 15, datetime.datetime(2020, 7, 23, 13, 30, 2)]
[Thu Jul 23 14:07:51.048902 2020] [wsgi:error] [pid 25463:tid 140413789959936] [remote 157.55.39.242:19489] Saint Pierre Miquelon
[Thu Jul 23 14:07:51.247632 2020] [wsgi:error] [pid 25463:tid 140413789959936] [remote 157.55.39.242:19489] [15424595, 631238, 1257828, 30058, '8 minutes', 1880, 58884, 18144, 168, 796206, 9191793, 911, 4, 0, datetime.datetime(2020, 7, 23, 14, 0, 1)]
[Thu Jul 23 15:08:34.227578 2020] [autoindex:error] [pid 25465:tid 140413746800384] [client 47.30.195.185:45744] AH01276: Cannot serve directory /mpd/site/public/static/: No matching DirectoryIndex (index.html,index.cgi,index.pl,index.php,index.xhtml,index.htm) found, and server-generated directory index forbidden by Options directive, referer: https://coronastats.co.in/india/districtdetail?name=Punjab%20Gurdaspur
[Thu Jul 23 15:10:56.648540 2020] [autoindex:error] [pid 25464:tid 140413428008704] [client 47.30.195.185:45788] AH01276: Cannot serve directory /mpd/site/public/static/: No matching DirectoryIndex (index.html,index.cgi,index.pl,index.php,index.xhtml,index.htm) found, and server-generated directory index forbidden by Options directive, referer: https://coronastats.co.in/india/districtdetail?name=Ladakh%20Leh
[Thu Jul 23 15:11:24.887036 2020] [wsgi:error] [pid 25463:tid 140413823530752] [remote 47.30.195.185:45804] about 0.1597294583916664
[Thu Jul 23 15:41:28.652731 2020] [wsgi:error] [pid 25463:tid 140413823530752] [remote 157.55.39.106:2825] Iceland
[Thu Jul 23 15:41:28.863091 2020] [wsgi:error] [pid 25463:tid 140413823530752] [remote 157.55.39.106:2825] [15453084, 631681, 1263336, 30122, '11 minutes', 2323, 87373, 23652, 232, 800158, 9202010, 915, 1841, 10, datetime.datetime(2020, 7, 23, 15, 30, 1)]
[Thu Jul 23 15:55:44.433416 2020] [wsgi:error] [pid 25463:tid 140413789959936] [remote 157.55.39.107:19428] Diamond Princess
[Thu Jul 23 15:55:44.644928 2020] [wsgi:error] [pid 25463:tid 140413789959936] [remote 157.55.39.107:19428] [15453084, 631681, 1263336, 30122, '26 minutes', 2323, 87373, 23652, 232, 800158, 9202010, 915, 712, 13, datetime.datetime(2020, 7, 23, 15, 30, 1)]
[Thu Jul 23 16:23:39.923380 2020] [wsgi:error] [pid 25463:tid 140413789959936] [remote 157.55.39.186:14530] Botswana
[Thu Jul 23 16:23:40.133217 2020] [wsgi:error] [pid 25463:tid 140413789959936] [remote 157.55.39.186:14530] [15486197, 632368, 1284638, 30601, '24 minutes', 3010, 120486, 44954, 711, 814912, 9218506, 930, 522, 1, datetime.datetime(2020, 7, 23, 16, 0, 1)]
[Thu Jul 23 16:28:26.232025 2020] [wsgi:error] [pid 25463:tid 140413789959936] [remote 157.55.39.186:7342] 
[Thu Jul 23 16:28:28.432793 2020] [wsgi:error] [pid 25463:tid 140413789959936] [remote 157.55.39.186:7342] [15486197, 632368, 1284638, 30601, '28 minutes', 3010, 120486, 44954, 711, 814912, 9218506, 930, datetime.datetime(2020, 7, 23, 16, 0, 1)]
[Thu Jul 23 16:39:10.070850 2020] [wsgi:error] [pid 25463:tid 140413789959936] [remote 207.46.13.5:21605] South Sudan
[Thu Jul 23 16:39:10.264699 2020] [wsgi:error] [pid 25463:tid 140413789959936] [remote 207.46.13.5:21605] [15495031, 632490, 1284638, 30601, '11 minutes', 3132, 129320, 44954, 711, 814912, 9218967, 930, 2211, 45, datetime.datetime(2020, 7, 23, 16, 28, 1)]
[Thu Jul 23 16:54:10.241953 2020] [wsgi:error] [pid 25463:tid 140413823530752] [remote 157.55.39.107:3642] Sri Lanka
[Thu Jul 23 16:54:10.439828 2020] [wsgi:error] [pid 25463:tid 140413823530752] [remote 157.55.39.107:3642] [15495031, 632490, 1284638, 30601, '26 minutes', 3132, 129320, 44954, 711, 814912, 9218967, 930, 2753, 11, datetime.datetime(2020, 7, 23, 16, 28, 1)]
[Thu Jul 23 20:06:06.303897 2020] [wsgi:error] [pid 25463:tid 140413823530752] [remote 157.55.39.242:15953] St. Barth
[Thu Jul 23 20:06:06.513928 2020] [wsgi:error] [pid 25463:tid 140413823530752] [remote 157.55.39.242:15953] [15530121, 633034, 1288130, 30645, '36 minutes', 3677, 164204, 48446, 755, 817554, 9240769, 933, 6, 0, datetime.datetime(2020, 7, 23, 19, 30, 1)]
[Thu Jul 23 22:20:33.445056 2020] [wsgi:error] [pid 25463:tid 140413789959936] [remote 157.55.39.106:6963] Lebanon
[Thu Jul 23 22:20:33.650539 2020] [wsgi:error] [pid 25463:tid 140413789959936] [remote 157.55.39.106:6963] [15610580, 634722, 1288130, 30645, '21 minutes', 5365, 244663, 48446, 755, 817593, 9265398, 933, 3260, 43, datetime.datetime(2020, 7, 23, 22, 0, 1)]
[Thu Jul 23 22:31:48.381596 2020] [wsgi:error] [pid 25463:tid 140413789959936] [remote 157.55.39.107:21837] Rwanda
[Thu Jul 23 22:31:48.590174 2020] [wsgi:error] [pid 25463:tid 140413789959936] [remote 157.55.39.107:21837] [15610580, 634722, 1288130, 30645, '32 minutes', 5365, 244663, 48446, 755, 817593, 9265398, 933, 1710, 5, datetime.datetime(2020, 7, 23, 22, 0, 1)]
[Thu Jul 23 23:28:33.105831 2020] [wsgi:error] [pid 25463:tid 140413789959936] [remote 207.46.13.5:16921] Lebanon
[Thu Jul 23 23:28:33.319821 2020] [wsgi:error] [pid 25463:tid 140413789959936] [remote 207.46.13.5:16921] [15632709, 635413, 1288130, 30645, '29 minutes', 6056, 266792, 48446, 755, 817593, 9320615, 933, 3260, 43, datetime.datetime(2020, 7, 23, 23, 0, 1)]
[Thu Jul 23 23:38:29.784481 2020] [wsgi:error] [pid 25463:tid 140413789959936] [remote 157.55.39.107:10411] Poland
[Thu Jul 23 23:38:29.987999 2020] [wsgi:error] [pid 25463:tid 140413789959936] [remote 157.55.39.107:10411] [15632709, 635413, 1288130, 30645, '38 minutes', 6056, 266792, 48446, 755, 817593, 9320615, 933, 41580, 1651, datetime.datetime(2020, 7, 23, 23, 0, 1)]
[Fri Jul 24 00:31:45.131750 2020] [wsgi:error] [pid 25463:tid 140413706032896] [remote 157.55.39.106:11509] Cuba
[Fri Jul 24 00:31:45.352645 2020] [wsgi:error] [pid 25463:tid 140413706032896] [remote 157.55.39.106:11509] [15639196, 635590, 1288130, 30645, '32 minutes', 6233, 273279, 48446, 755, 817593, 9322396, 933, 2466, 87, datetime.datetime(2020, 7, 24, 0, 0, 1)]
[Fri Jul 24 00:53:21.804400 2020] [wsgi:error] [pid 25463:tid 140413815138048] [remote 157.55.39.107:8119] R\xc3\xa9union
[Fri Jul 24 00:53:22.030841 2020] [wsgi:error] [pid 25463:tid 140413815138048] [remote 157.55.39.107:8119] [15639706, 635597, 1288130, 30645, '23 minutes', 6240, 273789, 48446, 755, 817593, 9322584, 933, 646, 3, datetime.datetime(2020, 7, 24, 0, 30, 1)]
[Fri Jul 24 01:14:44.037603 2020] [wsgi:error] [pid 25463:tid 140413815138048] [remote 207.46.13.5:17396] Faeroe Islands
[Fri Jul 24 01:14:44.246397 2020] [wsgi:error] [pid 25463:tid 140413815138048] [remote 207.46.13.5:17396] [15639706, 635597, 1288130, 30645, '45 minutes', 6240, 273789, 48446, 755, 817593, 9322584, 933, 191, 0, datetime.datetime(2020, 7, 24, 0, 30, 1)]
[Fri Jul 24 01:23:52.957104 2020] [wsgi:error] [pid 25463:tid 140413815138048] [remote 157.55.39.186:17883] Costa Rica
[Fri Jul 24 01:23:53.163723 2020] [wsgi:error] [pid 25463:tid 140413815138048] [remote 157.55.39.186:17883] [15641906, 635666, 1288130, 30645, '24 minutes', 6309, 275989, 48446, 755, 817593, 9324164, 933, 13129, 80, datetime.datetime(2020, 7, 24, 1, 0, 2)]
[Fri Jul 24 01:56:38.718825 2020] [autoindex:error] [pid 25464:tid 140413832447744] [client 47.30.208.140:41428] AH01276: Cannot serve directory /mpd/site/public/static/: No matching DirectoryIndex (index.html,index.cgi,index.pl,index.php,index.xhtml,index.htm) found, and server-generated directory index forbidden by Options directive, referer: https://coronastats.co.in/india/districtdetail?name=Haryana%20%20Faridabad%20%20%20%20%20%20%20%20%202020-07-22%20%20%20%201328%20%20%20%20%20%20%206853%20%20%20%20%20%20%20114%20%20%20%20%20%20%205411
[Fri Jul 24 02:11:11.759929 2020] [wsgi:error] [pid 25463:tid 140413815138048] [remote 157.55.39.242:1103] French Polynesia
[Fri Jul 24 02:11:11.963710 2020] [wsgi:error] [pid 25463:tid 140413815138048] [remote 157.55.39.242:1103] [15650441, 636384, 1288130, 30645, '41 minutes', 718, 8465, 0, 0, 817593, 9328991, 933, 62, 0, datetime.datetime(2020, 7, 24, 1, 30, 1)]
[Fri Jul 24 03:28:17.257969 2020] [wsgi:error] [pid 25463:tid 140413789959936] [remote 157.55.39.106:20864] MS Zaandam
[Fri Jul 24 03:28:17.467966 2020] [wsgi:error] [pid 25463:tid 140413789959936] [remote 157.55.39.106:20864] [15651911, 636470, 1288130, 30645, '28 minutes', 804, 9924, 0, 0, 817593, 9329493, 933, 9, 2, datetime.datetime(2020, 7, 24, 3, 0, 1)]
[Fri Jul 24 03:34:09.393779 2020] [wsgi:error] [pid 25463:tid 140413815138048] [remote 207.46.13.5:3191] Luxembourg
[Fri Jul 24 03:34:09.601925 2020] [wsgi:error] [pid 25463:tid 140413815138048] [remote 207.46.13.5:3191] [15651911, 636470, 1288130, 30645, '34 minutes', 804, 9924, 0, 0, 817593, 9329493, 933, 5952, 112, datetime.datetime(2020, 7, 24, 3, 0, 1)]
[Fri Jul 24 03:34:12.319749 2020] [wsgi:error] [pid 25463:tid 140413815138048] [remote 207.46.13.5:4203] Azerbaijan
[Fri Jul 24 03:34:12.515260 2020] [wsgi:error] [pid 25463:tid 140413815138048] [remote 207.46.13.5:4203] [15651911, 636470, 1288130, 30645, '34 minutes', 804, 9924, 0, 0, 817593, 9329493, 933, 28980, 391, datetime.datetime(2020, 7, 24, 3, 0, 1)]
[Fri Jul 24 04:48:52.283090 2020] [autoindex:error] [pid 25464:tid 140413704836864] [client 47.31.54.134:19862] AH01276: Cannot serve directory /mpd/site/public/static/: No matching DirectoryIndex (index.html,index.cgi,index.pl,index.php,index.xhtml,index.htm) found, and server-generated directory index forbidden by Options directive, referer: https://coronastats.co.in/india/districtdetail?name=Assam%20Kokrajhar
[Fri Jul 24 04:49:30.204324 2020] [wsgi:error] [pid 25463:tid 140413815138048] [remote 47.31.54.134:32860] Armenia
[Fri Jul 24 04:49:30.603266 2020] [wsgi:error] [pid 25463:tid 140413815138048] [remote 47.31.54.134:32860] [15592603, 634483, 1288130, 30645, '19 minutes', 813, 12643, 0, 0, 817593, 9287706, 933, 36162, 688, datetime.datetime(2020, 7, 24, 4, 30, 1)]
[Fri Jul 24 05:10:16.295451 2020] [autoindex:error] [pid 25465:tid 140413428008704] [client 47.31.54.134:34664] AH01276: Cannot serve directory /mpd/site/public/static/: No matching DirectoryIndex (index.html,index.cgi,index.pl,index.php,index.xhtml,index.htm) found, and server-generated directory index forbidden by Options directive, referer: https://coronastats.co.in/india/districtdetail?name=Madhya%20Pradesh%20Morena
[Fri Jul 24 05:11:29.493761 2020] [wsgi:error] [pid 25463:tid 140413815138048] [remote 47.31.54.134:33227] about 0.1776905357837677
[Fri Jul 24 05:19:28.525984 2020] [wsgi:error] [pid 25463:tid 140413815138048] [remote 157.55.39.107:10327] Estonia
[Fri Jul 24 05:19:28.739766 2020] [wsgi:error] [pid 25463:tid 140413815138048] [remote 157.55.39.107:10327] [15654649, 636479, 1288130, 30645, '49 minutes', 813, 12662, 0, 0, 817593, 9329792, 933, 2027, 69, datetime.datetime(2020, 7, 24, 4, 30, 1)]
[Fri Jul 24 05:44:30.828889 2020] [autoindex:error] [pid 25464:tid 140413832447744] [client 47.31.59.54:24952] AH01276: Cannot serve directory /mpd/site/public/static/: No matching DirectoryIndex (index.html,index.cgi,index.pl,index.php,index.xhtml,index.htm) found, and server-generated directory index forbidden by Options directive, referer: https://coronastats.co.in/india/districtdetail?name=Madhya%20Pradesh%20Bhopal
[Fri Jul 24 05:44:54.935011 2020] [wsgi:error] [pid 25463:tid 140413815138048] [remote 207.46.13.5:14852] Gabon
[Fri Jul 24 05:44:55.137926 2020] [wsgi:error] [pid 25463:tid 140413815138048] [remote 207.46.13.5:14852] [15656766, 636575, 1288130, 30645, '45 minutes', 909, 14779, 0, 0, 817593, 9337649, 933, 6588, 47, datetime.datetime(2020, 7, 24, 5, 0, 3)]
[Fri Jul 24 05:45:25.919763 2020] [wsgi:error] [pid 25463:tid 140413815138048] [remote 207.46.13.32:16406] Guinea
[Fri Jul 24 05:45:26.149953 2020] [wsgi:error] [pid 25463:tid 140413815138048] [remote 207.46.13.32:16406] [15656766, 636575, 1288130, 30645, '45 minutes', 909, 14779, 0, 0, 817593, 9337649, 933, 6806, 42, datetime.datetime(2020, 7, 24, 5, 0, 3)]
[Fri Jul 24 06:10:54.093537 2020] [wsgi:error] [pid 25463:tid 140413815138048] [remote 157.55.39.106:12305] Madagascar
[Fri Jul 24 06:10:54.307751 2020] [wsgi:error] [pid 25463:tid 140413815138048] [remote 157.55.39.106:12305] [15656884, 636576, 1288130, 30645, '41 minutes', 910, 14897, 0, 0, 817593, 9338917, 933, 8381, 70, datetime.datetime(2020, 7, 24, 5, 30, 2)]
[Fri Jul 24 06:17:53.466845 2020] [wsgi:error] [pid 25463:tid 140413815138048] [remote 157.55.39.107:19173] Vatican City
[Fri Jul 24 06:17:53.671037 2020] [wsgi:error] [pid 25463:tid 140413815138048] [remote 157.55.39.107:19173] [15656884, 636576, 1288130, 30645, '48 minutes', 910, 14897, 0, 0, 817593, 9338917, 933, 12, 0, datetime.datetime(2020, 7, 24, 5, 30, 2)]
[Fri Jul 24 06:21:48.946640 2020] [wsgi:error] [pid 25463:tid 140413815138048] [remote 157.55.39.107:19771] Zimbabwe
[Fri Jul 24 06:21:49.145610 2020] [wsgi:error] [pid 25463:tid 140413815138048] [remote 157.55.39.107:19771] [15656884, 636576, 1288130, 30645, '22 minutes', 910, 14897, 0, 0, 817593, 9338917, 933, 2124, 28, datetime.datetime(2020, 7, 24, 6, 0, 1)]
Exception ignored in: <bound method BaseEventLoop.__del__ of <_UnixSelectorEventLoop running=False closed=False debug=False>>
Traceback (most recent call last):
  File "/usr/lib/python3.6/asyncio/base_events.py", line 526, in __del__
NameError: name 'ResourceWarning' is not defined
[Fri Jul 24 06:25:04.593004 2020] [ssl:warn] [pid 8177:tid 140413952969664] AH01909: www.coronastats.co.in:443:0 server certificate does NOT include an ID which matches the server name
[Fri Jul 24 07:55:54.492988 2020] [wsgi:error] [pid 20292:tid 140413823530752] [remote 157.55.39.107:21380] Afghanistan
[Fri Jul 24 07:55:54.702366 2020] [wsgi:error] [pid 20292:tid 140413823530752] [remote 157.55.39.107:21380] [15660556, 636633, 1290284, 30657, '26 minutes', 967, 18569, 2154, 12, 817738, 9340551, 934, 35981, 1225, datetime.datetime(2020, 7, 24, 7, 30, 1)]
[Fri Jul 24 08:31:16.783527 2020] [autoindex:error] [pid 20293:tid 140413721622272] [client 47.31.59.54:33240] AH01276: Cannot serve directory /mpd/site/public/static/: No matching DirectoryIndex (index.html,index.cgi,index.pl,index.php,index.xhtml,index.htm) found, and server-generated directory index forbidden by Options directive, referer: https://coronastats.co.in/india/districtdetail?name=Arunachal%20Pradesh%20Anjaw
[Fri Jul 24 08:43:22.622858 2020] [wsgi:error] [pid 20292:tid 140413823530752] [remote 207.46.13.32:16789] CAR
[Fri Jul 24 08:43:22.865990 2020] [wsgi:error] [pid 20292:tid 140413823530752] [remote 207.46.13.32:16789] [15666840, 636787, 1290284, 30657, '43 minutes', 1121, 24853, 2154, 12, 817738, 9349041, 934, 4590, 58, datetime.datetime(2020, 7, 24, 8, 0, 1)]
[Fri Jul 24 08:43:28.263478 2020] [autoindex:error] [pid 20293:tid 140413604124416] [client 47.31.59.54:23467] AH01276: Cannot serve directory /mpd/site/public/static/: No matching DirectoryIndex (index.html,index.cgi,index.pl,index.php,index.xhtml,index.htm) found, and server-generated directory index forbidden by Options directive, referer: https://coronastats.co.in/india/districtdetail?name=Uttar%20Pradesh%20Gautam%20Buddha%20Nagar
[Fri Jul 24 08:53:10.385245 2020] [autoindex:error] [pid 20294:tid 140413671266048] [client 47.31.38.41:36037] AH01276: Cannot serve directory /mpd/site/public/static/: No matching DirectoryIndex (index.html,index.cgi,index.pl,index.php,index.xhtml,index.htm) found, and server-generated directory index forbidden by Options directive, referer: https://coronastats.co.in/india/districtdetail?name=West%20Bengal%20Uttar%20Dinajpur
[Fri Jul 24 09:01:00.734311 2020] [autoindex:error] [pid 20294:tid 140413637695232] [client 47.31.38.41:22721] AH01276: Cannot serve directory /mpd/site/public/static/: No matching DirectoryIndex (index.html,index.cgi,index.pl,index.php,index.xhtml,index.htm) found, and server-generated directory index forbidden by Options directive, referer: https://coronastats.co.in/india/districtdetail?name=West%20Bengal%20Uttar%20Dinajpur
[Fri Jul 24 09:01:34.363956 2020] [autoindex:error] [pid 20293:tid 140413595731712] [client 47.31.38.41:31279] AH01276: Cannot serve directory /mpd/site/public/static/: No matching DirectoryIndex (index.html,index.cgi,index.pl,index.php,index.xhtml,index.htm) found, and server-generated directory index forbidden by Options directive, referer: https://coronastats.co.in/india/districtdetail?name=Uttar%20Pradesh%20Gautam%20Buddha%20Nagar
[Fri Jul 24 09:05:55.849837 2020] [autoindex:error] [pid 20293:tid 140413654480640] [client 122.177.69.97:55686] AH01276: Cannot serve directory /mpd/site/public/static/: No matching DirectoryIndex (index.html,index.cgi,index.pl,index.php,index.xhtml,index.htm) found, and server-generated directory index forbidden by Options directive, referer: https://coronastats.co.in/india/districtdetail?name=Rajasthan%20Ganganagar
[Fri Jul 24 09:07:43.134211 2020] [autoindex:error] [pid 20293:tid 140413713229568] [client 122.177.69.97:56306] AH01276: Cannot serve directory /mpd/site/public/static/: No matching DirectoryIndex (index.html,index.cgi,index.pl,index.php,index.xhtml,index.htm) found, and server-generated directory index forbidden by Options directive, referer: https://coronastats.co.in/india/districtdetail?name=Rajasthan%20Ganganagar
[Fri Jul 24 09:11:05.646483 2020] [wsgi:error] [pid 20292:tid 140413823530752] [remote 122.177.69.97:57940] Albania
[Fri Jul 24 09:11:05.850196 2020] [wsgi:error] [pid 20292:tid 140413823530752] [remote 122.177.69.97:57940] [15666840, 636789, 1290284, 30657, '41 minutes', 1123, 24853, 2154, 12, 817738, 9349041, 934, 4466, 123, datetime.datetime(2020, 7, 24, 8, 30, 1)]
Exception ignored in: <bound method BaseEventLoop.__del__ of <_UnixSelectorEventLoop running=False closed=False debug=False>>
Traceback (most recent call last):
  File "/usr/lib/python3.6/asyncio/base_events.py", line 526, in __del__
NameError: name 'ResourceWarning' is not defined
[Fri Jul 24 09:12:36.750304 2020] [ssl:warn] [pid 23284:tid 140320510249920] AH01909: www.coronastats.co.in:443:0 server certificate does NOT include an ID which matches the server name
[Fri Jul 24 09:12:36.773193 2020] [ssl:warn] [pid 23293:tid 140320510249920] AH01909: www.coronastats.co.in:443:0 server certificate does NOT include an ID which matches the server name
[Fri Jul 24 09:12:43.364971 2020] [wsgi:error] [pid 23296:tid 140320347342592] [remote 47.31.38.41:17950] Argentina
[Fri Jul 24 09:12:43.575777 2020] [wsgi:error] [pid 23296:tid 140320347342592] [remote 47.31.38.41:17950] [15666840, 636789, 1290284, 30657, '43 minutes', 1123, 24853, 2154, 12, 817738, 9349041, 934, 148027, 2702, datetime.datetime(2020, 7, 24, 8, 30, 1)]
[Fri Jul 24 09:13:08.479028 2020] [autoindex:error] [pid 23297:tid 140320230582016] [client 47.31.38.41:35218] AH01276: Cannot serve directory /mpd/site/public/static/: No matching DirectoryIndex (index.html,index.cgi,index.pl,index.php,index.xhtml,index.htm) found, and server-generated directory index forbidden by Options directive, referer: https://coronastats.co.in/india/districtdetail?name=Haryana%20Jind
Exception ignored in: <bound method BaseEventLoop.__del__ of <_UnixSelectorEventLoop running=False closed=False debug=False>>
Traceback (most recent call last):
  File "/usr/lib/python3.6/asyncio/base_events.py", line 526, in __del__
NameError: name 'ResourceWarning' is not defined
[Fri Jul 24 09:23:19.594418 2020] [ssl:warn] [pid 23606:tid 139839053163456] AH01909: www.coronastats.co.in:443:0 server certificate does NOT include an ID which matches the server name
[Fri Jul 24 09:23:19.611740 2020] [ssl:warn] [pid 23610:tid 139839053163456] AH01909: www.coronastats.co.in:443:0 server certificate does NOT include an ID which matches the server name
[Fri Jul 24 09:23:38.547628 2020] [autoindex:error] [pid 23614:tid 139838766413568] [client 47.31.38.41:28483] AH01276: Cannot serve directory /mpd/site/public/static/: No matching DirectoryIndex (index.html,index.cgi,index.pl,index.php,index.xhtml,index.htm) found, and server-generated directory index forbidden by Options directive, referer: https://coronastats.co.in/india/districtdetail?name=Haryana%20%20Jhajjar%20%20%20%20%20%20%20%20%20%20%202020-07-23%20%20%20%20%20178%20%20%20%20%20%20%20%20719%20%20%20%20%20%20%20%20%209%20%20%20%20%20%20%20%20532
Exception ignored in: <bound method BaseEventLoop.__del__ of <_UnixSelectorEventLoop running=False closed=False debug=False>>
Traceback (most recent call last):
  File "/usr/lib/python3.6/asyncio/base_events.py", line 526, in __del__
NameError: name 'ResourceWarning' is not defined
[Fri Jul 24 09:25:04.706736 2020] [ssl:warn] [pid 23752:tid 140628236655552] AH01909: www.coronastats.co.in:443:0 server certificate does NOT include an ID which matches the server name
[Fri Jul 24 09:25:04.725348 2020] [ssl:warn] [pid 23758:tid 140628236655552] AH01909: www.coronastats.co.in:443:0 server certificate does NOT include an ID which matches the server name
[Fri Jul 24 09:25:27.653732 2020] [wsgi:error] [pid 23761:tid 140628107319040] [remote 47.31.38.41:26267] Aruba
[Fri Jul 24 09:25:27.859011 2020] [wsgi:error] [pid 23761:tid 140628107319040] [remote 47.31.38.41:26267] [15672297, 636836, 1290284, 30657, '25 minutes', 1177, 30359, 2154, 12, 817738, 9353078, 934, 117, 3, datetime.datetime(2020, 7, 24, 9, 0, 2)]
[Fri Jul 24 09:26:56.430997 2020] [wsgi:error] [pid 23761:tid 140628073748224] [remote 47.31.38.41:25718] Argentina
[Fri Jul 24 09:26:56.628010 2020] [wsgi:error] [pid 23761:tid 140628073748224] [remote 47.31.38.41:25718] [15672297, 636836, 1290284, 30657, '27 minutes', 1177, 30359, 2154, 12, 817738, 9353078, 934, 148027, 2702, datetime.datetime(2020, 7, 24, 9, 0, 2)]
[Fri Jul 24 09:29:47.010890 2020] [wsgi:error] [pid 23761:tid 140628107319040] [remote 207.46.13.32:2356] Anguilla
